06-06 17:05:35.446  1803  9611 D CompatibilityInfo: mCompatibilityFlags - 0
06-06 17:05:35.446  1803  9611 D CompatibilityInfo: applicationDensity - 440
06-06 17:05:35.446  1803  9611 D CompatibilityInfo: applicationScale - 1.0
06-06 17:05:35.549   911 32324 I WifiHAL : event received NL80211_CMD_VENDOR, vendor_id = 0x1374, subcmd = 0xd
06-06 17:05:35.549  1551  1551 I cnss-daemon: nl80211 response handler invoked
06-06 17:05:35.549  1551  1551 I cnss-daemon: nl80211_response_handler: cmd 103, vendorID 4980, subcmd 13  received
06-06 17:05:36.435  1803 11137 D CompatibilityInfo: mCompatibilityFlags - 0
06-06 17:05:36.435  1803 11137 D CompatibilityInfo: applicationDensity - 440
06-06 17:05:36.435  1803 11137 D CompatibilityInfo: applicationScale - 1.0
06-06 17:05:36.518  1803  1903 D CompatibilityInfo: mCompatibilityFlags - 0
06-06 17:05:36.518  1803  1903 D CompatibilityInfo: applicationDensity - 440
06-06 17:05:36.518  1803  1903 D CompatibilityInfo: applicationScale - 1.0
06-06 17:05:36.528  1803  5008 I MiuiNetworkPolicy: updateUidState uid = 99230, uidState = 10
06-06 17:05:36.530  1803  8924 D CompatibilityInfo: mCompatibilityFlags - 0
06-06 17:05:36.530  1803  8924 D CompatibilityInfo: applicationDensity - 440
06-06 17:05:36.531  1803  8924 D CompatibilityInfo: applicationScale - 1.0
06-06 17:05:36.544  8866 12214 I com.miui.daemo: oneway function results will be dropped but finished with status OK and parcel size 4
06-06 17:05:36.545  8866 12214 I com.miui.daemo: oneway function results will be dropped but finished with status OK and parcel size 4
06-06 17:05:36.602  1803  1903 D CompatibilityInfo: mCompatibilityFlags - 0
06-06 17:05:36.602  1803  1903 D CompatibilityInfo: applicationDensity - 440
06-06 17:05:36.602  1803  1903 D CompatibilityInfo: applicationScale - 1.0
06-06 17:05:37.554   911 32324 I WifiHAL : event received NL80211_CMD_VENDOR, vendor_id = 0x1374, subcmd = 0xd
06-06 17:05:37.555  1551  1551 I cnss-daemon: nl80211 response handler invoked
06-06 17:05:37.555  1551  1551 I cnss-daemon: nl80211_response_handler: cmd 103, vendorID 4980, subcmd 13  received
06-06 17:05:38.120  1803  9611 D CompatibilityInfo: mCompatibilityFlags - 0
06-06 17:05:38.120  1803  9611 D CompatibilityInfo: applicationDensity - 440
06-06 17:05:38.120  1803  9611 D CompatibilityInfo: applicationScale - 1.0
06-06 17:05:38.839 24415 24440 I Finsky:background: [30814] got.run(36): Stats for Executor: bgExecutor iwk@75c61df[Running, pool size = 0, active threads = 0, queued tasks = 0, completed tasks = 0]
06-06 17:05:38.987 29857 29857 I MemoryOptimizationService: kill process [Handler (com.android.settings.services.MemoryOptimizationService$MemoryHandler) {de8f87e}] [false]-> com.android.settings,true
06-06 17:05:38.996 29857 29857 D MemoryOptimizationService: Delay killing the Settings process ->
06-06 17:05:38.996 29857 29857 I MemoryOptimizationService: Invalid message -> com.android.settings,1
06-06 17:05:38.997 29857 29857 I MemoryOptimizationService: kill process [Handler (com.android.settings.services.MemoryOptimizationService$MemoryHandler) {de8f87e}] [false]-> com.android.settings,true
06-06 17:05:38.997 29857 29857 D MemoryOptimizationService: Delay killing the Settings process ->
06-06 17:05:39.203  1803 11137 D CompatibilityInfo: mCompatibilityFlags - 0
06-06 17:05:39.203  1803 11137 D CompatibilityInfo: applicationDensity - 440
06-06 17:05:39.204  1803 11137 D CompatibilityInfo: applicationScale - 1.0
06-06 17:05:39.345 29119 30039 W ChimeraUtils: Module com.google.android.gms.gcm has empty metadata display_name_string_id
06-06 17:05:39.358  1803  1903 D CompatibilityInfo: mCompatibilityFlags - 0
06-06 17:05:39.358  1803  1903 D CompatibilityInfo: applicationDensity - 440
06-06 17:05:39.358  1803  1903 D CompatibilityInfo: applicationScale - 1.0
06-06 17:05:39.362  1803  9611 D CompatibilityInfo: mCompatibilityFlags - 0
06-06 17:05:39.362  1803  9611 D CompatibilityInfo: applicationDensity - 440
06-06 17:05:39.362  1803  9611 D CompatibilityInfo: applicationScale - 1.0
06-06 17:05:39.384  1803 11137 D CompatibilityInfo: mCompatibilityFlags - 0
06-06 17:05:39.384  1803 11137 D CompatibilityInfo: applicationDensity - 440
06-06 17:05:39.384  1803 11137 D CompatibilityInfo: applicationScale - 1.0
06-06 17:05:39.385  1803  1942 D Process : audio-opt: audio thread tid = 31271 could not get bg policy.
06-06 17:05:39.408 29119 30039 W ChimeraUtils: Module com.google.android.gms.gcm has empty metadata display_name_string_id
06-06 17:05:39.423  1803  1903 D CompatibilityInfo: mCompatibilityFlags - 0
06-06 17:05:39.423  1803  1903 D CompatibilityInfo: applicationDensity - 440
06-06 17:05:39.423  1803  1903 D CompatibilityInfo: applicationScale - 1.0
06-06 17:05:39.426  1803 11137 D CompatibilityInfo: mCompatibilityFlags - 0
06-06 17:05:39.426  1803 11137 D CompatibilityInfo: applicationDensity - 440
06-06 17:05:39.426  1803 11137 D CompatibilityInfo: applicationScale - 1.0
06-06 17:05:39.435  1803  9611 D CompatibilityInfo: mCompatibilityFlags - 0
06-06 17:05:39.435  1803  9611 D CompatibilityInfo: applicationDensity - 440
06-06 17:05:39.435  1803  9611 D CompatibilityInfo: applicationScale - 1.0
06-06 17:05:39.437  1803  1942 D Process : audio-opt: audio thread tid = 31271 could not get bg policy.
06-06 17:05:39.442  1803  1903 D CompatibilityInfo: mCompatibilityFlags - 0
06-06 17:05:39.443  1803  1903 D CompatibilityInfo: applicationDensity - 440
06-06 17:05:39.443  1803  1903 D CompatibilityInfo: applicationScale - 1.0
06-06 17:05:39.551  1551  1551 I cnss-daemon: nl80211 response handler invoked
06-06 17:05:39.551  1551  1551 I cnss-daemon: nl80211_response_handler: cmd 103, vendorID 4980, subcmd 13  received
06-06 17:05:39.551   911 32324 I WifiHAL : event received NL80211_CMD_VENDOR, vendor_id = 0x1374, subcmd = 0xd
06-06 17:05:39.750  1803  1903 D CompatibilityInfo: mCompatibilityFlags - 0
06-06 17:05:39.750  1803  1903 D CompatibilityInfo: applicationDensity - 440
06-06 17:05:39.750  1803  1903 D CompatibilityInfo: applicationScale - 1.0
06-06 17:05:39.924  1803  1903 D CompatibilityInfo: mCompatibilityFlags - 0
06-06 17:05:39.924  1803  1903 D CompatibilityInfo: applicationDensity - 440
06-06 17:05:39.924  1803  1903 D CompatibilityInfo: applicationScale - 1.0
06-06 17:05:39.976  1803  1903 D CompatibilityInfo: mCompatibilityFlags - 0
06-06 17:05:39.976  1803  1903 D CompatibilityInfo: applicationDensity - 440
06-06 17:05:39.976  1803  1903 D CompatibilityInfo: applicationScale - 1.0
06-06 17:05:40.141 19820 31143 W Notification: Bubbles work best with icons of TYPE_URI or TYPE_URI_ADAPTIVE_BITMAP. In the future, using an icon of this type will be required.
06-06 17:05:40.162 13244  2799 D androidtc: Initializing SystemTextClassifier, type = System
06-06 17:05:40.190 13244 22862 E txtClsf : actions-suggestions.cc:1450: Messages are not sorted most recent last.
06-06 17:05:40.192  1803 11137 D CompatibilityInfo: mCompatibilityFlags - 0
06-06 17:05:40.192  1803 11137 D CompatibilityInfo: applicationDensity - 440
06-06 17:05:40.192  1803 11137 D CompatibilityInfo: applicationScale - 1.0
06-06 17:05:40.213  1803  9611 D CompatibilityInfo: mCompatibilityFlags - 0
06-06 17:05:40.213  1803  9611 D CompatibilityInfo: applicationDensity - 440
06-06 17:05:40.213  1803  9611 D CompatibilityInfo: applicationScale - 1.0
06-06 17:05:40.225  1803  9611 D CompatibilityInfo: mCompatibilityFlags - 0
06-06 17:05:40.225  1803  9611 D CompatibilityInfo: applicationDensity - 440
06-06 17:05:40.225  1803  9611 D CompatibilityInfo: applicationScale - 1.0
06-06 17:05:40.245  1803  5910 D CompatibilityInfo: mCompatibilityFlags - 0
06-06 17:05:40.245  1803  5910 D CompatibilityInfo: applicationDensity - 440
06-06 17:05:40.246  1803  5910 D CompatibilityInfo: applicationScale - 1.0
06-06 17:05:40.279  1803 11137 D CompatibilityInfo: mCompatibilityFlags - 0
06-06 17:05:40.279  1803 11137 D CompatibilityInfo: applicationDensity - 440
06-06 17:05:40.279  1803 11137 D CompatibilityInfo: applicationScale - 1.0
06-06 17:05:40.305  1803  9611 D CompatibilityInfo: mCompatibilityFlags - 0
06-06 17:05:40.305  1803  9611 D CompatibilityInfo: applicationDensity - 440
06-06 17:05:40.305  1803  9611 D CompatibilityInfo: applicationScale - 1.0
06-06 17:05:40.336  1803 11137 D CompatibilityInfo: mCompatibilityFlags - 0
06-06 17:05:40.336  1803 11137 D CompatibilityInfo: applicationDensity - 440
06-06 17:05:40.336  1803 11137 D CompatibilityInfo: applicationScale - 1.0
06-06 17:05:40.382  1803  5910 D CompatibilityInfo: mCompatibilityFlags - 0
06-06 17:05:40.382  1803  5910 D CompatibilityInfo: applicationDensity - 440
06-06 17:05:40.382  1803  5910 D CompatibilityInfo: applicationScale - 1.0
06-06 17:05:40.382  6431  6431 I NotificationController: onNotificationPosted: mSmartTravelNotificationMap 0
06-06 17:05:40.385  5342  5342 D InterruptionStateProvider: No bubble up: not allowed to bubble: 0|com.facebook.orca|10000|GROUP:5121838391242619|10337
06-06 17:05:40.387  5342  5342 D InterruptionStateProvider: No alerting: snoozed package: 0|com.facebook.orca|10000|GROUP:5121838391242619|10337
06-06 17:05:40.390 10065 10065 V onNotificationPostedCallBack: flags=9
06-06 17:05:40.395 16781 16781 D SpaceNotificationService: onNotificationPosted pkgname:com.facebook.orca userId:0 currentUserId:0 isFloat: true
06-06 17:05:40.395 16781 16781 D SpaceNotificationService: We don't care notifications posted from current users.
06-06 17:05:40.406  1803  9611 D CompatibilityInfo: mCompatibilityFlags - 0
06-06 17:05:40.406  1803  9611 D CompatibilityInfo: applicationDensity - 440
06-06 17:05:40.406  1803  9611 D CompatibilityInfo: applicationScale - 1.0
06-06 17:05:40.421  1803 11137 D CompatibilityInfo: mCompatibilityFlags - 0
06-06 17:05:40.421  1803 11137 D CompatibilityInfo: applicationDensity - 440
06-06 17:05:40.421  1803 11137 D CompatibilityInfo: applicationScale - 1.0
06-06 17:05:40.430  5342  5342 E ContrastColorUtil: background can not be translucent: #e6ffffff
06-06 17:05:40.473  5342  5342 I chatty  : uid=1000(system) com.android.systemui identical 30 lines
06-06 17:05:40.474  5342  5342 E ContrastColorUtil: background can not be translucent: #e6ffffff
06-06 17:05:40.479  5342  5367 W System  : A resource failed to call release.
06-06 17:05:40.486  5342  5342 D NotifBadge: update app badge num: com.facebook.orca/,num=35,isAllowed=true,userId=0
06-06 17:05:40.487  1803  5228 W ActivityManager: Sending non-protected broadcast android.intent.action.APPLICATION_MESSAGE_UPDATE from system 5342:com.android.systemui/1000 pkg com.android.systemui. Callers=
06-06 17:05:40.488  5189  5821 I Launcher.ApplicationsMessage: onReceive true
06-06 17:05:40.488  5189  5821 I Launcher.ApplicationsMessage: update com.facebook.orca/ to 35
06-06 17:05:40.495  1803  1903 D CompatibilityInfo: mCompatibilityFlags - 0
06-06 17:05:40.496  1803  1903 D CompatibilityInfo: applicationDensity - 440
06-06 17:05:40.496  1803  1903 D CompatibilityInfo: applicationScale - 1.0
06-06 17:05:40.558 19820 31066 W msgr.DefaultCloseableReference: Finalized without closing: 2b9e6c4 d0f29ad (type = X.2I8)
06-06 17:05:40.558 19820 31066 W msgr.22h: Finalized without closing: 5d5e97d d0f29ad (type = X.2I8)
06-06 17:05:40.558 19820 31066 W msgr.DefaultCloseableReference: Finalized without closing: 6f5a4e2 7a04073 (type = X.2I8)
06-06 17:05:40.558 19820 31066 W msgr.22h: Finalized without closing: 5d5e97d 7a04073 (type = X.2I8)
06-06 17:05:40.559 19820 31066 W msgr.DefaultCloseableReference: Finalized without closing: ed0ab30 a21b3a9 (type = X.2I8)
06-06 17:05:40.559 19820 31066 W msgr.22h: Finalized without closing: 5d5e97d a21b3a9 (type = X.2I8)
06-06 17:05:40.559 19820 31066 W msgr.DefaultCloseableReference: Finalized without closing: 2cd2d2e 4b470cf (type = android.graphics.Bitmap)
06-06 17:05:40.559 19820 31066 W msgr.Fresco: Finalized without closing: c30940 4b470cf (type = android.graphics.Bitmap).
06-06 17:05:40.559 19820 31066 W msgr.Fresco: Stack:
06-06 17:05:40.559 19820 31066 W msgr.DefaultCloseableReference: Finalized without closing: a4d4a5c eb8e165 (type = X.2I8)
06-06 17:05:40.560 19820 31066 W msgr.22h: Finalized without closing: 5d5e97d eb8e165 (type = X.2I8)
06-06 17:05:40.560 19820 31066 W msgr.DefaultCloseableReference: Finalized without closing: 282ee3a 1314aeb (type = X.2I8)
06-06 17:05:40.560 19820 31066 W msgr.22h: Finalized without closing: 5d5e97d 1314aeb (type = X.2I8)
06-06 17:05:40.560 19820 31066 W msgr.DefaultCloseableReference: Finalized without closing: 392b048 6db2ee1 (type = X.2I8)
06-06 17:05:40.560 19820 31066 W msgr.22h: Finalized without closing: 5d5e97d 6db2ee1 (type = X.2I8)
06-06 17:05:40.636  1803  1903 D CompatibilityInfo: mCompatibilityFlags - 0
06-06 17:05:40.636  1803  1903 D CompatibilityInfo: applicationDensity - 440
06-06 17:05:40.636  1803  1903 D CompatibilityInfo: applicationScale - 1.0
06-06 17:05:40.640  1803 11140 D CompatibilityInfo: mCompatibilityFlags - 0
06-06 17:05:40.640  1803 11140 D CompatibilityInfo: applicationDensity - 440
06-06 17:05:40.640  1803 11140 D CompatibilityInfo: applicationScale - 1.0
06-06 17:05:40.663  1803  5910 D CompatibilityInfo: mCompatibilityFlags - 0
06-06 17:05:40.663  1803  5910 D CompatibilityInfo: applicationDensity - 440
06-06 17:05:40.663  1803  5910 D CompatibilityInfo: applicationScale - 1.0
06-06 17:05:40.681  1803  5910 D CompatibilityInfo: mCompatibilityFlags - 0
06-06 17:05:40.681  1803  5910 D CompatibilityInfo: applicationDensity - 440
06-06 17:05:40.681  1803  5910 D CompatibilityInfo: applicationScale - 1.0
06-06 17:05:40.701  1803  8924 D CompatibilityInfo: mCompatibilityFlags - 0
06-06 17:05:40.701  1803  8924 D CompatibilityInfo: applicationDensity - 440
06-06 17:05:40.701  1803  8924 D CompatibilityInfo: applicationScale - 1.0
06-06 17:05:40.752  1803  8924 D CompatibilityInfo: mCompatibilityFlags - 0
06-06 17:05:40.752  1803  8924 D CompatibilityInfo: applicationDensity - 440
06-06 17:05:40.753  1803  8924 D CompatibilityInfo: applicationScale - 1.0
06-06 17:05:40.812 19820 31143 W Notification: Bubbles work best with icons of TYPE_URI or TYPE_URI_ADAPTIVE_BITMAP. In the future, using an icon of this type will be required.
06-06 17:05:40.830 13244  2799 D androidtc: Initializing SystemTextClassifier, type = System
06-06 17:05:40.857  1803  5910 D CompatibilityInfo: mCompatibilityFlags - 0
06-06 17:05:40.857  1803  5910 D CompatibilityInfo: applicationDensity - 440
06-06 17:05:40.857  1803  5910 D CompatibilityInfo: applicationScale - 1.0
06-06 17:05:40.871  1803 11140 D CompatibilityInfo: mCompatibilityFlags - 0
06-06 17:05:40.871  1803 11140 D CompatibilityInfo: applicationDensity - 440
06-06 17:05:40.871  1803 11140 D CompatibilityInfo: applicationScale - 1.0
06-06 17:05:41.056 10065 10065 V onNotificationPostedCallBack: flags=4097
06-06 17:05:41.058  6431  6431 I NotificationController: onNotificationPosted: mSmartTravelNotificationMap 0
06-06 17:05:41.063 16781 16781 D SpaceNotificationService: onNotificationPosted pkgname:com.facebook.orca userId:0 currentUserId:0 isFloat: true
06-06 17:05:41.063 16781 16781 D SpaceNotificationService: We don't care notifications posted from current users.
06-06 17:05:41.068  5342  5342 D InterruptionStateProvider: No alerting: snoozed package: 0|com.facebook.orca|10000|GROUP:1744172445681685|10337
06-06 17:05:41.072   987 14560 D APM::AudioPolicyEngine: XXX -4: getDeviceForStrategyInt() STRATEGY_SONIFICATION_RESPECTFUL :Use STRATEGY_SONIFICATION to getDevice
06-06 17:05:41.093  5342  5342 D FrameIndicator: support status: 1 0x794a492018 0x794a4924c4
06-06 17:05:41.096  5342  6130 E FrameEvents: updateAcquireFence: Did not find frame.
06-06 17:05:41.131  5342  5342 E ContrastColorUtil: background can not be translucent: #e6ffffff
06-06 17:05:41.179  5342  5342 I chatty  : uid=1000(system) com.android.systemui identical 30 lines
06-06 17:05:41.180  5342  5342 E ContrastColorUtil: background can not be translucent: #e6ffffff
06-06 17:05:41.182  5342  5342 D NotifBadge: update app badge num: com.facebook.orca/,num=36,isAllowed=true,userId=0
06-06 17:05:41.182  1803  8924 W ActivityManager: Sending non-protected broadcast android.intent.action.APPLICATION_MESSAGE_UPDATE from system 5342:com.android.systemui/1000 pkg com.android.systemui. Callers=
06-06 17:05:41.185  5189  5821 I Launcher.ApplicationsMessage: onReceive true
06-06 17:05:41.185  5189  5821 I Launcher.ApplicationsMessage: update com.facebook.orca/ to 36
06-06 17:05:41.284  5342  5342 D KeyguardUpdateMonitor: received broadcast android.intent.action.BATTERY_CHANGED
06-06 17:05:41.286 10065 10065 I BatteryInfoReceiver: ACTION_BATTERY_CHANGED
06-06 17:05:41.287 11580 11923 D PowerCheckerService: onBatteryChanged, mBatteryLevel = 57, status = 2, level = 57, plug = 2, scale = 100
06-06 17:05:41.330  5683  5683 D DeviceStatisticsService: chargerType=2 batteryLevel=57 totalBatteryCapacity=4802000
06-06 17:05:41.558   911 32324 I WifiHAL : event received NL80211_CMD_VENDOR, vendor_id = 0x1374, subcmd = 0xd
06-06 17:05:41.558  1551  1551 I cnss-daemon: nl80211 response handler invoked
06-06 17:05:41.558  1551  1551 I cnss-daemon: nl80211_response_handler: cmd 103, vendorID 4980, subcmd 13  received
06-06 17:05:41.575   949   949 D vendor.qti.vibrator: QTI Vibrator off
06-06 17:05:41.575   968   968 E VibratorService.mi: VibratorFeature::off
06-06 17:05:41.576   968   968 E VibratorService.mi: VibratorFeature::play timeoutMs 0, mCurrAppId -1, mCurrEffectId -1
06-06 17:05:41.576   968   968 D DynamicEffectDevice: FFDevice pause
06-06 17:05:41.576   949   949 D vendor.qti.vibrator: QTI Vibrator reporting capabilities: 7
06-06 17:05:41.579   949   949 D vendor.qti.vibrator: Vibrator on for timeoutMs: 100
06-06 17:05:41.580   949   949 D vendor.qti.vibrator: Vibrator set amplitude: 1.000000
06-06 17:05:41.681   949   949 D vendor.qti.vibrator: QTI Vibrator off
06-06 17:05:41.681   968   968 E VibratorService.mi: VibratorFeature::off
06-06 17:05:41.681   968   968 E VibratorService.mi: VibratorFeature::play timeoutMs 0, mCurrAppId -1, mCurrEffectId -1
06-06 17:05:41.681   968   968 D DynamicEffectDevice: FFDevice pause
06-06 17:05:41.853  1803  5228 D CompatibilityInfo: mCompatibilityFlags - 0
06-06 17:05:41.853  1803  5228 D CompatibilityInfo: applicationDensity - 440
06-06 17:05:41.853  1803  5228 D CompatibilityInfo: applicationScale - 1.0
06-06 17:05:41.929  1803  1903 D CompatibilityInfo: mCompatibilityFlags - 0
06-06 17:05:41.929  1803  1903 D CompatibilityInfo: applicationDensity - 440
06-06 17:05:41.929  1803  1903 D CompatibilityInfo: applicationScale - 1.0

