06-06 17:05:07.324  5189  5955 E ActivityManagerWrapper: getRecentTasks: taskId=6294   userId=0   baseIntent=Intent { act=com.facebook.orca.notify.SECURE_VIEW dat=fb-messenger://groupthreadfbid/4475769485875016 flg=0x10800000 cmp=com.facebook.orca/com.facebook.messenger.intents.SecureIntentHandlerActivity }
06-06 17:05:07.324  5189  5955 E ActivityManagerWrapper: getRecentTasks: taskId=6291   userId=0   baseIntent=Intent { flg=0x18800000 cmp=com.facebook.orca/com.facebook.messaging.sharing.broadcastflow.BroadcastFlowActivity }
06-06 17:05:07.328  9490  9490 I GoogleInputMethodService: GoogleInputMethodService.onFinishInput():3204
06-06 17:05:07.329  9490  9490 I GoogleInputMethodService: GoogleInputMethodService.updateDeviceLockedStatus():2100 checkRepeatedly = false, unlocked = true
06-06 17:05:07.329  9490  9490 I GoogleInputMethodService: GoogleInputMethodService.onStartInput():1903 onStartInput(EditorInfo{inputType=0x0(NULL) imeOptions=0x0 privateImeOptions=null actionName=UNSPECIFIED actionLabel=null actionId=0 initialSelStart=-1 initialSelEnd=-1 initialCapsMode=0x0 hintText=null label=null packageName=com.android.settings fieldId=-1 fieldName=null extras=null}, false)
06-06 17:05:07.331  9490  9490 I GoogleInputMethodService: GoogleInputMethodService.updateDeviceLockedStatus():2100 checkRepeatedly = true, unlocked = true
06-06 17:05:07.503  1551  1551 I cnss-daemon: nl80211 response handler invoked
06-06 17:05:07.503  1551  1551 I cnss-daemon: nl80211_response_handler: cmd 103, vendorID 4980, subcmd 13  received
06-06 17:05:07.503   911 32324 I WifiHAL : event received NL80211_CMD_VENDOR, vendor_id = 0x1374, subcmd = 0xd
06-06 17:05:07.579   921  7071 E ANDR-PERF-LM: VmRssMeter:: start() 447: Could not find pid, can not collect vmrss data
06-06 17:05:07.579   921  7071 E ANDR-PERF-LM: AdaptiveLaunch: writeToDataBase() 64: Meter aborted or could not get meter data for this run
06-06 17:05:07.579   921  7070 E ANDR-PERF-LM: VmRssMeter:: start() 447: Could not find pid, can not collect vmrss data
06-06 17:05:07.641 19820 31204 I omnistore_android_logger: Cursor Update response received queue: messenger_montage_v2:100000560222807_amFUDmdlkKoOw
06-06 17:05:07.752 19820 31075 I m.facebook.orc: Waiting for a blocking GC ProfileSaver
06-06 17:05:07.845 19820 31075 I m.facebook.orc: WaitForGcToComplete blocked ProfileSaver on ClassLinker for 92.821ms
06-06 17:05:07.865 19820 31064 I m.facebook.orc: WaitForGcToComplete blocked RunEmptyCheckpoint on ProfileSaver for 20.208ms
06-06 17:05:08.163 19820 31118 E nightwatch-target: /proc/zoneinfo open: errno=13
06-06 17:05:08.163 19820 31118 E nightwatch-target: sysmeminfo parse failed
06-06 17:05:08.159 19820 19820 W Lacrima_startup: type=1400 audit(0.0:10472422): avc: denied { read } for name="zoneinfo" dev="proc" ino=4026531859 scontext=u:r:untrusted_app:s0:c81,c257,c512,c768 tcontext=u:object_r:proc_zoneinfo:s0 tclass=file permissive=0 app=com.facebook.orca
06-06 17:05:08.198  1803  2751 D MIUIInput: [MotionEvent] publisher action=0x4, 243541519, channel 'de5e376 NavigationBar0 (server)'
06-06 17:05:08.198  1803  2751 D MIUIInput: [MotionEvent] publisher action=0x0, 243541519, channel 'bf53411 com.android.settings/com.android.settings.SubSettings (server)'
06-06 17:05:08.254  1803  2751 D MIUIInput: [MotionEvent] publisher action=0x1, 243541575, channel 'bf53411 com.android.settings/com.android.settings.SubSettings (server)'
06-06 17:05:08.272  1803  5910 D MiuiMultiWindowAdapter: getFreeformBlackList: Origin Logic
06-06 17:05:08.273  1803  5910 D MiuiMultiWindowAdapter: MiuiMultiWindowAdapter::getFreeformBlackList::sSmallWindowBlackList = [com.miui.securitycenter, com.miui.miservice, com.xiaomi.calendar, com.android.contacts, com.miui.mishare.connectivity, com.android.settings, com.android.printspooler, com.miui.backup, com.miui.huanji, com.miui.calculator, com.android.thememanager, com.mfashiongallery.emag, com.miui.virtualsim, com.miui.smarttravel, com.mi.health, com.android.camera, com.lbe.security.miui, com.miui.cleanmaster, com.miui.newhome, com.miui.voiceassist, com.android.phone, com.miui.yellowpage, com.android.updater, com.miui.tsmclient, com.miui.securitycore, com.xiaomi.account, com.xiaomi.shop, com.mipay.wallet, com.xiaomi.youpin, com.xiaomi.hm.health, com.miui.bugreport, com.xiaomi.mibrain.speech, com.xiaomi.mimoji, com.xiaomi.scanner, com.duokan.phone.remotecontroller, com.miui.hybrid, com.miui.video, com.miui.videoplayer, com.miui.fm, com.miui.packageinstaller, com.mi.android.globallauncher, com.mi.android.globallauncher-poco, com.google.android.dialer, com.google.android.apps.magazines, com.miui.compass, com.miui.greenguard, com.kiteguard, com.google.android.apps.prodcasts, com.google.ar.lens, com.xiangkan.android, com.android.bankabc, com.sohu.inputmethod.sogou, com.tencent.mtt, com.shyz.toutiao, com.netease.mc.mi, com.outfit7.talkingtomgoldrun.mi, com.doudz.mi, com.wepie.snake.new.mi, cn.jj, com.standddz002.mi, com.miHoYo.bh3.mi, com.qqgame.hlddz, com.happyelements.AndroidAnimal, com.minitech.miniworld.TMobile.mi, com.mfp.jelly.xiaomi, com.lilithgames.afk.mi, com.tencent.peng, com.teenpatti.hd.gold, blockpuzzle.jewelgames.jewelslegend, com.playgendary.tanks, com.chillingo.robberybobfree.android.row, com.episodeinteractive.android.catalog, com.playrix.township, com.ansangha.drdriving, com.google.android.youtube, com.gbits.atm.mi, com.tencent.tetris, com.sukhavati.gotoplaying.bubble.BubbleShooter.mint, com.block.puzzle.game.hippo.mi, com.youzu.bs.mi, com.baidu.BaiduMap, com.google.android.googlequicksearchbox, com.appsomniacs.da2, com.android.stk, com.feiyu.carrot3.mi, com.popcap.pvz2cthdxm, com.mxtech.videoplayer.ad, cn.cisc, com.kiloo.subwaysurf, com.cncyj.mostbrain, pdf.tap.scanner, com.og.ttddz.mi, com.ximalaya.ting.lite, com.google.android.apps.podcasts, com.google.android.apps.googleassistant, com.netease.onmyoji.mi, com.netease.onmyoji.bili, com.netease.mrzh.mi, com.netease.mrzh.bili, com.tencent.tmgp.yys.zqb, com.google.android.gm, com.google.android.calendar, com.android.chrome, com.google.android.apps.youtube.music, com.netease.pes.huawei, com.netease.pes.mi, com.netease.pes.bili, com.flyfish.supermario, com.picsart.studio, com.netease.dwrg.mi, com.netease.dwrg.bili, com.netease.dwrg.nearme.gamecenter, com.netease.dwrg, com.netease.dwrg.huawei, com.tencent.tmgp.dwrg, com.netease.dwrg.m4399, com.netease.dwrg.mz, com.netease.dwrg.aligames, com.netease.dwrg.baidu, com.netease.dwrg.qihoo, com.moji.mjweather, com.tencent.tmgp.kof98, com.netease.onmyoji, com.taobao.idlefish, com.ledou.mhhy.mi, com.hzfy.ddzbs.mi, com.qsmy.walkmonkey, com.fy.bzzbc.mi, com.dw.xprqj.mi]
06-06 17:05:08.274   921   921 E ANDR-PERF-MPCTL: Active req limit reached, No optimizations performed
06-06 17:05:08.282  1803  5910 D CompatibilityInfo: mCompatibilityFlags - 0
06-06 17:05:08.282  1803  5910 D CompatibilityInfo: applicationDensity - 440
06-06 17:05:08.282  1803  5910 D CompatibilityInfo: applicationScale - 1.0
06-06 17:05:08.285  1803  5910 D ActivityTrigger: ActivityTrigger activityPauseTrigger
06-06 17:05:08.304 19819 19819 D FiveGViceSAPreferenceController: onPause
06-06 17:05:08.306   921  1111 W ANDR-PERF-LM: MetaMeter: handlePrimaryAsync() 118: AdaptLaunch MetaMeter. No MeterMgr Available to handle this Primary Async. !!!!
06-06 17:05:08.307   921  1111 W ANDR-PERF-LM: MetaMeter: handlePrimaryAsync() 118: AdaptLaunch MetaMeter. No MeterMgr Available to handle this Primary Async. !!!!
06-06 17:05:08.307   921  1111 E ANDR-PERF-LM: MetaMeter: handleAsync() 166: AdaptLaunch Invalid Async
06-06 17:05:08.308  1803  9602 D CompatibilityInfo: mCompatibilityFlags - 0
06-06 17:05:08.308  1803  9602 D CompatibilityInfo: applicationDensity - 440
06-06 17:05:08.308  1803  9602 D CompatibilityInfo: applicationScale - 1.0
06-06 17:05:08.308  1803  5075 D ProcessManager: skip notify foregroundAppInfo:ApplicationInfo{c53a5b2 com.android.settings}
06-06 17:05:08.318 19819 19819 D DecorView[]: getWindowModeFromSystem  windowmode is 1
06-06 17:05:08.322 19819 19819 E         : setFeedbackRadius failed , e:java.lang.NoSuchMethodException: android.view.View.setFeedbackRadius [float]
06-06 17:05:08.330  1803  9602 D MIUIInput: [FoucsChange]: Display  0 FocusedWindow From Window{bf53411 mode=0 rootTaskId=6377 u0 com.android.settings/com.android.settings.SubSettings}(1,1)  to null(0,0)
06-06 17:05:08.345 19819 19819 E         : setFeedbackRadius failed , e:java.lang.NoSuchMethodException: android.view.View.setFeedbackRadius [float]
06-06 17:05:08.354 19819 19819 D DecorView[]: getWindowModeFromSystem  windowmode is 1
06-06 17:05:08.359  5189  5189 D RecentsImpl: mActivityStateObserver com.android.settings.development.AppPicker
06-06 17:05:08.360  5189  5189 W RecentsImpl: onResumed className=com.android.settings.development.AppPicker   mIsInAnotherPro=false   isKeyguardLocked=false
06-06 17:05:08.360  5189  5898 D RecentsImpl: showNavStubView
06-06 17:05:08.360  5189  5898 D NavStubView_Touch: setKeepHidden    old=false   new=false
06-06 17:05:08.360  5189  5896 W RecentsImpl: disableTouchBySwipeStatusBar    disable=false
06-06 17:05:08.360  5189  5896 D GestureStubView_Touch: disableTouchBySwipeStatusBar    old=false   new=false
06-06 17:05:08.360  5189  5896 D GestureStubView_Touch: disableTouchBySwipeStatusBar    old=false   new=false
06-06 17:05:08.360  5189  5896 W RecentsImpl: disableBackStubWindow    disableTouch=false
06-06 17:05:08.361  5189  5896 D GestureStubView_Touch: disableTouch    old=false   new=false
06-06 17:05:08.361  5189  5896 D GestureStubView_Touch: disableTouch    old=false   new=false
06-06 17:05:08.361  5189  5896 D RecentsImpl: showBackStubWindow  hasNavigationBar=true
06-06 17:05:08.361  5189  5896 D GestureStubView_Touch: setKeepHidden    old=false   new=false
06-06 17:05:08.361  5189  5896 W GestureStubView: adaptRotation   currentRotation=0   mRotation=0
06-06 17:05:08.362   990  1153 D FrameIndicator: support status: 1 0x7a29ba1018 0x7a29ba14c4
06-06 17:05:08.363  5189  5896 D GestureStubView: resetRenderProperty: showGestureStub
06-06 17:05:08.363  5189  5896 D GestureStubView_Touch: disableTouch    old=false   new=false
06-06 17:05:08.363  5189  5896 D GestureStubView: showGestureStub
06-06 17:05:08.363  5189  5896 D GestureStubView_Touch: setKeepHidden    old=false   new=false
06-06 17:05:08.363  5189  5896 W GestureStubView: adaptRotation   currentRotation=0   mRotation=0
06-06 17:05:08.364  5189  5896 D GestureStubView: resetRenderProperty: showGestureStub
06-06 17:05:08.364  5189  5896 D GestureStubView_Touch: disableTouch    old=false   new=false
06-06 17:05:08.364  5189  5896 D GestureStubView: showGestureStub
06-06 17:05:08.373 19819 19819 D FrameIndicator: support status: 1 0x79591e7018 0x79591e74c4
06-06 17:05:08.373 19819 19819 D FrameIndicator: support status: 1 0x79591e7018 0x79591e74c4
06-06 17:05:08.390  5189  5896 D GestureStubView: gatherTransparentRegion: need render w:54  h:1440
06-06 17:05:08.399  5189  5896 D GestureStubView: gatherTransparentRegion: need render w:54  h:1440
06-06 17:05:08.419   921  7135 E ANDR-PERF-LM: ThreadHelper: thread_callback() 145: More than one pending updates!!! This should not happen. MeterMgr should avoid this case.
06-06 17:05:08.420  1803  1902 I ActivityTaskManager: Displayed com.android.settings/.development.AppPicker: +147ms
06-06 17:05:08.425  5189  5940 D RecentsModel: onTaskStackChangedBackground
06-06 17:05:08.425  5189  5955 D RecentsModel: onTaskStackChangedBackground    MSG_TASK_STACK_CHANGE
06-06 17:05:08.425  5189  5955 D RecentsModel: preloadRecents
06-06 17:05:08.425  5189  5955 W RecentsModel: getRunningTask
06-06 17:05:08.431  5189  5955 W RecentsModel: getRunningTask   taskInfo=TaskInfo{userId=0 pcFlags:0 stackId=6377 taskId=6377 displayId=0 isRunning=true baseIntent=Intent { act=android.intent.action.MAIN cat=[android.intent.category.LAUNCHER] flg=0x10200000 cmp=com.android.settings/.MainSettings } baseActivity=ComponentInfo{com.android.settings/com.android.settings.MainSettings} topActivity=ComponentInfo{com.android.settings/com.android.settings.development.AppPicker} origActivity=ComponentInfo{com.android.settings/com.android.settings.MainSettings} realActivity=ComponentInfo{com.android.settings/com.android.settings.MiuiSettings} numActivities=3 lastActiveTime=518580886 supportsSplitScreenMultiWindow=true resizeMode=1 isResizeable=true token=android.window.WindowContainerToken@e4f5628 topActivityType=1 pictureInPictureParams=null topActivityInfo=ActivityInfo{21a65d com.android.settings.development.AppPicker} windowMode=1 requestedOrientation=1
06-06 17:05:08.431  5189  5955 W RecentsModel: getTaskInfoIgnoreHomeAndFreeform   taskInfo=ComponentInfo{com.android.settings/com.android.settings.MainSettings}
06-06 17:05:08.432  1803  5099 D MIUIInput: [FoucsChange]: Display  0 FocusedWindow From null(0,0)  to Window{3c106b9 mode=0 rootTaskId=6377 u0 com.android.settings/com.android.settings.development.AppPicker}(1,1)
06-06 17:05:08.433  5189  5955 E ActivityManagerWrapper: get all recent tasks force including 6377
06-06 17:05:08.434  5189  5955 E ActivityManagerWrapper: getRecentTasks: size=7
06-06 17:05:08.434  5189  5955 E ActivityManagerWrapper: getRecentTasks: taskId=6377   userId=0   baseIntent=Intent { act=android.intent.action.MAIN cat=[android.intent.category.LAUNCHER] flg=0x10200000 cmp=com.android.settings/.MainSettings }
06-06 17:05:08.434  5189  5955 E ActivityManagerWrapper: getRecentTasks: taskId=6376   userId=0   baseIntent=Intent { act=android.intent.action.MAIN cat=[android.intent.category.LAUNCHER] flg=0x10200000 cmp=com.android.chrome/com.google.android.apps.chrome.Main }
06-06 17:05:08.434  5189  5955 E ActivityManagerWrapper: getRecentTasks: taskId=6346   userId=0   baseIntent=Intent { flg=0x10800000 cmp=com.android.settings/.Settings$UsbDetailsActivity }
06-06 17:05:08.434  5189  5955 E ActivityManagerWrapper: getRecentTasks: taskId=6331   userId=0   baseIntent=Intent { act=android.intent.action.VIEW cat=[android.intent.category.BROWSABLE] dat=https://drive.google.com/... flg=0x10890400 cmp=android/com.android.internal.app.ResolverActivity }
06-06 17:05:08.434  5189  5955 E ActivityManagerWrapper: getRecentTasks: taskId=6316   userId=0   baseIntent=Intent { flg=0x10800000 cmp=com.google.android.gms/.location.settings.LocationOffWarningActivity }
06-06 17:05:08.434  5189  5955 E ActivityManagerWrapper: getRecentTasks: taskId=6294   userId=0   baseIntent=Intent { act=com.facebook.orca.notify.SECURE_VIEW dat=fb-messenger://groupthreadfbid/4475769485875016 flg=0x10800000 cmp=com.facebook.orca/com.facebook.messenger.intents.SecureIntentHandlerActivity }
06-06 17:05:08.434  5189  5955 E ActivityManagerWrapper: getRecentTasks: taskId=6291   userId=0   baseIntent=Intent { flg=0x18800000 cmp=com.facebook.orca/com.facebook.messaging.sharing.broadcastflow.BroadcastFlowActivity }
06-06 17:05:08.449  9490  9490 I GoogleInputMethodService: GoogleInputMethodService.onFinishInput():3204
06-06 17:05:08.451  9490  9490 I GoogleInputMethodService: GoogleInputMethodService.updateDeviceLockedStatus():2100 checkRepeatedly = false, unlocked = true
06-06 17:05:08.451  9490  9490 I GoogleInputMethodService: GoogleInputMethodService.onStartInput():1903 onStartInput(EditorInfo{inputType=0x0(NULL) imeOptions=0x0 privateImeOptions=null actionName=UNSPECIFIED actionLabel=null actionId=0 initialSelStart=-1 initialSelEnd=-1 initialCapsMode=0x0 hintText=null label=null packageName=com.android.settings fieldId=-1 fieldName=null extras=null}, false)
06-06 17:05:08.451  9490  9490 I GoogleInputMethodService: GoogleInputMethodService.updateDeviceLockedStatus():2100 checkRepeatedly = true, unlocked = true
06-06 17:05:08.487   921   921 W /vendor/bin/hw/vendor.qti.hardware.perf@2.2-service: type=1400 audit(0.0:10472424): avc: denied { search } for comm=41646170744C61756E636820566D name="1803" dev="proc" ino=16164 scontext=u:r:vendor_hal_perf_default:s0 tcontext=u:r:system_server:s0 tclass=dir permissive=0
06-06 17:05:08.487   921   921 W /vendor/bin/hw/vendor.qti.hardware.perf@2.2-service: type=1400 audit(0.0:10472423): avc: denied { search } for comm=41646170744C61756E636820566D name="1803" dev="proc" ino=16164 scontext=u:r:vendor_hal_perf_default:s0 tcontext=u:r:system_server:s0 tclass=dir permissive=0
06-06 17:05:08.487   921   921 W /vendor/bin/hw/vendor.qti.hardware.perf@2.2-service: type=1400 audit(0.0:10472425): avc: denied { search } for comm=41646170744C61756E636820566D name="1814" dev="proc" ino=30632247 scontext=u:r:vendor_hal_perf_default:s0 tcontext=u:r:system_server:s0 tclass=dir permissive=0
06-06 17:05:08.572 19820 31204 I omnistore_android_logger: Revision Chunk Received queue: messenger_montage_v2:100000560222807_amFUDmdlkKoOw
06-06 17:05:08.647 19820 31204 D omnistore_android_logger: Read 0 transactions from the queue
06-06 17:05:08.649 19820 31204 I omnistore_android_logger: Mark persisted id=0 queue=messenger_montage_v2:100000560222807_amFUDmdlkKoOw
06-06 17:05:08.650 19820 31204 D omnistore_android_logger: AlarmManager::clearAlarmTimer for key=messenger_montage_v2:100000560222807_amFUDmdlkKoOw
06-06 17:05:08.652 19820 31204 D omnistore_android_logger: Read 0 transactions from the queue
06-06 17:05:08.652 19820 31204 D omnistore_android_logger: Finished sending transactions for queue=messenger_montage_v2:100000560222807_amFUDmdlkKoOw
06-06 17:05:08.983 29857 29857 I MemoryOptimizationService: start handleMemoryIntent ->
06-06 17:05:08.984 29857 29857 I MemoryOptimizationService: optimized Pkg Name -> com.android.settings
06-06 17:05:08.984 29857 29857 I MemoryOptimizationService: Optimized pacakge map contains key.
06-06 17:05:08.984 29857 29857 I MemoryOptimizationService: Old data is removed [Handler (com.android.settings.services.MemoryOptimizationService$MemoryHandler) {de8f87e}] -> com.android.settings
06-06 17:05:08.984 29857 29857 I MemoryOptimizationService: Send message delayed -> com.android.settings , 30000
06-06 17:05:09.001  8866 12214 I com.miui.daemo: oneway function results will be dropped but finished with status OK and parcel size 4
06-06 17:05:09.194 19820 31118 E nightwatch-target: /proc/zoneinfo open: errno=13
06-06 17:05:09.194 19820 31118 E nightwatch-target: sysmeminfo parse failed
06-06 17:05:09.187 19820 19820 W Lacrima_startup: type=1400 audit(0.0:10473623): avc: denied { read } for name="zoneinfo" dev="proc" ino=4026531859 scontext=u:r:untrusted_app:s0:c81,c257,c512,c768 tcontext=u:object_r:proc_zoneinfo:s0 tclass=file permissive=0 app=com.facebook.orca
06-06 17:05:09.199   921   921 W /vendor/bin/hw/vendor.qti.hardware.perf@2.2-service: type=1400 audit(0.0:10473625): avc: denied { search } for comm=41646170744C61756E636820566D name="1803" dev="proc" ino=16164 scontext=u:r:vendor_hal_perf_default:s0 tcontext=u:r:system_server:s0 tclass=dir permissive=0
06-06 17:05:09.199   921   921 W /vendor/bin/hw/vendor.qti.hardware.perf@2.2-service: type=1400 audit(0.0:10473624): avc: denied { search } for comm=41646170744C61756E636820566D name="1803" dev="proc" ino=16164 scontext=u:r:vendor_hal_perf_default:s0 tcontext=u:r:system_server:s0 tclass=dir permissive=0
06-06 17:05:09.199   921   921 W /vendor/bin/hw/vendor.qti.hardware.perf@2.2-service: type=1400 audit(0.0:10473626): avc: denied { search } for comm=41646170744C61756E636820566D name="1814" dev="proc" ino=30632247 scontext=u:r:vendor_hal_perf_default:s0 tcontext=u:r:system_server:s0 tclass=dir permissive=0
06-06 17:05:09.488   921  7070 E ANDR-PERF-LM: VmRssMeter:: start() 447: Could not find pid, can not collect vmrss data
06-06 17:05:09.488   921  7071 E ANDR-PERF-LM: VmRssMeter:: start() 447: Could not find pid, can not collect vmrss data
06-06 17:05:09.488   921  7071 E ANDR-PERF-LM: AdaptiveLaunch: writeToDataBase() 64: Meter aborted or could not get meter data for this run
06-06 17:05:09.507   911 32324 I WifiHAL : event received NL80211_CMD_VENDOR, vendor_id = 0x1374, subcmd = 0xd
06-06 17:05:09.507  1551  1551 I cnss-daemon: nl80211 response handler invoked
06-06 17:05:09.507  1551  1551 I cnss-daemon: nl80211_response_handler: cmd 103, vendorID 4980, subcmd 13  received
06-06 17:05:09.604  1803  5008 I MiuiNetworkPolicy: updateUidState uid = 10208, uidState = 19
06-06 17:05:09.604  1803  5008 I MiuiNetworkPolicy: updateUidState uid = 10171, uidState = 10
06-06 17:05:09.610  1803  5008 I MiuiNetworkPolicy: updateUidState uid = 10171, uidState = 19
06-06 17:05:10.200 19820 31118 E nightwatch-target: /proc/zoneinfo open: errno=13
06-06 17:05:10.200 19820 31118 E nightwatch-target: sysmeminfo parse failed
06-06 17:05:10.195 19820 19820 W Lacrima_startup: type=1400 audit(0.0:10474424): avc: denied { read } for name="zoneinfo" dev="proc" ino=4026531859 scontext=u:r:untrusted_app:s0:c81,c257,c512,c768 tcontext=u:object_r:proc_zoneinfo:s0 tclass=file permissive=0 app=com.facebook.orca
06-06 17:05:10.563  5342  5342 D KeyguardUpdateMonitor: received broadcast android.intent.action.BATTERY_CHANGED
06-06 17:05:10.565 10065 10065 I BatteryInfoReceiver: ACTION_BATTERY_CHANGED
06-06 17:05:10.569 11580 11923 D PowerCheckerService: onBatteryChanged, mBatteryLevel = 56, status = 2, level = 56, plug = 2, scale = 100
06-06 17:05:10.603  5683  5683 D DeviceStatisticsService: chargerType=2 batteryLevel=56 totalBatteryCapacity=4802000
06-06 17:05:11.209 19820 31118 E nightwatch-target: /proc/zoneinfo open: errno=13
06-06 17:05:11.210 19820 31118 E nightwatch-target: sysmeminfo parse failed
06-06 17:05:11.203 19820 19820 W Lacrima_startup: type=1400 audit(0.0:10474425): avc: denied { read } for name="zoneinfo" dev="proc" ino=4026531859 scontext=u:r:untrusted_app:s0:c81,c257,c512,c768 tcontext=u:object_r:proc_zoneinfo:s0 tclass=file permissive=0 app=com.facebook.orca
06-06 17:05:11.512  1551  1551 I cnss-daemon: nl80211 response handler invoked
06-06 17:05:11.512  1551  1551 I cnss-daemon: nl80211_response_handler: cmd 103, vendorID 4980, subcmd 13  received
06-06 17:05:11.512   911 32324 I WifiHAL : event received NL80211_CMD_VENDOR, vendor_id = 0x1374, subcmd = 0xd
06-06 17:05:12.229 19820 31118 E nightwatch-target: /proc/zoneinfo open: errno=13
06-06 17:05:12.229 19820 31118 E nightwatch-target: sysmeminfo parse failed
06-06 17:05:12.223 19820 19820 W Lacrima_startup: type=1400 audit(0.0:10474426): avc: denied { read } for name="zoneinfo" dev="proc" ino=4026531859 scontext=u:r:untrusted_app:s0:c81,c257,c512,c768 tcontext=u:object_r:proc_zoneinfo:s0 tclass=file permissive=0 app=com.facebook.orca
06-06 17:05:12.351  1803  2751 D MIUIInput: [MotionEvent] publisher action=0x0, 243545671, channel '326a72e GestureStubBottom (server)'
06-06 17:05:12.352  5189  5896 D GestureStubView: onTouch ACTION_DOWN sendMessageDelayed MSG_CHECK_GESTURE_STUB_TOUCHABLE
06-06 17:05:12.352  5189  5896 D GesturesBackController: onPointerEvent swipeStatus:16
06-06 17:05:12.352  5189  5896 D GesturesBackController: mSwipeStatus == SWIPE_STATUS_ANIMATING, processPointerEvent
06-06 17:05:12.372  5189  5896 D GesturesBackController: onPointerEvent swipeStatus:8
06-06 17:05:12.372  5189  5896 D GesturesBackController: mSwipeStatus != SWIPE_STATUS_ANIMATING, processPointerEvent
06-06 17:05:12.377  5189  5896 D GesturesBackController: onPointerEvent swipeStatus:8
06-06 17:05:12.377  5189  5896 D GesturesBackController: mSwipeStatus != SWIPE_STATUS_ANIMATING, processPointerEvent
06-06 17:05:12.382   921   921 E ANDR-PERF-MPCTL: Active req limit reached, No optimizations performed
06-06 17:05:12.383   921   921 E ANDR-PERF-MPCTL: Active req limit reached, No optimizations performed
06-06 17:05:12.389  5189  5896 D GesturesBackController: onPointerEvent swipeStatus:8
06-06 17:05:12.389  5189  5896 D GestureStubView: onSwipeStart: needAnimation: true
06-06 17:05:12.390  5189  5896 D GestureStubView: renderView
06-06 17:05:12.390  5189  5896 D GesturesBackController: onPointerEvent MotionEvent.ACTION_MOVE processMiuiGestures
06-06 17:05:12.390  5189  5896 D GesturesBackController: mSwipeStatus != SWIPE_STATUS_ANIMATING, processPointerEvent
06-06 17:05:12.411  5189  5896 D GesturesBackController: onPointerEvent swipeStatus:2
06-06 17:05:12.411  5189  5896 D GesturesBackController: onPointerEvent MotionEvent.ACTION_MOVE processMiuiGestures
06-06 17:05:12.411  5189  5896 D GesturesBackController: mSwipeStatus != SWIPE_STATUS_ANIMATING, processPointerEvent
06-06 17:05:12.422  5189  5896 D GesturesBackController: onPointerEvent swipeStatus:2
06-06 17:05:12.422  5189  5896 D GesturesBackController: onPointerEvent MotionEvent.ACTION_MOVE processMiuiGestures
06-06 17:05:12.422  5189  5896 D GesturesBackController: mSwipeStatus != SWIPE_STATUS_ANIMATING, processPointerEvent
06-06 17:05:12.438  5189  5896 D GesturesBackController: onPointerEvent swipeStatus:2
06-06 17:05:12.438  5189  5896 D GesturesBackController: onPointerEvent MotionEvent.ACTION_MOVE processMiuiGestures
06-06 17:05:12.438  5189  5896 D GesturesBackController: mSwipeStatus != SWIPE_STATUS_ANIMATING, processPointerEvent
06-06 17:05:12.455  5189  5896 D GesturesBackController: onPointerEvent swipeStatus:2
06-06 17:05:12.455  5189  5896 D GesturesBackController: onPointerEvent MotionEvent.ACTION_MOVE processMiuiGestures
06-06 17:05:12.455  5189  5896 D GesturesBackController: mSwipeStatus != SWIPE_STATUS_ANIMATING, processPointerEvent
06-06 17:05:12.472  5189  5896 D GesturesBackController: onPointerEvent swipeStatus:2
06-06 17:05:12.473  5189  5896 D GesturesBackController: onPointerEvent MotionEvent.ACTION_MOVE processMiuiGestures
06-06 17:05:12.473  5189  5896 D GesturesBackController: mSwipeStatus != SWIPE_STATUS_ANIMATING, processPointerEvent
06-06 17:05:12.489  5189  5896 D GesturesBackController: onPointerEvent swipeStatus:2
06-06 17:05:12.489  5189  5896 D GesturesBackController: onPointerEvent MotionEvent.ACTION_MOVE processMiuiGestures
06-06 17:05:12.490  5189  5896 D GesturesBackController: mSwipeStatus != SWIPE_STATUS_ANIMATING, processPointerEvent
06-06 17:05:12.505  5189  5896 D GesturesBackController: onPointerEvent swipeStatus:2
06-06 17:05:12.505  5189  5896 D GesturesBackController: onPointerEvent MotionEvent.ACTION_MOVE processMiuiGestures
06-06 17:05:12.505  5189  5896 D GesturesBackController: mSwipeStatus != SWIPE_STATUS_ANIMATING, processPointerEvent
06-06 17:05:12.522  5189  5896 D GesturesBackController: onPointerEvent swipeStatus:2
06-06 17:05:12.522  5189  5896 D GesturesBackController: onPointerEvent MotionEvent.ACTION_MOVE processMiuiGestures
06-06 17:05:12.522  5189  5896 D GesturesBackController: mSwipeStatus != SWIPE_STATUS_ANIMATING, processPointerEvent
06-06 17:05:12.540  5189  5896 D GesturesBackController: onPointerEvent swipeStatus:2
06-06 17:05:12.540  5189  5896 D GesturesBackController: onPointerEvent MotionEvent.ACTION_MOVE processMiuiGestures
06-06 17:05:12.540  5189  5896 D GesturesBackController: mSwipeStatus != SWIPE_STATUS_ANIMATING, processPointerEvent
06-06 17:05:12.556  5189  5896 D GesturesBackController: onPointerEvent swipeStatus:2
06-06 17:05:12.556  5189  5896 D GesturesBackController: onPointerEvent MotionEvent.ACTION_MOVE processMiuiGestures
06-06 17:05:12.556  5189  5896 D GesturesBackController: mSwipeStatus != SWIPE_STATUS_ANIMATING, processPointerEvent
06-06 17:05:12.572  5189  5896 D GesturesBackController: onPointerEvent swipeStatus:2
06-06 17:05:12.573  5189  5896 D GesturesBackController: onPointerEvent MotionEvent.ACTION_MOVE processMiuiGestures
06-06 17:05:12.573  5189  5896 D GesturesBackController: mSwipeStatus != SWIPE_STATUS_ANIMATING, processPointerEvent
06-06 17:05:12.589  5189  5896 D GesturesBackController: onPointerEvent swipeStatus:2
06-06 17:05:12.589  5189  5896 D GesturesBackController: onPointerEvent MotionEvent.ACTION_MOVE processMiuiGestures
06-06 17:05:12.590  5189  5896 D GesturesBackController: mSwipeStatus != SWIPE_STATUS_ANIMATING, processPointerEvent
06-06 17:05:12.606  5189  5896 D GesturesBackController: onPointerEvent swipeStatus:2
06-06 17:05:12.606  5189  5896 D GesturesBackController: onPointerEvent MotionEvent.ACTION_MOVE processMiuiGestures
06-06 17:05:12.606  5189  5896 D GesturesBackController: mSwipeStatus != SWIPE_STATUS_ANIMATING, processPointerEvent
06-06 17:05:12.624  5189  5896 D GesturesBackController: onPointerEvent swipeStatus:2
06-06 17:05:12.624  5189  5896 D GesturesBackController: onPointerEvent MotionEvent.ACTION_MOVE processMiuiGestures
06-06 17:05:12.624  5189  5896 D GesturesBackController: mSwipeStatus != SWIPE_STATUS_ANIMATING, processPointerEvent
06-06 17:05:12.640  5189  5896 D GesturesBackController: onPointerEvent swipeStatus:2
06-06 17:05:12.640  5189  5896 D GesturesBackController: onPointerEvent MotionEvent.ACTION_MOVE processMiuiGestures
06-06 17:05:12.640  5189  5896 D GesturesBackController: mSwipeStatus != SWIPE_STATUS_ANIMATING, processPointerEvent
06-06 17:05:12.656  5189  5896 D GesturesBackController: onPointerEvent swipeStatus:2
06-06 17:05:12.656  5189  5896 D GesturesBackController: onPointerEvent MotionEvent.ACTION_MOVE processMiuiGestures
06-06 17:05:12.657  5189  5896 D GesturesBackController: mSwipeStatus != SWIPE_STATUS_ANIMATING, processPointerEvent
06-06 17:05:12.673  5189  5896 D GesturesBackController: onPointerEvent swipeStatus:2
06-06 17:05:12.673  5189  5896 D GesturesBackController: onPointerEvent MotionEvent.ACTION_MOVE processMiuiGestures
06-06 17:05:12.674  5189  5896 D GesturesBackController: mSwipeStatus != SWIPE_STATUS_ANIMATING, processPointerEvent
06-06 17:05:12.690  5189  5896 D GesturesBackController: onPointerEvent swipeStatus:2
06-06 17:05:12.690  5189  5896 D GesturesBackController: onPointerEvent MotionEvent.ACTION_MOVE processMiuiGestures
06-06 17:05:12.691  5189  5896 D GesturesBackController: mSwipeStatus != SWIPE_STATUS_ANIMATING, processPointerEvent
06-06 17:05:12.706  5189  5896 D GesturesBackController: onPointerEvent swipeStatus:2
06-06 17:05:12.706  5189  5896 D GesturesBackController: onPointerEvent MotionEvent.ACTION_MOVE processMiuiGestures
06-06 17:05:12.707  5189  5896 D GesturesBackController: mSwipeStatus != SWIPE_STATUS_ANIMATING, processPointerEvent
06-06 17:05:12.722  5189  5896 D GesturesBackController: onPointerEvent swipeStatus:2
06-06 17:05:12.723  5189  5896 D GesturesBackController: onPointerEvent MotionEvent.ACTION_MOVE processMiuiGestures
06-06 17:05:12.723  5189  5896 D GesturesBackController: mSwipeStatus != SWIPE_STATUS_ANIMATING, processPointerEvent
06-06 17:05:12.739  5189  5896 D GesturesBackController: onPointerEvent swipeStatus:2
06-06 17:05:12.739  5189  5896 D GesturesBackController: onPointerEvent MotionEvent.ACTION_MOVE processMiuiGestures
06-06 17:05:12.740  5189  5896 D GesturesBackController: mSwipeStatus != SWIPE_STATUS_ANIMATING, processPointerEvent
06-06 17:05:12.756  5189  5896 D GesturesBackController: onPointerEvent swipeStatus:2
06-06 17:05:12.756  5189  5896 D GesturesBackController: onPointerEvent MotionEvent.ACTION_MOVE processMiuiGestures
06-06 17:05:12.757  5189  5896 D GesturesBackController: mSwipeStatus != SWIPE_STATUS_ANIMATING, processPointerEvent
06-06 17:05:12.773  5189  5896 D GesturesBackController: onPointerEvent swipeStatus:2
06-06 17:05:12.773  5189  5896 D GesturesBackController: onPointerEvent MotionEvent.ACTION_MOVE processMiuiGestures
06-06 17:05:12.773  5189  5896 D GesturesBackController: mSwipeStatus != SWIPE_STATUS_ANIMATING, processPointerEvent
06-06 17:05:12.790  5189  5896 D GesturesBackController: onPointerEvent swipeStatus:2
06-06 17:05:12.790  5189  5896 D GesturesBackController: onPointerEvent MotionEvent.ACTION_MOVE processMiuiGestures
06-06 17:05:12.791  5189  5896 D GesturesBackController: mSwipeStatus != SWIPE_STATUS_ANIMATING, processPointerEvent
06-06 17:05:12.808  5189  5896 D GesturesBackController: onPointerEvent swipeStatus:2
06-06 17:05:12.808  5189  5896 D GesturesBackController: onPointerEvent MotionEvent.ACTION_MOVE processMiuiGestures
06-06 17:05:12.809  5189  5896 D GesturesBackController: mSwipeStatus != SWIPE_STATUS_ANIMATING, processPointerEvent
06-06 17:05:12.823  5189  5896 D GesturesBackController: onPointerEvent swipeStatus:2
06-06 17:05:12.824  5189  5896 D GesturesBackController: onPointerEvent MotionEvent.ACTION_MOVE processMiuiGestures
06-06 17:05:12.824  5189  5896 D GesturesBackController: mSwipeStatus != SWIPE_STATUS_ANIMATING, processPointerEvent
06-06 17:05:12.833  9490  9676 I VoiceInputManagerWrapper: VoiceInputManagerWrapper.shutdownVoiceInternal():95 shutdownVoiceInternal()
06-06 17:05:12.840  5189  5896 D GesturesBackController: onPointerEvent swipeStatus:2
06-06 17:05:12.840  5189  5896 D GesturesBackController: onPointerEvent MotionEvent.ACTION_MOVE processMiuiGestures
06-06 17:05:12.840  5189  5896 D GesturesBackController: mSwipeStatus != SWIPE_STATUS_ANIMATING, processPointerEvent
06-06 17:05:12.857  5189  5896 D GesturesBackController: onPointerEvent swipeStatus:2
06-06 17:05:12.857  5189  5896 D GesturesBackController: onPointerEvent MotionEvent.ACTION_MOVE processMiuiGestures
06-06 17:05:12.858  5189  5896 D GesturesBackController: mSwipeStatus != SWIPE_STATUS_ANIMATING, processPointerEvent
06-06 17:05:12.890  5189  5896 D GesturesBackController: onPointerEvent swipeStatus:2
06-06 17:05:12.890  5189  5896 D GesturesBackController: onPointerEvent MotionEvent.ACTION_MOVE processMiuiGestures
06-06 17:05:12.891  5189  5896 D GesturesBackController: mSwipeStatus != SWIPE_STATUS_ANIMATING, processPointerEvent
06-06 17:05:12.907  5189  5896 D GesturesBackController: onPointerEvent swipeStatus:2
06-06 17:05:12.907  5189  5896 D GesturesBackController: onPointerEvent MotionEvent.ACTION_MOVE processMiuiGestures
06-06 17:05:12.908  5189  5896 D GesturesBackController: mSwipeStatus != SWIPE_STATUS_ANIMATING, processPointerEvent
06-06 17:05:12.940  5189  5896 D GesturesBackController: onPointerEvent swipeStatus:2
06-06 17:05:12.940  5189  5896 D GesturesBackController: onPointerEvent MotionEvent.ACTION_MOVE processMiuiGestures
06-06 17:05:12.941  5189  5896 D GesturesBackController: mSwipeStatus != SWIPE_STATUS_ANIMATING, processPointerEvent
06-06 17:05:12.991  5189  5896 D GesturesBackController: onPointerEvent swipeStatus:2
06-06 17:05:12.991  5189  5896 D GesturesBackController: onPointerEvent MotionEvent.ACTION_MOVE processMiuiGestures
06-06 17:05:12.991  5189  5896 D GesturesBackController: mSwipeStatus != SWIPE_STATUS_ANIMATING, processPointerEvent
06-06 17:05:13.007  5189  5896 D GesturesBackController: onPointerEvent swipeStatus:2
06-06 17:05:13.007  5189  5896 D GesturesBackController: onPointerEvent MotionEvent.ACTION_MOVE processMiuiGestures
06-06 17:05:13.008  5189  5896 D GesturesBackController: mSwipeStatus != SWIPE_STATUS_ANIMATING, processPointerEvent
06-06 17:05:13.040  5189  5896 D GesturesBackController: onPointerEvent swipeStatus:2
06-06 17:05:13.041  5189  5896 D GesturesBackController: onPointerEvent MotionEvent.ACTION_MOVE processMiuiGestures
06-06 17:05:13.041  5189  5896 D GesturesBackController: mSwipeStatus != SWIPE_STATUS_ANIMATING, processPointerEvent
06-06 17:05:13.058  5189  5896 D GesturesBackController: onPointerEvent swipeStatus:2
06-06 17:05:13.058  5189  5896 D GesturesBackController: onPointerEvent MotionEvent.ACTION_MOVE processMiuiGestures
06-06 17:05:13.058  5189  5896 D GesturesBackController: mSwipeStatus != SWIPE_STATUS_ANIMATING, processPointerEvent
06-06 17:05:13.167 19820 31164 E msgr.VoltronModuleMetadata: Unexpected module name: openh264
06-06 17:05:13.168 19820 31192 W msgr.lacrima: Soft error detector missing: VoltronModuleMetadata Unexpected module name: openh264, delaying
06-06 17:05:13.175 19820 31164 E msgr.AppModuleIndexUtil: Checking for valid module for openh264
06-06 17:05:13.175 19820 31192 W msgr.lacrima: Soft error detector missing: AppModuleIndexUtil Checking for valid module for openh264, delaying
06-06 17:05:13.176 19820 31164 E libprocessgroup: set_timerslack_ns write failed: Operation not permitted
06-06 17:05:13.184 19820 31164 E msgr.VoltronModuleMetadata: Unexpected module name: openh264
06-06 17:05:13.185 19820 31164 I chatty  : uid=10337(com.facebook.orca) CombinedTP12 identical 1 line
06-06 17:05:13.185 19820 31164 E msgr.VoltronModuleMetadata: Unexpected module name: openh264
06-06 17:05:13.186 19820 31192 W msgr.lacrima: Soft error detector missing: VoltronModuleMetadata Unexpected module name: openh264, delaying
06-06 17:05:13.186 19820 31192 I chatty  : uid=10337(com.facebook.orca) ErrorReportingT identical 1 line
06-06 17:05:13.186 19820 31192 W msgr.lacrima: Soft error detector missing: VoltronModuleMetadata Unexpected module name: openh264, delaying
06-06 17:05:13.238 19820 31164 I mobileconfig: Using asset manager to stream (unitType: kMobileConfigSessionless) params_map_v4_u0.txt
06-06 17:05:13.246 19820 31164 I mobileconfig: parsed v4 resource file for unittype: 1, config count: 2827
06-06 17:05:13.246 19820 31164 I mobileconfig: Successfully parsed resource file for (unitType: kMobileConfigSessionless)
06-06 17:05:13.246 19820 31164 I mobileconfig: Read one query hash from asset, it is = 47a537df9564077c3ae6f7eb16a497d7474219cbc8aa70b0a3cd5e4721d2b8af
06-06 17:05:13.247 19820 31164 I mobileconfig: Initialized MobileConfig - directory: /data/user/0/com.facebook.orca/files, unitType:1, appVersion: 362.0.0.8.108, paramHash: 2625e66138c4f49d1f5be031df42246f, readOnly: false bufferPathPostfix:
06-06 17:05:13.266 19820 31164 I mobileconfig: Using asset manager to stream (unitType: kMobileConfigAdminId) params_map_v4_u4.txt
06-06 17:05:13.267 19820 31164 I mobileconfig: parsed v4 resource file for unittype: 4, config count: 5
06-06 17:05:13.267 19820 31164 I mobileconfig: Successfully parsed resource file for (unitType: kMobileConfigAdminId)
06-06 17:05:13.268 19820 31164 I mobileconfig: Initialized MobileConfig - directory: /data/user/0/com.facebook.orca/files, unitType:4, appVersion: 362.0.0.8.108, paramHash: 613ea9813dc534c534efebd3ab539bdb, readOnly: false bufferPathPostfix:
06-06 17:05:13.412 19820 31163 W msgr.AppStateLoggerCore: AppStateLogger is not ready yet (getAppStateErrorLogger)
06-06 17:05:13.451  1803  5008 I MiuiNetworkPolicy: updateUidState uid = 10270, uidState = 19
06-06 17:05:13.451  1803  5008 I MiuiNetworkPolicy: updateUidState uid = 9801, uidState = 19
06-06 17:05:13.478  1803  1928 I libprocessgroup: Successfully killed process cgroup uid 10198 pid 28966 in 32ms
06-06 17:05:13.478   756   756 I Zygote  : Process 28966 exited due to signal 9 (Killed)
06-06 17:05:13.485   756   756 I Zygote  : Process 28905 exited due to signal 9 (Killed)
06-06 17:05:13.491  1803  1928 I libprocessgroup: Successfully killed process cgroup uid 10120 pid 28905 in 12ms
06-06 17:05:13.492  1803  5008 I MiuiNetworkPolicy: removeUidState uid = 10120
06-06 17:05:13.498 19820 31164 W msgr.MobileConfigFactoryImpl: SESSIONBASED factory used for SESSIONLESS param
06-06 17:05:13.498 19820 31192 W msgr.lacrima: Soft error detector missing: MobileConfigFactoryImpl: invalid specifier SESSIONBASED factory used for SESSIONLESS param, delaying
06-06 17:05:13.512   911 32324 I WifiHAL : event received NL80211_CMD_VENDOR, vendor_id = 0x1374, subcmd = 0xd
06-06 17:05:13.513  1551  1551 I cnss-daemon: nl80211 response handler invoked
06-06 17:05:13.513  1551  1551 I cnss-daemon: nl80211_response_handler: cmd 103, vendorID 4980, subcmd 13  received
06-06 17:05:13.542  5189  5896 D GesturesBackController: onPointerEvent swipeStatus:2
06-06 17:05:13.542  5189  5896 D GesturesBackController: onPointerEvent MotionEvent.ACTION_MOVE processMiuiGestures
06-06 17:05:13.542  5189  5896 D GesturesBackController: mSwipeStatus != SWIPE_STATUS_ANIMATING, processPointerEvent
06-06 17:05:13.558  5189  5896 D GesturesBackController: onPointerEvent swipeStatus:2
06-06 17:05:13.558  5189  5896 D GesturesBackController: onPointerEvent MotionEvent.ACTION_MOVE processMiuiGestures
06-06 17:05:13.559  5189  5896 D GesturesBackController: mSwipeStatus != SWIPE_STATUS_ANIMATING, processPointerEvent
06-06 17:05:13.575  5189  5896 D GesturesBackController: onPointerEvent swipeStatus:2
06-06 17:05:13.575  5189  5896 D GesturesBackController: onPointerEvent MotionEvent.ACTION_MOVE processMiuiGestures
06-06 17:05:13.575  5189  5896 D GesturesBackController: mSwipeStatus != SWIPE_STATUS_ANIMATING, processPointerEvent
06-06 17:05:13.586  1803  5031 D SlaveWifiManager: getWifiSlaveConnectionInfo
06-06 17:05:13.587  1803  5031 I chatty  : uid=1000(system) ConnectivitySer identical 55 lines
06-06 17:05:13.587  1803  5031 D SlaveWifiManager: getWifiSlaveConnectionInfo
06-06 17:05:13.588  1803  5104 D Ethernet: got request NetworkRequest [ TRACK_DEFAULT id=7090, [ Capabilities: INTERNET&NOT_RESTRICTED&TRUSTED Uid: 10337 AdministratorUids: [] RequestorUid: 10337 RequestorPackageName: com.facebook.orca] ] with score 60 and providerId 3
06-06 17:05:13.588  1803  5103 D WIFI_AWARE_FACTORY: got request NetworkRequest [ TRACK_DEFAULT id=7090, [ Capabilities: INTERNET&NOT_RESTRICTED&TRUSTED Uid: 10337 AdministratorUids: [] RequestorUid: 10337 RequestorPackageName: com.facebook.orca] ] with score 60 and providerId 3
06-06 17:05:13.588  5702  5702 D PhoneSwitcherNetworkRequstListener: got request NetworkRequest [ TRACK_DEFAULT id=7090, [ Capabilities: INTERNET&NOT_RESTRICTED&TRUSTED Uid: 10337 AdministratorUids: [] RequestorUid: 10337 RequestorPackageName: com.facebook.orca] ] with score 60 and providerId 3
06-06 17:05:13.589  1803  5010 D UntrustedWifiNetworkFactory: got request NetworkRequest [ TRACK_DEFAULT id=7090, [ Capabilities: INTERNET&NOT_RESTRICTED&TRUSTED Uid: 10337 AdministratorUids: [] RequestorUid: 10337 RequestorPackageName: com.facebook.orca] ] with score 60 and providerId 3
06-06 17:05:13.589  1803  5010 D WifiSlaveNetworkFactory: got request NetworkRequest [ TRACK_DEFAULT id=7090, [ Capabilities: INTERNET&NOT_RESTRICTED&TRUSTED Uid: 10337 AdministratorUids: [] RequestorUid: 10337 RequestorPackageName: com.facebook.orca] ] with score 60 and providerId 3
06-06 17:05:13.589  1803  5010 D UntrustedWifiNetworkFactory: got request NetworkRequest [ TRACK_DEFAULT id=7090, [ Capabilities: INTERNET&NOT_RESTRICTED&TRUSTED Uid: 10337 AdministratorUids: [] RequestorUid: 10337 RequestorPackageName: com.facebook.orca] ] with score 60 and providerId 3
06-06 17:05:13.589  1803  5010 D WifiNetworkFactory: got request NetworkRequest [ TRACK_DEFAULT id=7090, [ Capabilities: INTERNET&NOT_RESTRICTED&TRUSTED Uid: 10337 AdministratorUids: [] RequestorUid: 10337 RequestorPackageName: com.facebook.orca] ] with score 60 and providerId 3
06-06 17:05:13.591  5189  5896 D GesturesBackController: onPointerEvent swipeStatus:2
06-06 17:05:13.591  5189  5896 D GesturesBackController: onPointerEvent MotionEvent.ACTION_MOVE processMiuiGestures
06-06 17:05:13.591  5189  5896 D GesturesBackController: mSwipeStatus != SWIPE_STATUS_ANIMATING, processPointerEvent
06-06 17:05:13.608  5189  5896 D GesturesBackController: onPointerEvent swipeStatus:2
06-06 17:05:13.608  5189  5896 D GesturesBackController: onPointerEvent MotionEvent.ACTION_MOVE processMiuiGestures
06-06 17:05:13.608  5189  5896 D GesturesBackController: mSwipeStatus != SWIPE_STATUS_ANIMATING, processPointerEvent
06-06 17:05:13.612 19820 31154 W msgr.ServiceInfoParser: X.3Ka: Service com.facebook.browser.lite.BrowserLiteIntentService is missing meta key com.facebook.common.jobscheduler.compat.jobIds
06-06 17:05:13.612 19820 31154 W msgr.ServiceInfoParser: X.3Ka: Service com.facebook.browser.lite.BrowserLiteInMainProcessIntentService is missing meta key com.facebook.common.jobscheduler.compat.jobIds
06-06 17:05:13.612 19820 31154 W msgr.ServiceInfoParser: X.3Ka: Service com.facebook.common.errorreporting.memory.MemoryDumpUploadService is missing meta key com.facebook.common.jobscheduler.compat.jobIds
06-06 17:05:13.612 19820 31154 W msgr.ServiceInfoParser: X.3Ka: Service com.facebook.contacts.service.ContactLocaleChangeService is missing meta key com.facebook.common.jobscheduler.compat.jobIds
06-06 17:05:13.612 19820 31154 W msgr.ServiceInfoParser: X.3Ka: Service com.facebook.messaging.livelocation.bindings.MessengerLiveLocationBooterService is missing meta key com.facebook.common.jobscheduler.compat.jobIds
06-06 17:05:13.612 19820 31154 W msgr.ServiceInfoParser: X.3Ka: Service com.facebook.messaging.chatheads.service.ChatHeadsBooterService is missing meta key com.facebook.common.jobscheduler.compat.jobIds
06-06 17:05:13.612 19820 31154 W msgr.ServiceInfoParser: X.3Ka: Service com.facebook.conditionalworker.ConditionalWorkerService is missing meta key com.facebook.common.jobscheduler.compat.jobIds
06-06 17:05:13.613 19820 31154 W msgr.ServiceInfoParser: X.3Ka: Service com.facebook.appcomponentmanager.AppComponentManagerService is missing meta key com.facebook.common.jobscheduler.compat.jobIds
06-06 17:05:13.614 19820 31154 W msgr.ServiceInfoParser: X.3Ka: Service com.facebook.common.dextricks.DexOptimization$Service is missing meta key com.facebook.common.jobscheduler.compat.jobIds
06-06 17:05:13.614 19820 31154 W msgr.ServiceInfoParser: X.3Ka: Service com.facebook.common.dextricks.DexOptimizationJobService is missing meta key com.facebook.common.jobscheduler.compat.jobIds
06-06 17:05:13.614 19820 31154 W msgr.ServiceInfoParser: X.3Ka: Service com.facebook.fbservice.service.BlueServiceJobIntentService is missing meta key com.facebook.common.jobscheduler.compat.jobIds
06-06 17:05:13.614 19820 31154 W msgr.ServiceInfoParser: X.3Ka: Service com.facebook.googleplay.GooglePlayInstallRefererService is missing meta key com.facebook.common.jobscheduler.compat.jobIds
06-06 17:05:13.614 19820 31154 W msgr.ServiceInfoParser: X.3Ka: Service com.facebook.messaging.sms.defaultapp.SmsHandlerService is missing meta key com.facebook.common.jobscheduler.compat.jobIds
06-06 17:05:13.614 19820 31154 W msgr.ServiceInfoParser: X.3Ka: Service com.facebook.messaging.universallinks.receiver.InstallReferrerFetchJobIntentService is missing meta key com.facebook.common.jobscheduler.compat.jobIds
06-06 17:05:13.614 19820 31154 W msgr.ServiceInfoParser: X.3Ka: Service com.facebook.orca.notify.MessagesNotificationService is missing meta key com.facebook.common.jobscheduler.compat.jobIds
06-06 17:05:13.614 19820 31154 W msgr.ServiceInfoParser: X.3Ka: Service com.facebook.oxygen.preloads.sdk.firstparty.managedappcache.IsManagedAppCacheJobService is missing meta key com.facebook.common.jobscheduler.compat.jobIds
06-06 17:05:13.615 19820 31154 W msgr.ServiceInfoParser: X.3Ka: Service com.facebook.push.mqtt.service.MqttPushHelperService is missing meta key com.facebook.common.jobscheduler.compat.jobIds
06-06 17:05:13.615 19820 31154 W msgr.ServiceInfoParser: X.3Ka: Service com.facebook.papaya.fb.client.services.FBPapayaJobService is missing meta key com.facebook.common.jobscheduler.compat.jobIds
06-06 17:05:13.615 19820 31154 W msgr.ServiceInfoParser: X.3Ka: Service com.facebook.push.registration.RegistrarHelperService is missing meta key com.facebook.common.jobscheduler.compat.jobIds
06-06 17:05:13.616 19820 31154 W msgr.ServiceInfoParser: X.3Ka: Service com.facebook.push.crossapp.PackageRemovedReporterService is missing meta key com.facebook.common.jobscheduler.compat.jobIds
06-06 17:05:13.616 19820 31154 W msgr.ServiceInfoParser: X.3Ka: Service com.facebook.push.adm.ADMService is missing meta key com.facebook.common.jobscheduler.compat.jobIds
06-06 17:05:13.616 19820 31154 W msgr.ServiceInfoParser: X.3Ka: Service com.facebook.push.adm.ADMBroadcastReceiverJobBase is missing meta key com.facebook.common.jobscheduler.compat.jobIds
06-06 17:05:13.616 19820 31154 W msgr.ServiceInfoParser: X.3Ka: Service com.facebook.push.adm.ADMJobIntentService is missing meta key com.facebook.common.jobscheduler.compat.jobIds
06-06 17:05:13.616 19820 31154 W msgr.ServiceInfoParser: X.3Ka: Service com.facebook.push.negativefeedback.PushNegativeFeedbackFbJobIntentService is missing meta key com.facebook.common.jobscheduler.compat.jobIds
06-06 17:05:13.616 19820 31154 W msgr.ServiceInfoParser: X.3Ka: Service com.facebook.messaging.prefs.notifications.NotificationPrefsSyncService is missing meta key com.facebook.common.jobscheduler.compat.jobIds
06-06 17:05:13.616 19820 31154 W msgr.ServiceInfoParser: X.3Ka: Service com.facebook.reportaproblem.base.bugreport.BugReportUploadService is missing meta key com.facebook.common.jobscheduler.compat.jobIds
06-06 17:05:13.616 19820 31154 W msgr.ServiceInfoParser: X.3Ka: Service com.facebook.analytics.appstatelogger.AppStateIntentService is missing meta key com.facebook.common.jobscheduler.compat.jobIds
06-06 17:05:13.616 19820 31154 W msgr.ServiceInfoParser: X.3Ka: Service com.facebook.analytics2.logger.LollipopUploadService is missing meta key com.facebook.common.jobscheduler.compat.jobIds
06-06 17:05:13.617 19820 31154 W msgr.ServiceInfoParser: X.3Ka: Service com.facebook.push.fbpushdata.common.FbPushDataHandlerService is missing meta key com.facebook.common.jobscheduler.compat.jobIds
06-06 17:05:13.617 19820 31154 W msgr.ServiceInfoParser: X.3Ka: Service com.facebook.delayedworker.DelayedWorkerService is missing meta key com.facebook.common.jobscheduler.compat.jobIds
06-06 17:05:13.617 19820 31154 W msgr.ServiceInfoParser: X.3Ka: Service com.facebook.profilo.upload.TraceUploadRetryJob is missing meta key com.facebook.common.jobscheduler.compat.jobIds
06-06 17:05:13.617 19820 31154 W msgr.ServiceInfoParser: X.3Ka: Service com.facebook.push.fcm.FcmRegistrarFbJobIntentService is missing meta key com.facebook.common.jobscheduler.compat.jobIds
06-06 17:05:13.617 19820 31154 W msgr.ServiceInfoParser: X.3Ka: Service androidx.work.impl.background.systemjob.SystemJobService is missing meta key com.facebook.common.jobscheduler.compat.jobIds
06-06 17:05:13.618 19820 31154 W msgr.ServiceInfoParser: X.3Ka: Service com.google.android.gms.analytics.AnalyticsJobService is missing meta key com.facebook.common.jobscheduler.compat.jobIds
