06-06 17:04:50.866  5189  5896 D GestureStubView_Touch:   updateTouchable---requestApplyInsets
06-06 17:04:50.867  5189  5896 D GestureStubView: handleMessage MSG_RESET_GESTURE_STUB_TOUCHABLE
06-06 17:04:50.927 19819 29939 E SettingsTree: hide because exception occurs when query: Connected work & personal apps
06-06 17:04:50.927 19819 29939 E SettingsTree: java.lang.IllegalArgumentException: Preference key must be set
06-06 17:04:50.927 19819 29939 E SettingsTree: 	at com.android.settings.core.BasePreferenceController.<init>(BasePreferenceController.java:200)
06-06 17:04:50.927 19819 29939 E SettingsTree: 	at com.android.settings.applications.specialaccess.interactacrossprofiles.InteractAcrossProfilesController.<init>(InteractAcrossProfilesController.java:43)
06-06 17:04:50.927 19819 29939 E SettingsTree: 	at com.android.settings.search.tree.SecuritySettingsTree.getStatus(SecuritySettingsTree.java:378)
06-06 17:04:50.927 19819 29939 E SettingsTree: 	at com.android.settingslib.search.SettingsTree.getStatusIgnoreException(SettingsTree.java:569)
06-06 17:04:50.927 19819 29939 E SettingsTree: 	at com.android.settingslib.search.SettingsTree.query(SettingsTree.java:554)
06-06 17:04:50.927 19819 29939 E SettingsTree: 	at com.android.settingslib.search.IndexTree.dispatchQuery(IndexTree.java:197)
06-06 17:04:50.927 19819 29939 E SettingsTree: 	at com.android.settingslib.search.IndexTree.dispatchQuery(IndexTree.java:206)
06-06 17:04:50.927 19819 29939 E SettingsTree: 	at com.android.settingslib.search.IndexTree.dispatchQuery(IndexTree.java:206)
06-06 17:04:50.927 19819 29939 E SettingsTree: 	at com.android.settingslib.search.IndexTree.dispatchQuery(IndexTree.java:206)
06-06 17:04:50.927 19819 29939 E SettingsTree: 	at com.android.settingslib.search.IndexTree.dispatchQuery(IndexTree.java:206)
06-06 17:04:50.927 19819 29939 E SettingsTree: 	at com.android.settings.search.provider.SettingsTreeHelper.query(SettingsTreeHelper.java:120)
06-06 17:04:50.927 19819 29939 E SettingsTree: 	at com.android.settings.search.provider.SettingsProvider.query(SettingsProvider.java:72)
06-06 17:04:50.927 19819 29939 E SettingsTree: 	at android.content.ContentProvider.query(ContentProvider.java:1407)
06-06 17:04:50.927 19819 29939 E SettingsTree: 	at android.content.ContentProvider.query(ContentProvider.java:1503)
06-06 17:04:50.927 19819 29939 E SettingsTree: 	at android.content.ContentProvider$Transport.query(ContentProvider.java:283)
06-06 17:04:50.927 19819 29939 E SettingsTree: 	at android.content.ContentResolver.query(ContentResolver.java:1197)
06-06 17:04:50.927 19819 29939 E SettingsTree: 	at android.content.ContentResolver.query(ContentResolver.java:1128)
06-06 17:04:50.927 19819 29939 E SettingsTree: 	at android.content.ContentResolver.query(ContentResolver.java:1084)
06-06 17:04:50.927 19819 29939 E SettingsTree: 	at com.android.settings.search.SearchResult.getSearchResultList(SearchResult.java:45)
06-06 17:04:50.927 19819 29939 E SettingsTree: 	at com.android.settings.SettingsFragment$SearchHandler.handleMessage(SettingsFragment.java:763)
06-06 17:04:50.927 19819 29939 E SettingsTree: 	at android.os.Handler.dispatchMessage(Handler.java:106)
06-06 17:04:50.927 19819 29939 E SettingsTree: 	at android.os.Looper.loop(Looper.java:237)
06-06 17:04:50.927 19819 29939 E SettingsTree: 	at android.os.HandlerThread.run(HandlerThread.java:67)
06-06 17:04:50.987 19819 29939 D MiuiPhoneUtils: isSensorSupported: gravitySensorSupported=true, accelerometerSensorSupported=true, linearAccSensorSupported=true, gyroscopeSensorSupported=true
06-06 17:04:51.001 19819 29939 E ndroid.setting: Invalid ID 0x00000000.
06-06 17:04:51.008 19819 29939 I chatty  : uid=1000(system) SettingsFragmen identical 8 lines
06-06 17:04:51.008 19819 29939 E ndroid.setting: Invalid ID 0x00000000.
06-06 17:04:51.009 19819 29939 E MiuiUtils: Cannot find package: com.android.quicksearchbox
06-06 17:04:51.009 19819 29939 E MiuiUtils: android.content.pm.PackageManager$NameNotFoundException: com.android.quicksearchbox
06-06 17:04:51.009 19819 29939 E MiuiUtils: 	at android.app.ApplicationPackageManager.getPackageInfoAsUser(ApplicationPackageManager.java:209)
06-06 17:04:51.009 19819 29939 E MiuiUtils: 	at android.app.ApplicationPackageManager.getPackageInfo(ApplicationPackageManager.java:181)
06-06 17:04:51.009 19819 29939 E MiuiUtils: 	at com.android.settings.MiuiUtils.getAppLongVersionCode(MiuiUtils.java:1377)
06-06 17:04:51.009 19819 29939 E MiuiUtils: 	at com.android.settings.controller.FullScreenDisplayController.quickSearchBoxTooOld(FullScreenDisplayController.java:42)
06-06 17:04:51.009 19819 29939 E MiuiUtils: 	at com.android.settings.controller.FullScreenDisplayController.isRemoveEntryFromSettings(FullScreenDisplayController.java:47)
06-06 17:04:51.009 19819 29939 E MiuiUtils: 	at com.android.settings.search.tree.FullScreenDisplaySettingsTree.getStatus(FullScreenDisplaySettingsTree.java:47)
06-06 17:04:51.009 19819 29939 E MiuiUtils: 	at com.android.settingslib.search.SettingsTree.getStatusIgnoreException(SettingsTree.java:569)
06-06 17:04:51.009 19819 29939 E MiuiUtils: 	at com.android.settingslib.search.SettingsTree.query(SettingsTree.java:545)
06-06 17:04:51.009 19819 29939 E MiuiUtils: 	at com.android.settingslib.search.IndexTree.dispatchQuery(IndexTree.java:197)
06-06 17:04:51.009 19819 29939 E MiuiUtils: 	at com.android.settingslib.search.IndexTree.dispatchQuery(IndexTree.java:206)
06-06 17:04:51.009 19819 29939 E MiuiUtils: 	at com.android.settingslib.search.IndexTree.dispatchQuery(IndexTree.java:206)
06-06 17:04:51.009 19819 29939 E MiuiUtils: 	at com.android.settings.search.provider.SettingsTreeHelper.query(SettingsTreeHelper.java:120)
06-06 17:04:51.009 19819 29939 E MiuiUtils: 	at com.android.settings.search.provider.SettingsProvider.query(SettingsProvider.java:72)
06-06 17:04:51.009 19819 29939 E MiuiUtils: 	at android.content.ContentProvider.query(ContentProvider.java:1407)
06-06 17:04:51.009 19819 29939 E MiuiUtils: 	at android.content.ContentProvider.query(ContentProvider.java:1503)
06-06 17:04:51.009 19819 29939 E MiuiUtils: 	at android.content.ContentProvider$Transport.query(ContentProvider.java:283)
06-06 17:04:51.009 19819 29939 E MiuiUtils: 	at android.content.ContentResolver.query(ContentResolver.java:1197)
06-06 17:04:51.009 19819 29939 E MiuiUtils: 	at android.content.ContentResolver.query(ContentResolver.java:1128)
06-06 17:04:51.009 19819 29939 E MiuiUtils: 	at android.content.ContentResolver.query(ContentResolver.java:1084)
06-06 17:04:51.009 19819 29939 E MiuiUtils: 	at com.android.settings.search.SearchResult.getSearchResultList(SearchResult.java:45)
06-06 17:04:51.009 19819 29939 E MiuiUtils: 	at com.android.settings.SettingsFragment$SearchHandler.handleMessage(SettingsFragment.java:763)
06-06 17:04:51.009 19819 29939 E MiuiUtils: 	at android.os.Handler.dispatchMessage(Handler.java:106)
06-06 17:04:51.009 19819 29939 E MiuiUtils: 	at android.os.Looper.loop(Looper.java:237)
06-06 17:04:51.009 19819 29939 E MiuiUtils: 	at android.os.HandlerThread.run(HandlerThread.java:67)
06-06 17:04:51.023 19819 29939 E ndroid.setting: Invalid ID 0x00000000.
06-06 17:04:51.028 19819 29939 I chatty  : uid=1000(system) SettingsFragmen identical 4 lines
06-06 17:04:51.028 19819 29939 E ndroid.setting: Invalid ID 0x00000000.
06-06 17:04:51.038 19819 29939 E SettingsTree: hide because exception occurs when query: Delete Second space
06-06 17:04:51.038 19819 29939 E SettingsTree: java.lang.NullPointerException: Attempt to invoke virtual method 'android.content.ContentResolver android.app.Activity.getContentResolver()' on a null object reference
06-06 17:04:51.038 19819 29939 E SettingsTree: 	at com.android.settings.development.SecondSpaceDeleteController.getSecondSpaceId(SecondSpaceDeleteController.java:80)
06-06 17:04:51.038 19819 29939 E SettingsTree: 	at com.android.settings.development.SecondSpaceDeleteController.isAvailable(SecondSpaceDeleteController.java:75)
06-06 17:04:51.038 19819 29939 E SettingsTree: 	at com.android.settings.search.tree.DevelopmentSettingsTree.getStatus(DevelopmentSettingsTree.java:180)
06-06 17:04:51.038 19819 29939 E SettingsTree: 	at com.android.settingslib.search.SettingsTree.getStatusIgnoreException(SettingsTree.java:569)
06-06 17:04:51.038 19819 29939 E SettingsTree: 	at com.android.settingslib.search.SettingsTree.query(SettingsTree.java:554)
06-06 17:04:51.038 19819 29939 E SettingsTree: 	at com.android.settingslib.search.IndexTree.dispatchQuery(IndexTree.java:197)
06-06 17:04:51.038 19819 29939 E SettingsTree: 	at com.android.settingslib.search.IndexTree.dispatchQuery(IndexTree.java:206)
06-06 17:04:51.038 19819 29939 E SettingsTree: 	at com.android.settingslib.search.IndexTree.dispatchQuery(IndexTree.java:206)
06-06 17:04:51.038 19819 29939 E SettingsTree: 	at com.android.settingslib.search.IndexTree.dispatchQuery(IndexTree.java:206)
06-06 17:04:51.038 19819 29939 E SettingsTree: 	at com.android.settings.search.provider.SettingsTreeHelper.query(SettingsTreeHelper.java:120)
06-06 17:04:51.038 19819 29939 E SettingsTree: 	at com.android.settings.search.provider.SettingsProvider.query(SettingsProvider.java:72)
06-06 17:04:51.038 19819 29939 E SettingsTree: 	at android.content.ContentProvider.query(ContentProvider.java:1407)
06-06 17:04:51.038 19819 29939 E SettingsTree: 	at android.content.ContentProvider.query(ContentProvider.java:1503)
06-06 17:04:51.038 19819 29939 E SettingsTree: 	at android.content.ContentProvider$Transport.query(ContentProvider.java:283)
06-06 17:04:51.038 19819 29939 E SettingsTree: 	at android.content.ContentResolver.query(ContentResolver.java:1197)
06-06 17:04:51.038 19819 29939 E SettingsTree: 	at android.content.ContentResolver.query(ContentResolver.java:1128)
06-06 17:04:51.038 19819 29939 E SettingsTree: 	at android.content.ContentResolver.query(ContentResolver.java:1084)
06-06 17:04:51.038 19819 29939 E SettingsTree: 	at com.android.settings.search.SearchResult.getSearchResultList(SearchResult.java:45)
06-06 17:04:51.038 19819 29939 E SettingsTree: 	at com.android.settings.SettingsFragment$SearchHandler.handleMessage(SettingsFragment.java:763)
06-06 17:04:51.038 19819 29939 E SettingsTree: 	at android.os.Handler.dispatchMessage(Handler.java:106)
06-06 17:04:51.038 19819 29939 E SettingsTree: 	at android.os.Looper.loop(Looper.java:237)
06-06 17:04:51.038 19819 29939 E SettingsTree: 	at android.os.HandlerThread.run(HandlerThread.java:67)
06-06 17:04:51.039   548   548 E SELinux : avc:  denied  { find } for interface=vendor.xiaomi.hardware.otgswitch::IOtgSwitch sid=u:r:system_app:s0 pid=19819 scontext=u:r:system_app:s0 tcontext=u:object_r:default_android_hwservice:s0 tclass=hwservice_manager permissive=0
06-06 17:04:51.047 19819 29939 E ndroid.setting: Invalid ID 0x00000000.
06-06 17:04:51.050 19819 29939 I chatty  : uid=1000(system) SettingsFragmen identical 3 lines
06-06 17:04:51.050 19819 29939 E ndroid.setting: Invalid ID 0x00000000.
06-06 17:04:51.061 19819 29939 E SettingsTree: hide because exception occurs when query: Location for work profile
06-06 17:04:51.061 19819 29939 E SettingsTree: java.lang.IllegalArgumentException: Preference key must be set
06-06 17:04:51.061 19819 29939 E SettingsTree: 	at com.android.settings.core.BasePreferenceController.<init>(BasePreferenceController.java:200)
06-06 17:04:51.061 19819 29939 E SettingsTree: 	at com.android.settings.location.LocationBasePreferenceController.<init>(LocationBasePreferenceController.java:41)
06-06 17:04:51.061 19819 29939 E SettingsTree: 	at com.android.settings.location.LocationForWorkPreferenceController.<init>(LocationForWorkPreferenceController.java:40)
06-06 17:04:51.061 19819 29939 E SettingsTree: 	at com.android.settings.search.tree.SecuritySettingsTree.getStatus(SecuritySettingsTree.java:373)
06-06 17:04:51.061 19819 29939 E SettingsTree: 	at com.android.settingslib.search.SettingsTree.getStatusIgnoreException(SettingsTree.java:569)
06-06 17:04:51.061 19819 29939 E SettingsTree: 	at com.android.settingslib.search.SettingsTree.query(SettingsTree.java:554)
06-06 17:04:51.061 19819 29939 E SettingsTree: 	at com.android.settingslib.search.IndexTree.dispatchQuery(IndexTree.java:197)
06-06 17:04:51.061 19819 29939 E SettingsTree: 	at com.android.settingslib.search.IndexTree.dispatchQuery(IndexTree.java:206)
06-06 17:04:51.061 19819 29939 E SettingsTree: 	at com.android.settingslib.search.IndexTree.dispatchQuery(IndexTree.java:206)
06-06 17:04:51.061 19819 29939 E SettingsTree: 	at com.android.settings.search.provider.SettingsTreeHelper.query(SettingsTreeHelper.java:120)
06-06 17:04:51.061 19819 29939 E SettingsTree: 	at com.android.settings.search.provider.SettingsProvider.query(SettingsProvider.java:72)
06-06 17:04:51.061 19819 29939 E SettingsTree: 	at android.content.ContentProvider.query(ContentProvider.java:1407)
06-06 17:04:51.061 19819 29939 E SettingsTree: 	at android.content.ContentProvider.query(ContentProvider.java:1503)
06-06 17:04:51.061 19819 29939 E SettingsTree: 	at android.content.ContentProvider$Transport.query(ContentProvider.java:283)
06-06 17:04:51.061 19819 29939 E SettingsTree: 	at android.content.ContentResolver.query(ContentResolver.java:1197)
06-06 17:04:51.061 19819 29939 E SettingsTree: 	at android.content.ContentResolver.query(ContentResolver.java:1128)
06-06 17:04:51.061 19819 29939 E SettingsTree: 	at android.content.ContentResolver.query(ContentResolver.java:1084)
06-06 17:04:51.061 19819 29939 E SettingsTree: 	at com.android.settings.search.SearchResult.getSearchResultList(SearchResult.java:45)
06-06 17:04:51.061 19819 29939 E SettingsTree: 	at com.android.settings.SettingsFragment$SearchHandler.handleMessage(SettingsFragment.java:763)
06-06 17:04:51.061 19819 29939 E SettingsTree: 	at android.os.Handler.dispatchMessage(Handler.java:106)
06-06 17:04:51.061 19819 29939 E SettingsTree: 	at android.os.Looper.loop(Looper.java:237)
06-06 17:04:51.061 19819 29939 E SettingsTree: 	at android.os.HandlerThread.run(HandlerThread.java:67)
06-06 17:04:51.061 19819 29939 D Utils   : com.android.settings.search.provider.SettingsProvider.query(SettingsProvider.java:74) (233) takes 656.0ms
06-06 17:04:51.101 19819 29939 W System.err: java.lang.NumberFormatException: For input string: "class_color_search_bg_dark_bg"
06-06 17:04:51.101 19819 29939 W System.err: 	at java.lang.Long.parseLong(Long.java:594)
06-06 17:04:51.101 19819 29939 W System.err: 	at com.android.internal.util.XmlUtils.parseUnsignedIntAttribute(XmlUtils.java:179)
06-06 17:04:51.101 19819 29939 W System.err: 	at com.android.internal.util.XmlUtils.convertValueToUnsignedInt(XmlUtils.java:149)
06-06 17:04:51.101 19819 29939 W System.err: 	at miui.content.res.ThemeValues.parseResourceNonArrayValue(ThemeValues.java:203)
06-06 17:04:51.101 19819 29939 W System.err: 	at miui.content.res.ThemeValues.parseThemeValues(ThemeValues.java:160)
06-06 17:04:51.101 19819 29939 W System.err: 	at miui.content.res.ThemeResources$LoadThemeConfigHelper.load(ThemeResources.java:459)
06-06 17:04:51.101 19819 29939 W System.err: 	at miui.content.res.ThemeZipFile.loadThemeConfigInner(ThemeZipFile.java:274)
06-06 17:04:51.101 19819 29939 W System.err: 	at miui.content.res.ThemeZipFile.loadThemeConfig(ThemeZipFile.java:256)
06-06 17:04:51.101 19819 29939 W System.err: 	at miui.content.res.ThemeResources$LoadThemeConfigHelper.newTarget(ThemeResources.java:452)
06-06 17:04:51.101 19819 29939 W System.err: 	at miui.content.res.ThemeResources.loadThemeValues(ThemeResources.java:471)
06-06 17:04:51.101 19819 29939 W System.err: 	at miui.content.res.ThemeResources.checkUpdate(ThemeResources.java:241)
06-06 17:04:51.101 19819 29939 W System.err: 	at miui.content.res.ThemeResources.<init>(ThemeResources.java:232)
06-06 17:04:51.101 19819 29939 W System.err: 	at miui.content.res.ThemeResourcesPackage.<init>(ThemeResourcesPackage.java:79)
06-06 17:04:51.101 19819 29939 W System.err: 	at miui.content.res.ThemeResourcesPackage.getTopLevelThemeResources(ThemeResourcesPackage.java:69)
06-06 17:04:51.101 19819 29939 W System.err: 	at miui.content.res.ThemeResourcesPackage.getThemeResources(ThemeResourcesPackage.java:40)
06-06 17:04:51.101 19819 29939 W System.err: 	at android.content.res.MiuiResourcesImpl.init(MiuiResourcesImpl.java:342)
06-06 17:04:51.101 19819 29939 W System.err: 	at android.content.res.MiuiResources.init(MiuiResources.java:198)
06-06 17:04:51.101 19819 29939 W System.err: 	at android.miui.ResourcesManager.initMiuiResource(ResourcesManager.java:86)
06-06 17:04:51.101 19819 29939 W System.err: 	at android.app.ContextImpl.setResources(ContextImpl.java:2801)
06-06 17:04:51.101 19819 29939 W System.err: 	at android.app.ContextImpl.createPackageContextAsUser(ContextImpl.java:2327)
06-06 17:04:51.101 19819 29939 W System.err: 	at android.app.ContextImpl.createPackageContext(ContextImpl.java:2306)
06-06 17:04:51.101 19819 29939 W System.err: 	at android.content.ContextWrapper.createPackageContext(ContextWrapper.java:938)
06-06 17:04:51.101 19819 29939 W System.err: 	at com.android.settings.search.appseparate.CollectResultProcessor.getAppName(CollectResultProcessor.java:157)
06-06 17:04:51.101 19819 29939 W System.err: 	at com.android.settings.search.appseparate.CollectResultProcessor.getMatchData(CollectResultProcessor.java:128)
06-06 17:04:51.101 19819 29939 W System.err: 	at com.android.settings.search.appseparate.SeparateAppSearchHelper.getSearchResult(SeparateAppSearchHelper.java:289)
06-06 17:04:51.101 19819 29939 W System.err: 	at com.android.settings.SettingsFragment$SearchHandler.handleMessage(SettingsFragment.java:765)
06-06 17:04:51.101 19819 29939 W System.err: 	at android.os.Handler.dispatchMessage(Handler.java:106)
06-06 17:04:51.101 19819 29939 W System.err: 	at android.os.Looper.loop(Looper.java:237)
06-06 17:04:51.101 19819 29939 W System.err: 	at android.os.HandlerThread.run(HandlerThread.java:67)
06-06 17:04:51.167 19819 29939 D Utils   : com.android.settings.search.appseparate.CollectResultProcessor.getMatchData(CollectResultProcessor.java:149) (-) takes 102.0ms
06-06 17:04:51.168 19819 29939 D Utils   : com.android.settings.SettingsFragment.getMergeSearchResults(SettingsFragment.java:912) (-) takes 1.0ms
06-06 17:04:51.199 29946 29946 W TcmReceiver: type=1400 audit(0.0:10464331): avc: denied { write } for name="tcm" dev="tmpfs" ino=348 scontext=u:r:theme:s0 tcontext=u:object_r:vendor_dpmtcm_socket:s0 tclass=sock_file permissive=0
06-06 17:04:51.276 19819 29824 W System  : A resource failed to call close.
06-06 17:04:51.277 19819 29824 W System  : A resource failed to call close.
06-06 17:04:51.287 19819 29939 E ndroid.setting: Invalid ID 0x00000000.
06-06 17:04:51.291 19819 29939 I chatty  : uid=1000(system) SettingsFragmen identical 6 lines
06-06 17:04:51.291 19819 29939 E ndroid.setting: Invalid ID 0x00000000.
06-06 17:04:51.352 19819 29939 W Settings: Setting airplane_mode_on has moved from android.provider.Settings.System to android.provider.Settings.Global, returning read-only value.
06-06 17:04:51.355  5702  7318 D ExtTelephonyServiceImpl: enforceReadPrivilegedPermission for getCurrentUiccCardProvisioningStatus
06-06 17:04:51.358  5702  7318 D ExtTelephonyServiceImpl: enforceReadPrivilegedPermission for getCurrentUiccCardProvisioningStatus
06-06 17:04:51.361 19819 29939 E ndroid.setting: Invalid ID 0x00000000.
06-06 17:04:51.361 19819 29939 E ndroid.setting: Invalid ID 0x00000000.
06-06 17:04:51.364  5702  7318 D ExtTelephonyServiceImpl: enforceReadPrivilegedPermission for getCurrentUiccCardProvisioningStatus
06-06 17:04:51.366 19819 29939 E ndroid.setting: Invalid ID 0x00000000.
06-06 17:04:51.367 19819 29939 W Settings: Setting airplane_mode_on has moved from android.provider.Settings.System to android.provider.Settings.Global, returning read-only value.
06-06 17:04:51.368 19819 29939 W Settings: Setting airplane_mode_on has moved from android.provider.Settings.System to android.provider.Settings.Global, returning read-only value.
06-06 17:04:51.377 19819 29939 I AodUtils: isAodAvailable: true
06-06 17:04:51.380 19819 29939 E ndroid.setting: Invalid ID 0x00000000.
06-06 17:04:51.380 19819 29939 E ndroid.setting: Invalid ID 0x00000000.
06-06 17:04:51.381 19819 29939 E SettingsTree: hide because exception occurs when query: Screen attention
06-06 17:04:51.381 19819 29939 E SettingsTree: java.lang.IllegalArgumentException: Preference key must be set
06-06 17:04:51.381 19819 29939 E SettingsTree: 	at com.android.settings.core.BasePreferenceController.<init>(BasePreferenceController.java:200)
06-06 17:04:51.381 19819 29939 E SettingsTree: 	at com.android.settings.core.TogglePreferenceController.<init>(TogglePreferenceController.java:37)
06-06 17:04:51.381 19819 29939 E SettingsTree: 	at com.android.settings.display.AdaptiveSleepPreferenceController.<init>(AdaptiveSleepPreferenceController.java:37)
06-06 17:04:51.381 19819 29939 E SettingsTree: 	at com.android.settings.search.tree.DisplaySettingsTree.getStatus(DisplaySettingsTree.java:326)
06-06 17:04:51.381 19819 29939 E SettingsTree: 	at com.android.settingslib.search.SettingsTree.getStatusIgnoreException(SettingsTree.java:569)
06-06 17:04:51.381 19819 29939 E SettingsTree: 	at com.android.settingslib.search.SettingsTree.query(SettingsTree.java:545)
06-06 17:04:51.381 19819 29939 E SettingsTree: 	at com.android.settingslib.search.IndexTree.dispatchQuery(IndexTree.java:197)
06-06 17:04:51.381 19819 29939 E SettingsTree: 	at com.android.settingslib.search.IndexTree.dispatchQuery(IndexTree.java:206)
06-06 17:04:51.381 19819 29939 E SettingsTree: 	at com.android.settingslib.search.IndexTree.dispatchQuery(IndexTree.java:206)
06-06 17:04:51.381 19819 29939 E SettingsTree: 	at com.android.settings.search.provider.SettingsTreeHelper.query(SettingsTreeHelper.java:120)
06-06 17:04:51.381 19819 29939 E SettingsTree: 	at com.android.settings.search.provider.SettingsProvider.query(SettingsProvider.java:72)
06-06 17:04:51.381 19819 29939 E SettingsTree: 	at android.content.ContentProvider.query(ContentProvider.java:1407)
06-06 17:04:51.381 19819 29939 E SettingsTree: 	at android.content.ContentProvider.query(ContentProvider.java:1503)
06-06 17:04:51.381 19819 29939 E SettingsTree: 	at android.content.ContentProvider$Transport.query(ContentProvider.java:283)
06-06 17:04:51.381 19819 29939 E SettingsTree: 	at android.content.ContentResolver.query(ContentResolver.java:1197)
06-06 17:04:51.381 19819 29939 E SettingsTree: 	at android.content.ContentResolver.query(ContentResolver.java:1128)
06-06 17:04:51.381 19819 29939 E SettingsTree: 	at android.content.ContentResolver.query(ContentResolver.java:1084)
06-06 17:04:51.381 19819 29939 E SettingsTree: 	at com.android.settings.search.SearchResult.getSearchResultList(SearchResult.java:45)
06-06 17:04:51.381 19819 29939 E SettingsTree: 	at com.android.settings.SettingsFragment$SearchHandler.handleMessage(SettingsFragment.java:763)
06-06 17:04:51.381 19819 29939 E SettingsTree: 	at android.os.Handler.dispatchMessage(Handler.java:106)
06-06 17:04:51.381 19819 29939 E SettingsTree: 	at android.os.Looper.loop(Looper.java:237)
06-06 17:04:51.381 19819 29939 E SettingsTree: 	at android.os.HandlerThread.run(HandlerThread.java:67)
06-06 17:04:51.382   949   949 D vendor.qti.vibrator: QTI Vibrator reporting capabilities: 7
06-06 17:04:51.382   949   949 D vendor.qti.vibrator: QTI Vibrator reporting capabilities: 7
06-06 17:04:51.439 19819 29939 E ndroid.setting: Invalid ID 0x00000000.
06-06 17:04:51.441 19819 29939 I chatty  : uid=1000(system) SettingsFragmen identical 2 lines
06-06 17:04:51.442 19819 29939 E ndroid.setting: Invalid ID 0x00000000.
06-06 17:04:51.445 19819 29939 E MiuiUtils: Cannot find package: com.android.quicksearchbox
06-06 17:04:51.445 19819 29939 E MiuiUtils: android.content.pm.PackageManager$NameNotFoundException: com.android.quicksearchbox
06-06 17:04:51.445 19819 29939 E MiuiUtils: 	at android.app.ApplicationPackageManager.getPackageInfoAsUser(ApplicationPackageManager.java:209)
06-06 17:04:51.445 19819 29939 E MiuiUtils: 	at android.app.ApplicationPackageManager.getPackageInfo(ApplicationPackageManager.java:181)
06-06 17:04:51.445 19819 29939 E MiuiUtils: 	at com.android.settings.MiuiUtils.getAppLongVersionCode(MiuiUtils.java:1377)
06-06 17:04:51.445 19819 29939 E MiuiUtils: 	at com.android.settings.controller.FullScreenDisplayController.quickSearchBoxTooOld(FullScreenDisplayController.java:42)
06-06 17:04:51.445 19819 29939 E MiuiUtils: 	at com.android.settings.controller.FullScreenDisplayController.isRemoveEntryFromSettings(FullScreenDisplayController.java:47)
06-06 17:04:51.445 19819 29939 E MiuiUtils: 	at com.android.settings.search.tree.FullScreenDisplaySettingsTree.getStatus(FullScreenDisplaySettingsTree.java:47)
06-06 17:04:51.445 19819 29939 E MiuiUtils: 	at com.android.settingslib.search.SettingsTree.getStatusIgnoreException(SettingsTree.java:569)
06-06 17:04:51.445 19819 29939 E MiuiUtils: 	at com.android.settingslib.search.SettingsTree.query(SettingsTree.java:545)
06-06 17:04:51.445 19819 29939 E MiuiUtils: 	at com.android.settingslib.search.IndexTree.dispatchQuery(IndexTree.java:197)
06-06 17:04:51.445 19819 29939 E MiuiUtils: 	at com.android.settingslib.search.IndexTree.dispatchQuery(IndexTree.java:206)
06-06 17:04:51.445 19819 29939 E MiuiUtils: 	at com.android.settingslib.search.IndexTree.dispatchQuery(IndexTree.java:206)
06-06 17:04:51.445 19819 29939 E MiuiUtils: 	at com.android.settings.search.provider.SettingsTreeHelper.query(SettingsTreeHelper.java:120)
06-06 17:04:51.445 19819 29939 E MiuiUtils: 	at com.android.settings.search.provider.SettingsProvider.query(SettingsProvider.java:72)
06-06 17:04:51.445 19819 29939 E MiuiUtils: 	at android.content.ContentProvider.query(ContentProvider.java:1407)
06-06 17:04:51.445 19819 29939 E MiuiUtils: 	at android.content.ContentProvider.query(ContentProvider.java:1503)
06-06 17:04:51.445 19819 29939 E MiuiUtils: 	at android.content.ContentProvider$Transport.query(ContentProvider.java:283)
06-06 17:04:51.445 19819 29939 E MiuiUtils: 	at android.content.ContentResolver.query(ContentResolver.java:1197)
06-06 17:04:51.445 19819 29939 E MiuiUtils: 	at android.content.ContentResolver.query(ContentResolver.java:1128)
06-06 17:04:51.445 19819 29939 E MiuiUtils: 	at android.content.ContentResolver.query(ContentResolver.java:1084)
06-06 17:04:51.445 19819 29939 E MiuiUtils: 	at com.android.settings.search.SearchResult.getSearchResultList(SearchResult.java:45)
06-06 17:04:51.445 19819 29939 E MiuiUtils: 	at com.android.settings.SettingsFragment$SearchHandler.handleMessage(SettingsFragment.java:763)
06-06 17:04:51.445 19819 29939 E MiuiUtils: 	at android.os.Handler.dispatchMessage(Handler.java:106)
06-06 17:04:51.445 19819 29939 E MiuiUtils: 	at android.os.Looper.loop(Looper.java:237)
06-06 17:04:51.445 19819 29939 E MiuiUtils: 	at android.os.HandlerThread.run(HandlerThread.java:67)
06-06 17:04:51.460   548   548 E SELinux : avc:  denied  { find } for interface=vendor.xiaomi.hardware.otgswitch::IOtgSwitch sid=u:r:system_app:s0 pid=19819 scontext=u:r:system_app:s0 tcontext=u:object_r:default_android_hwservice:s0 tclass=hwservice_manager permissive=0
06-06 17:04:51.470 19819 29939 E ndroid.setting: Invalid ID 0x00000000.
06-06 17:04:51.474 19819 29939 I chatty  : uid=1000(system) SettingsFragmen identical 3 lines
06-06 17:04:51.475 19819 29939 E ndroid.setting: Invalid ID 0x00000000.
06-06 17:04:51.482  1551  1551 I cnss-daemon: nl80211 response handler invoked
06-06 17:04:51.483  1551  1551 I cnss-daemon: nl80211_response_handler: cmd 103, vendorID 4980, subcmd 13  received
06-06 17:04:51.483   911 32324 I WifiHAL : event received NL80211_CMD_VENDOR, vendor_id = 0x1374, subcmd = 0xd
06-06 17:04:51.490 19819 29939 D Utils   : com.android.settings.search.provider.SettingsProvider.query(SettingsProvider.java:74) (1) takes 320.0ms
06-06 17:04:51.498 19819 29939 D Utils   : com.android.settings.search.appseparate.CollectResultProcessor.getMatchData(CollectResultProcessor.java:149) (-) takes 8.0ms
06-06 17:04:51.839  1803  5008 I MiuiNetworkPolicy: updateUidState uid = 10270, uidState = 15
06-06 17:04:52.203 29946 29946 W TcmReceiver: type=1400 audit(0.0:10464332): avc: denied { write } for name="tcm" dev="tmpfs" ino=348 scontext=u:r:theme:s0 tcontext=u:object_r:vendor_dpmtcm_socket:s0 tclass=sock_file permissive=0
06-06 17:04:52.393  1803  5008 I MiuiNetworkPolicy: updateUidState uid = 10102, uidState = 10
06-06 17:04:52.394  1803  5008 I MiuiNetworkPolicy: updateUidState uid = 9801, uidState = 15
06-06 17:04:52.748  1803  5008 I MiuiNetworkPolicy: updateUidState uid = 90005, uidState = 15
06-06 17:04:52.749  1803  5008 I MiuiNetworkPolicy: updateUidState uid = 10227, uidState = 15
06-06 17:04:52.765  1803  2751 D MIUIInput: [MotionEvent] publisher action=0x4, 243526086, channel 'de5e376 NavigationBar0 (server)'
06-06 17:04:52.765  1803  2751 D MIUIInput: [MotionEvent] publisher action=0x0, 243526086, channel '5ea37ad com.android.settings/com.android.settings.MainSettings (server)'
06-06 17:04:52.821  1803  2751 D MIUIInput: [MotionEvent] publisher action=0x1, 243526143, channel '5ea37ad com.android.settings/com.android.settings.MainSettings (server)'
06-06 17:04:52.825 11580 29128 D MirrorManager:  sendAcceptInput 0 0
06-06 17:04:52.827  9490  9490 I GoogleInputMethodService: GoogleInputMethodService.onFinishInputView():2252
06-06 17:04:52.829  1803  5099 D MiuiMultiWindowAdapter: getFreeformBlackList: Origin Logic
06-06 17:04:52.830  1803  5099 D MiuiMultiWindowAdapter: MiuiMultiWindowAdapter::getFreeformBlackList::sSmallWindowBlackList = [com.miui.securitycenter, com.miui.miservice, com.xiaomi.calendar, com.android.contacts, com.miui.mishare.connectivity, com.android.settings, com.android.printspooler, com.miui.backup, com.miui.huanji, com.miui.calculator, com.android.thememanager, com.mfashiongallery.emag, com.miui.virtualsim, com.miui.smarttravel, com.mi.health, com.android.camera, com.lbe.security.miui, com.miui.cleanmaster, com.miui.newhome, com.miui.voiceassist, com.android.phone, com.miui.yellowpage, com.android.updater, com.miui.tsmclient, com.miui.securitycore, com.xiaomi.account, com.xiaomi.shop, com.mipay.wallet, com.xiaomi.youpin, com.xiaomi.hm.health, com.miui.bugreport, com.xiaomi.mibrain.speech, com.xiaomi.mimoji, com.xiaomi.scanner, com.duokan.phone.remotecontroller, com.miui.hybrid, com.miui.video, com.miui.videoplayer, com.miui.fm, com.miui.packageinstaller, com.mi.android.globallauncher, com.mi.android.globallauncher-poco, com.google.android.dialer, com.google.android.apps.magazines, com.miui.compass, com.miui.greenguard, com.kiteguard, com.google.android.apps.prodcasts, com.google.ar.lens, com.xiangkan.android, com.android.bankabc, com.sohu.inputmethod.sogou, com.tencent.mtt, com.shyz.toutiao, com.netease.mc.mi, com.outfit7.talkingtomgoldrun.mi, com.doudz.mi, com.wepie.snake.new.mi, cn.jj, com.standddz002.mi, com.miHoYo.bh3.mi, com.qqgame.hlddz, com.happyelements.AndroidAnimal, com.minitech.miniworld.TMobile.mi, com.mfp.jelly.xiaomi, com.lilithgames.afk.mi, com.tencent.peng, com.teenpatti.hd.gold, blockpuzzle.jewelgames.jewelslegend, com.playgendary.tanks, com.chillingo.robberybobfree.android.row, com.episodeinteractive.android.catalog, com.playrix.township, com.ansangha.drdriving, com.google.android.youtube, com.gbits.atm.mi, com.tencent.tetris, com.sukhavati.gotoplaying.bubble.BubbleShooter.mint, com.block.puzzle.game.hippo.mi, com.youzu.bs.mi, com.baidu.BaiduMap, com.google.android.googlequicksearchbox, com.appsomniacs.da2, com.android.stk, com.feiyu.carrot3.mi, com.popcap.pvz2cthdxm, com.mxtech.videoplayer.ad, cn.cisc, com.kiloo.subwaysurf, com.cncyj.mostbrain, pdf.tap.scanner, com.og.ttddz.mi, com.ximalaya.ting.lite, com.google.android.apps.podcasts, com.google.android.apps.googleassistant, com.netease.onmyoji.mi, com.netease.onmyoji.bili, com.netease.mrzh.mi, com.netease.mrzh.bili, com.tencent.tmgp.yys.zqb, com.google.android.gm, com.google.android.calendar, com.android.chrome, com.google.android.apps.youtube.music, com.netease.pes.huawei, com.netease.pes.mi, com.netease.pes.bili, com.flyfish.supermario, com.picsart.studio, com.netease.dwrg.mi, com.netease.dwrg.bili, com.netease.dwrg.nearme.gamecenter, com.netease.dwrg, com.netease.dwrg.huawei, com.tencent.tmgp.dwrg, com.netease.dwrg.m4399, com.netease.dwrg.mz, com.netease.dwrg.aligames, com.netease.dwrg.baidu, com.netease.dwrg.qihoo, com.moji.mjweather, com.tencent.tmgp.kof98, com.netease.onmyoji, com.taobao.idlefish, com.ledou.mhhy.mi, com.hzfy.ddzbs.mi, com.qsmy.walkmonkey, com.fy.bzzbc.mi, com.dw.xprqj.mi]
06-06 17:04:52.831   921   921 E ANDR-PERF-MPCTL: Active req limit reached, No optimizations performed
06-06 17:04:52.832  9490  9490 I KeyboardWrapper: KeyboardWrapper.consumeEvent():273 Skip consuming an event as current keyboard is deactivated (state=0, keyboard existence=true)
06-06 17:04:52.832  9490  9490 I VoiceInputManagerWrapper: VoiceInputManagerWrapper.shutdown():77 shutdown()
06-06 17:04:52.833  9490  9490 I AndroidIME: AbstractIme.onDeactivate():214 LatinIme.onDeactivate()
06-06 17:04:52.833  9490 10191 E native  : E0000 00:00:1654506292.833433   10191 input_actions_processor_jni.cc:116] Fail to process input actions request:No processor registered
06-06 17:04:52.838  1803  5099 D CompatibilityInfo: mCompatibilityFlags - 0
06-06 17:04:52.838  1803  5099 D CompatibilityInfo: applicationDensity - 440
06-06 17:04:52.838  1803  5099 D CompatibilityInfo: applicationScale - 1.0
06-06 17:04:52.840  1803  5099 D ActivityTrigger: ActivityTrigger activityPauseTrigger
06-06 17:04:52.868   921  1111 W ANDR-PERF-LM: MetaMeter: handlePrimaryAsync() 118: AdaptLaunch MetaMeter. No MeterMgr Available to handle this Primary Async. !!!!
06-06 17:04:52.868   921  1111 W ANDR-PERF-LM: MetaMeter: handlePrimaryAsync() 118: AdaptLaunch MetaMeter. No MeterMgr Available to handle this Primary Async. !!!!
06-06 17:04:52.868   921  1111 E ANDR-PERF-LM: MetaMeter: handleAsync() 166: AdaptLaunch Invalid Async
06-06 17:04:52.869  1803  5910 D CompatibilityInfo: mCompatibilityFlags - 0
06-06 17:04:52.870  1803  5910 D CompatibilityInfo: applicationDensity - 440
06-06 17:04:52.870  1803  5910 D CompatibilityInfo: applicationScale - 1.0
06-06 17:04:52.870  1803  5075 D ProcessManager: skip notify foregroundAppInfo:ApplicationInfo{be119f com.android.settings}
06-06 17:04:52.887 19819 19819 D DecorView[]: getWindowModeFromSystem  windowmode is 1
06-06 17:04:52.890 19819 19819 E         : setFeedbackRadius failed , e:java.lang.NoSuchMethodException: android.view.View.setFeedbackRadius [float]
06-06 17:04:52.894  1803  8915 D MIUIInput: [FoucsChange]: Display  0 FocusedWindow From Window{5ea37ad mode=0 rootTaskId=6377 u0 com.android.settings/com.android.settings.MainSettings}(1,1)  to null(0,0)
06-06 17:04:52.896 19819 19819 D SettingsActivity: Starting onCreate
06-06 17:04:52.898 19819 19819 D SettingsActivity: Starting to set activity title
06-06 17:04:52.898 19819 19819 D SettingsActivity: Done setting title
06-06 17:04:52.898 19819 19819 D SettingsActivity: Switching to fragment com.android.settings.development.DevelopmentSettingsDashboardFragment
06-06 17:04:52.898 19819 19819 D SubSettings: Launching fragment com.android.settings.development.DevelopmentSettingsDashboardFragment
06-06 17:04:52.916 19819 19819 D PrefCtrlListHelper: Could not find Context-only controller for pref: com.android.settings.development.PowerMonitorToolsPreferenceController
06-06 17:04:52.916 19819 19819 D PrefCtrlListHelper: Could not find Context-only controller for pref: com.android.settings.notification.AssistantCapabilityPreferenceController
06-06 17:04:52.916 19819 19819 D PrefCtrlListHelper: Could not find Context-only controller for pref: com.android.settings.notification.AssistantCapabilityPreferenceController
06-06 17:04:52.916 19819 19819 D PrefCtrlListHelper: Could not find Context-only controller for pref: com.android.settings.security.SecurityEncryptionPreferenceController
06-06 17:04:52.934 19819 19819 V AutofillPreferenceCategory: isAutofillEnabled(): true
06-06 17:04:52.934 19819 19819 V AutofillPreferenceCategory: shouldDisableDependents(): false
06-06 17:04:52.935 19819 19819 V AutofillPreferenceCategory: isAutofillEnabled(): true
06-06 17:04:52.935 19819 19819 V AutofillPreferenceCategory: shouldDisableDependents(): false
06-06 17:04:52.938 19819 19819 V AutofillPreferenceCategory: isAutofillEnabled(): true
06-06 17:04:52.938 19819 19819 V AutofillPreferenceCategory: shouldDisableDependents(): false
06-06 17:04:52.940 19819 19819 V AutofillPreferenceCategory: isAutofillEnabled(): true
06-06 17:04:52.940 19819 19819 V AutofillPreferenceCategory: shouldDisableDependents(): false
06-06 17:04:52.945 19819 19819 D SettingsActivity: Executed frag manager pendingTransactions
06-06 17:04:52.959 19819 19819 E RecommendFilter: getListByPageIndex not found:-1
06-06 17:04:52.961 19819 19819 D FiveGViceSAPreferenceController: displayPreference isViceSaDevelopmentAvailable = false
06-06 17:04:52.962 19819 19819 I BluetoothAbsoluteVolumePreferenceController: persist.vendor.bt.a2dp.absvolfeature is default
06-06 17:04:52.973  5189  9911 D RecentsModel: onTaskStackChangedBackground
06-06 17:04:52.974  5189  5955 D RecentsModel: onTaskStackChangedBackground    MSG_TASK_STACK_CHANGE
06-06 17:04:52.974  5189  5955 D RecentsModel: preloadRecents
06-06 17:04:52.974  5189  5955 W RecentsModel: getRunningTask
06-06 17:04:52.976 19819 30861 W SharedPreferencesLogger: Tried to log unloggable object=Use system preference (Default)
06-06 17:04:52.976  5189  5955 W RecentsModel: getRunningTask   taskInfo=TaskInfo{userId=0 pcFlags:0 stackId=6377 taskId=6377 displayId=0 isRunning=true baseIntent=Intent { act=android.intent.action.MAIN cat=[android.intent.category.LAUNCHER] flg=0x10200000 cmp=com.android.settings/.MainSettings } baseActivity=ComponentInfo{com.android.settings/com.android.settings.MainSettings} topActivity=ComponentInfo{com.android.settings/com.android.settings.SubSettings} origActivity=ComponentInfo{com.android.settings/com.android.settings.MainSettings} realActivity=ComponentInfo{com.android.settings/com.android.settings.MiuiSettings} numActivities=2 lastActiveTime=518565432 supportsSplitScreenMultiWindow=true resizeMode=1 isResizeable=true token=android.window.WindowContainerToken@e4f5628 topActivityType=1 pictureInPictureParams=null topActivityInfo=ActivityInfo{12e826e com.android.settings.SubSettings} windowMode=1 requestedOrientation=1
06-06 17:04:52.977  5189  5955 W RecentsModel: getTaskInfoIgnoreHomeAndFreeform   taskInfo=ComponentInfo{com.android.settings/com.android.settings.MainSettings}
06-06 17:04:52.978  5189  5955 E ActivityManagerWrapper: get all recent tasks force including 6377
06-06 17:04:52.979 19819 30861 W SharedPreferencesLogger: Tried to log unloggable object=Use system preference (Default)
06-06 17:04:52.980 19819 31027 W SharedPreferencesLogger: Tried to log unloggable object=Use system preference (Default)
06-06 17:04:52.981  5189  5955 E ActivityManagerWrapper: getRecentTasks: size=7
06-06 17:04:52.981  5189  5955 E ActivityManagerWrapper: getRecentTasks: taskId=6377   userId=0   baseIntent=Intent { act=android.intent.action.MAIN cat=[android.intent.category.LAUNCHER] flg=0x10200000 cmp=com.android.settings/.MainSettings }
06-06 17:04:52.981  5189  5955 E ActivityManagerWrapper: getRecentTasks: taskId=6376   userId=0   baseIntent=Intent { act=android.intent.action.MAIN cat=[android.intent.category.LAUNCHER] flg=0x10200000 cmp=com.android.chrome/com.google.android.apps.chrome.Main }
06-06 17:04:52.981  5189  5955 E ActivityManagerWrapper: getRecentTasks: taskId=6346   userId=0   baseIntent=Intent { flg=0x10800000 cmp=com.android.settings/.Settings$UsbDetailsActivity }
06-06 17:04:52.981  5189  5955 E ActivityManagerWrapper: getRecentTasks: taskId=6331   userId=0   baseIntent=Intent { act=android.intent.action.VIEW cat=[android.intent.category.BROWSABLE] dat=https://drive.google.com/... flg=0x10890400 cmp=android/com.android.internal.app.ResolverActivity }
06-06 17:04:52.981  5189  5955 E ActivityManagerWrapper: getRecentTasks: taskId=6316   userId=0   baseIntent=Intent { flg=0x10800000 cmp=com.google.android.gms/.location.settings.LocationOffWarningActivity }
06-06 17:04:52.981  5189  5955 E ActivityManagerWrapper: getRecentTasks: taskId=6294   userId=0   baseIntent=Intent { act=com.facebook.orca.notify.SECURE_VIEW dat=fb-messenger://groupthreadfbid/4475769485875016 flg=0x10800000 cmp=com.facebook.orca/com.facebook.messenger.intents.SecureIntentHandlerActivity }
06-06 17:04:52.981  5189  5955 E ActivityManagerWrapper: getRecentTasks: taskId=6291   userId=0   baseIntent=Intent { flg=0x18800000 cmp=com.facebook.orca/com.facebook.messaging.sharing.broadcastflow.BroadcastFlowActivity }
06-06 17:04:52.984 19819 31027 W SharedPreferencesLogger: Tried to log unloggable object=Use system preference (Default)
06-06 17:04:52.991 19819 19819 D DevSettingsDashboard: All preferences added, reporting fully drawn
06-06 17:04:53.003 19819 19819 I BluetoothAbsoluteVolumePreferenceController: persist.vendor.bt.a2dp.absvolfeature is default
06-06 17:04:53.011 19819 30861 W SharedPreferencesLogger: Tried to log unloggable object=Use System Default: %1$d
06-06 17:04:53.015 19819 19819 D FiveGViceSAPreferenceController: onResume
06-06 17:04:53.016 19819 30305 D ControllerTask: Cannot find preference with key button_vice_sim_5g_sa_network in Controller FiveGViceSAPreferenceController
06-06 17:04:53.016 19819 30305 I BluetoothAbsoluteVolumePreferenceController: persist.vendor.bt.a2dp.absvolfeature is default
06-06 17:04:53.018 19819 30303 D ControllerTask: Cannot find preference with key miui_experience_optimization in Controller MiuiOptimizationController
06-06 17:04:53.020 19819 19819 D DecorView[]: getWindowModeFromSystem  windowmode is 1
06-06 17:04:53.021 19819 30861 W TileUtils: Found com.android.settings.Settings$WifiDisplaySettingsActivity for intent Intent { act=com.android.settings.action.SETTINGS pkg=com.android.settings } missing metadata com.android.settings.category
06-06 17:04:53.024  5189  5189 D RecentsImpl: mActivityStateObserver com.android.settings.SubSettings
06-06 17:04:53.025  5189  5189 W RecentsImpl: onResumed className=com.android.settings.SubSettings   mIsInAnotherPro=false   isKeyguardLocked=false
06-06 17:04:53.025  5189  5896 W RecentsImpl: disableTouchBySwipeStatusBar    disable=false
06-06 17:04:53.025  5189  5896 D GestureStubView_Touch: disableTouchBySwipeStatusBar    old=false   new=false
06-06 17:04:53.025  5189  5896 D GestureStubView_Touch: disableTouchBySwipeStatusBar    old=false   new=false
06-06 17:04:53.025  5189  5898 D RecentsImpl: showNavStubView
06-06 17:04:53.027  5189  5896 W RecentsImpl: disableBackStubWindow    disableTouch=false
06-06 17:04:53.027  5189  5898 D NavStubView_Touch: setKeepHidden    old=false   new=false
06-06 17:04:53.027  5189  5896 D GestureStubView_Touch: disableTouch    old=false   new=false
06-06 17:04:53.027  5189  5896 D GestureStubView_Touch: disableTouch    old=false   new=false
06-06 17:04:53.027  5189  5896 D RecentsImpl: showBackStubWindow  hasNavigationBar=true
06-06 17:04:53.027  5189  5896 D GestureStubView_Touch: setKeepHidden    old=false   new=false
06-06 17:04:53.027   990  2773 D FrameIndicator: support status: 1 0x7a29ba1018 0x7a29ba14c4
06-06 17:04:53.028  5189  5896 W GestureStubView: adaptRotation   currentRotation=0   mRotation=0
06-06 17:04:53.028  5189  5896 D GestureStubView: resetRenderProperty: showGestureStub
06-06 17:04:53.028  5189  5896 D GestureStubView_Touch: disableTouch    old=false   new=false
06-06 17:04:53.029  5189  5896 D GestureStubView: showGestureStub
06-06 17:04:53.029  5189  5896 D GestureStubView_Touch: setKeepHidden    old=false   new=false
06-06 17:04:53.029  5189  5896 W GestureStubView: adaptRotation   currentRotation=0   mRotation=0
06-06 17:04:53.029  5189  5896 D GestureStubView: resetRenderProperty: showGestureStub
06-06 17:04:53.029  5189  5896 D GestureStubView_Touch: disableTouch    old=false   new=false
06-06 17:04:53.029  5189  5896 D GestureStubView: showGestureStub
06-06 17:04:53.030  1803  1866 W ActivityManager: Sending non-protected broadcast miui.intent.action.INPUT_METHOD_VISIBLE_CHANGED from system 1803:system/1000 pkg android. Callers=com.android.server.am.ActivityManagerService.broadcastIntentLocked:17079 com.android.server.am.ActivityManagerService.broadcastIntentLocked:16496 com.android.server.am.ActivityManagerService.broadcastIntentWithFeature:17334 android.app.ContextImpl.sendBroadcastAsUser:1340 android.app.ContextImpl.sendBroadcastAsUser:1312
06-06 17:04:53.034  1803  1866 W ActivityManager: Sending non-protected broadcast miui.intent.action.INPUT_METHOD_VISIBLE_CHANGED from system 1803:system/1000 pkg android. Callers=com.android.server.am.ActivityManagerService.broadcastIntentLocked:17177 com.android.server.am.ActivityManagerService.broadcastIntentLocked:16496 com.android.server.am.ActivityManagerService.broadcastIntentWithFeature:17334 android.app.ContextImpl.sendBroadcastAsUser:1340 android.app.ContextImpl.sendBroadcastAsUser:1312
06-06 17:04:53.036 19819 19819 D FrameIndicator: support status: 1 0x79591e7018 0x79591e74c4
06-06 17:04:53.036 19819 19819 D FrameIndicator: support status: 1 0x79591e7018 0x79591e74c4
06-06 17:04:53.043   921   921 W /vendor/bin/hw/vendor.qti.hardware.perf@2.2-service: type=1400 audit(0.0:10464334): avc: denied { search } for comm=41646170744C61756E636820566D name="1803" dev="proc" ino=16164 scontext=u:r:vendor_hal_perf_default:s0 tcontext=u:r:system_server:s0 tclass=dir permissive=0
06-06 17:04:53.043   921   921 W /vendor/bin/hw/vendor.qti.hardware.perf@2.2-service: type=1400 audit(0.0:10464333): avc: denied { search } for comm=41646170744C61756E636820566D name="1803" dev="proc" ino=16164 scontext=u:r:vendor_hal_perf_default:s0 tcontext=u:r:system_server:s0 tclass=dir permissive=0
06-06 17:04:53.043   921   921 W /vendor/bin/hw/vendor.qti.hardware.perf@2.2-service: type=1400 audit(0.0:10464335): avc: denied { search } for comm=41646170744C61756E636820566D name="1814" dev="proc" ino=30632247 scontext=u:r:vendor_hal_perf_default:s0 tcontext=u:r:system_server:s0 tclass=dir permissive=0
06-06 17:04:53.043   921   921 W /vendor/bin/hw/vendor.qti.hardware.perf@2.2-service: type=1400 audit(0.0:10464336): avc: denied { search } for comm=41646170744C61756E636820566D name="1814" dev="proc" ino=30632247 scontext=u:r:vendor_hal_perf_default:s0 tcontext=u:r:system_server:s0 tclass=dir permissive=0
06-06 17:04:53.043   921   921 W /vendor/bin/hw/vendor.qti.hardware.perf@2.2-service: type=1400 audit(0.0:10464337): avc: denied { search } for comm=41646170744C61756E636820566D name="1815" dev="proc" ino=30632248 scontext=u:r:vendor_hal_perf_default:s0 tcontext=u:r:system_server:s0 tclass=dir permissive=0
06-06 17:04:53.043   921   921 W /vendor/bin/hw/vendor.qti.hardware.perf@2.2-service: type=1400 audit(0.0:10464338): avc: denied { search } for comm=41646170744C61756E636820566D name="1815" dev="proc" ino=30632248 scontext=u:r:vendor_hal_perf_default:s0 tcontext=u:r:system_server:s0 tclass=dir permissive=0
06-06 17:04:53.043   921   921 W /vendor/bin/hw/vendor.qti.hardware.perf@2.2-service: type=1400 audit(0.0:10464339): avc: denied { search } for comm=41646170744C61756E636820566D name="1816" dev="proc" ino=30632249 scontext=u:r:vendor_hal_perf_default:s0 tcontext=u:r:system_server:s0 tclass=dir permissive=0
06-06 17:04:53.047  5189  5896 D GestureStubView: gatherTransparentRegion: need render w:54  h:1440
06-06 17:04:53.051  5189  5896 D GestureStubView: gatherTransparentRegion: need render w:54  h:1440
06-06 17:04:53.054 19819 31028 D SettingsActivity: No enabled state changed, skipping updateCategory call
06-06 17:04:53.100   921  7135 E ANDR-PERF-LM: ThreadHelper: thread_callback() 145: More than one pending updates!!! This should not happen. MeterMgr should avoid this case.
06-06 17:04:53.101  1803  1902 I ActivityTaskManager: Displayed com.android.settings/.SubSettings: +271ms
06-06 17:04:53.102  1803  1902 I ActivityTaskManager: Fully drawn com.android.settings/.SubSettings: +271ms
06-06 17:04:53.104 19819 30861 W SharedPreferencesLogger: Tried to log unloggable object=
06-06 17:04:53.104 19819 31028 W SharedPreferencesLogger: Tried to log unloggable object=disabled
06-06 17:04:53.107 19819 31028 W SharedPreferencesLogger: Tried to log unloggable object=map12
06-06 17:04:53.110  1803  5910 D MIUIInput: [FoucsChange]: Display  0 FocusedWindow From null(0,0)  to Window{bf53411 mode=0 rootTaskId=6377 u0 com.android.settings/com.android.settings.SubSettings}(1,1)
06-06 17:04:53.112 19819 31028 W SharedPreferencesLogger: Tried to log unloggable object=avrcp14
06-06 17:04:53.124 19819 31028 W SharedPreferencesLogger: Tried to log unloggable object=Warn
06-06 17:04:53.148 19819 31028 W SharedPreferencesLogger: Tried to log unloggable object=package_device_default
06-06 17:04:53.149 19819 31028 W SharedPreferencesLogger: Tried to log unloggable object=false
06-06 17:04:53.165  5702  5702 E PhoneInterfaceManager: [PhoneIntfMgr] getAllowedCarriers: CommandException: com.android.internal.telephony.CommandException: REQUEST_NOT_SUPPORTED
06-06 17:04:53.173  5702  5702 E PhoneInterfaceManager: [PhoneIntfMgr] getAllowedCarriers: CommandException: com.android.internal.telephony.CommandException: REQUEST_NOT_SUPPORTED
06-06 17:04:53.179 19819 31028 W SharedPreferencesLogger: Tried to log unloggable object=false
06-06 17:04:53.184 19819 31028 W SharedPreferencesLogger: Tried to log unloggable object=no
06-06 17:04:53.185 19819 31028 W SharedPreferencesLogger: Tried to log unloggable object=hide
06-06 17:04:53.240  9490  9490 I GoogleInputMethodService: GoogleInputMethodService.onFinishInput():3204
