06-06 17:05:15.046 19820 31271 D CCodecConfig:   c2::u32 coded.vui.color.matrix = 255
06-06 17:05:15.046 19820 31271 D CCodecConfig:   c2::u32 coded.vui.color.primaries = 0
06-06 17:05:15.046 19820 31271 D CCodecConfig:   c2::u32 coded.vui.color.range = 0
06-06 17:05:15.046 19820 31271 D CCodecConfig:   c2::u32 coded.vui.color.transfer = 255
06-06 17:05:15.046 19820 31271 D CCodecConfig:   c2::u32 default.color.matrix = 0
06-06 17:05:15.046 19820 31271 D CCodecConfig:   c2::u32 default.color.primaries = 0
06-06 17:05:15.046 19820 31271 D CCodecConfig:   c2::u32 default.color.range = 0
06-06 17:05:15.046 19820 31271 D CCodecConfig:   c2::u32 default.color.transfer = 0
06-06 17:05:15.046 19820 31271 D CCodecConfig:   c2::u32 input.buffers.max-size.value = 3133440
06-06 17:05:15.046 19820 31271 D CCodecConfig:   c2::u32 input.delay.value = 0
06-06 17:05:15.046 19820 31271 D CCodecConfig:   string input.media-type.value = "video/avc"
06-06 17:05:15.046 19820 31271 D CCodecConfig:   c2::u32 output.delay.value = 18
06-06 17:05:15.046 19820 31271 D CCodecConfig:   string output.media-type.value = "video/raw"
06-06 17:05:15.046 19820 31271 D CCodecConfig:   c2::u32 raw.color.matrix = 255
06-06 17:05:15.046 19820 31271 D CCodecConfig:   c2::u32 raw.color.primaries = 0
06-06 17:05:15.046 19820 31271 D CCodecConfig:   c2::u32 raw.color.range = 0
06-06 17:05:15.046 19820 31271 D CCodecConfig:   c2::u32 raw.color.transfer = 255
06-06 17:05:15.046 19820 31271 D CCodecConfig:   c2::float raw.hdr-static-info.mastering.blue.x = 0
06-06 17:05:15.046 19820 31271 D CCodecConfig:   c2::float raw.hdr-static-info.mastering.blue.y = 0
06-06 17:05:15.046 19820 31271 D CCodecConfig:   c2::float raw.hdr-static-info.mastering.gr
06-06 17:05:15.046 19820 31271 W ColorUtils: expected specified color aspects (0:0:255:255)
06-06 17:05:15.054 19820 31266 D AudioTrack: startInput recording for com.facebook.orca  uid 10337
06-06 17:05:15.054 19820 31266 D MediaCodec: MediaCodec::release(package namecom.facebook.orca)
06-06 17:05:15.055   950 31276 I QC2Comp : [avcD_2637] Stats: Pending(0) i/p-done(0) Works: Q: 0/Done 0|Work-Rate: Q(0.0/s Avg=0.0/s) Done(0.000/s Avg=0.000/s)| Stream: 30.00fps 0.0Kbps
06-06 17:05:15.055   950 31276 I QC2Comp : Mem-usage:
06-06 17:05:15.055   950 31276 I QC2Comp : Total Mem-usage: 0.000 MB
06-06 17:05:15.055   950 31276 I QC2Comp : NOTE: handleReleaseCodec returning: 0 (OK=0)
06-06 17:05:15.055   950  2272 I QC2Comp : NOTE: Release returning: 0 (OK=0)
06-06 17:05:15.056 19820 31271 W AMessage: failed to deliver message as target handler 1 is gone.
06-06 17:05:15.056 19820 31266 D MediaCodec: MediaCodec::init(c2.qti.avc.decoder)
06-06 17:05:15.062 19820 31266 D AudioTrack: startInput recording for com.facebook.orca  uid 10337
06-06 17:05:15.062 19820 31266 D MediaCodec: MediaCodec::init(package namecom.facebook.orca)
06-06 17:05:15.067 19820 31266 I hw-BpHwBinder: onLastStrongRef automatically unlinking death recipients
06-06 17:05:15.067   950  2272 I hw-BpHwBinder: onLastStrongRef automatically unlinking death recipients
06-06 17:05:15.067   950  2272 I QC2CompStore: Deleting component(c2.qti.avc.decoder) id(2637)
06-06 17:05:15.067 19820 31271 D CCodec  : allocate(c2.qti.avc.decoder)
06-06 17:05:15.067   950  2272 I QC2Comp : [avcD_2637] Deallocated component c2.qti.avc.decoder [id=2637]
06-06 17:05:15.068   950  2272 E ANDR-PERF-TP: ~PerfThreadPool() 389: ~PerfThreadPool
06-06 17:05:15.069 19820 31271 I CCodec  : setting up 'default' as default (vendor) store
06-06 17:05:15.070   950   950 E vendor.qti.media.c2@1.0-service: Missing dependency coding.temporal-layering
06-06 17:05:15.071   950   950 I vendor.qti.media.c2@1.0-service: missing struct descriptor #Param::CoreIndex(-Vc010) for field window of struct #Param::CoreIndex(FV1c00d)
06-06 17:05:15.071   950   950 I vendor.qti.media.c2@1.0-service: missing struct descriptor #Param::CoreIndex(-Vc01a) for field misr_info_top_field of struct #Param::CoreIndex(-Vc01b)
06-06 17:05:15.071   950   950 I vendor.qti.media.c2@1.0-service: missing struct descriptor #Param::CoreIndex(-Vc01a) for field misr_info_bottom_field of struct #Param::CoreIndex(-Vc01b)
06-06 17:05:15.072   950   950 I vendor.qti.media.c2@1.0-service: missing struct descriptor #Param::CoreIndex(--002) for field mastering of struct #Param::CoreIndex(--180a)
06-06 17:05:15.075   950   950 I QC2Comp : Create: Allocated component[2638] for name c2.qti.avc.decoder : [32 bit]
06-06 17:05:15.075   950   950 I QC2CompStore: Created component(c2.qti.avc.decoder) id(2638)
06-06 17:05:15.076 19820 31271 I CCodec  : Created component [c2.qti.avc.decoder]
06-06 17:05:15.076   950  1214 E QC2Interface: Failed to query parameters
06-06 17:05:15.077 19820 31271 D CCodecConfig: read media type: video/avc
06-06 17:05:15.078 19820 31271 D ReflectedParamUpdater: ignored struct field vendor.qti-ext-dec-panscan.window
06-06 17:05:15.080 19820 31271 D ReflectedParamUpdater: extent() != 1 for single value type: output.buffers.pool-ids.values
06-06 17:05:15.083 19820 31271 D ReflectedParamUpdater: extent() != 1 for single value type: vendor.qti-ext-dec-info-misr.misr_info_top_field.misr_dpb_luma
06-06 17:05:15.083 19820 31271 D ReflectedParamUpdater: extent() != 1 for single value type: vendor.qti-ext-dec-info-misr.misr_info_top_field.misr_dpb_chroma
06-06 17:05:15.083 19820 31271 D ReflectedParamUpdater: extent() != 1 for single value type: vendor.qti-ext-dec-info-misr.misr_info_top_field.misr_opb_luma
06-06 17:05:15.083 19820 31271 D ReflectedParamUpdater: extent() != 1 for single value type: vendor.qti-ext-dec-info-misr.misr_info_top_field.misr_opb_chroma
06-06 17:05:15.083 19820 31271 D ReflectedParamUpdater: extent() != 1 for single value type: vendor.qti-ext-dec-info-misr.misr_info_bottom_field.misr_dpb_luma
06-06 17:05:15.083 19820 31271 D ReflectedParamUpdater: extent() != 1 for single value type: vendor.qti-ext-dec-info-misr.misr_info_bottom_field.misr_dpb_chroma
06-06 17:05:15.083 19820 31271 D ReflectedParamUpdater: extent() != 1 for single value type: vendor.qti-ext-dec-info-misr.misr_info_bottom_field.misr_opb_luma
06-06 17:05:15.083 19820 31271 D ReflectedParamUpdater: extent() != 1 for single value type: vendor.qti-ext-dec-info-misr.misr_info_bottom_field.misr_opb_chroma
06-06 17:05:15.083 19820 31271 D CCodecConfig: ignoring local param raw.size (0xd2001800) as it is already supported
06-06 17:05:15.083 19820 31271 D CCodecConfig: ignoring local param raw.color (0xd2001809) as it is already supported
06-06 17:05:15.083 19820 31271 D CCodecConfig: ignoring local param raw.hdr-static-info (0xd200180a) as it is already supported
06-06 17:05:15.084   950  2273 E QC2Interface: Failed to query parameters
06-06 17:05:15.084 19820 31271 I CCodecConfig: query failed after returning 17 values (BAD_INDEX)
06-06 17:05:15.085 19820 31271 D CCodecConfig: c2 config diff is Dict {
06-06 17:05:15.085 19820 31271 D CCodecConfig:   c2::i32 algo.priority.value = 0
06-06 17:05:15.085 19820 31271 D CCodecConfig:   c2::float algo.rate.value = 30
06-06 17:05:15.085 19820 31271 D CCodecConfig:   c2::u32 algo.secure-mode.value = 0
06-06 17:05:15.085 19820 31271 D CCodecConfig:   c2::float coded.frame-rate.value = 30
06-06 17:05:15.085 19820 31271 D CCodecConfig:   c2::u32 coded.pl.level = 0
06-06 17:05:15.085 19820 31271 D CCodecConfig:   c2::u32 coded.pl.profile = 20484
06-06 17:05:15.085 19820 31271 D CCodecConfig:   c2::u32 coded.vui.color.matrix = 255
06-06 17:05:15.085 19820 31271 D CCodecConfig:   c2::u32 coded.vui.color.primaries = 0
06-06 17:05:15.085 19820 31271 D CCodecConfig:   c2::u32 coded.vui.color.range = 0
06-06 17:05:15.085 19820 31271 D CCodecConfig:   c2::u32 coded.vui.color.transfer = 255
06-06 17:05:15.085 19820 31271 D CCodecConfig:   c2::u32 default.color.matrix = 0
06-06 17:05:15.085 19820 31271 D CCodecConfig:   c2::u32 default.color.primaries = 0
06-06 17:05:15.085 19820 31271 D CCodecConfig:   c2::u32 default.color.range = 0
06-06 17:05:15.085 19820 31271 D CCodecConfig:   c2::u32 default.color.transfer = 0
06-06 17:05:15.085 19820 31271 D CCodecConfig:   c2::u32 input.buffers.max-size.value = 3133440
06-06 17:05:15.085 19820 31271 D CCodecConfig:   c2::u32 input.delay.value = 0
06-06 17:05:15.085 19820 31271 D CCodecConfig:   string input.media-type.value = "video/avc"
06-06 17:05:15.085 19820 31271 D CCodecConfig:   c2::u32 output.delay.value = 18
06-06 17:05:15.085 19820 31271 D CCodecConfig:   string output.media-type.value = "video/raw"
06-06 17:05:15.085 19820 31271 D CCodecConfig:   c2::u32 raw.color.matrix = 255
06-06 17:05:15.085 19820 31271 D CCodecConfig:   c2::u32 raw.color.primaries = 0
06-06 17:05:15.085 19820 31271 D CCodecConfig:   c2::u32 raw.color.range = 0
06-06 17:05:15.085 19820 31271 D CCodecConfig:   c2::u32 raw.color.transfer = 255
06-06 17:05:15.085 19820 31271 D CCodecConfig:   c2::float raw.hdr-static-info.mastering.blue.x = 0
06-06 17:05:15.085 19820 31271 D CCodecConfig:   c2::float raw.hdr-static-info.mastering.blue.y = 0
06-06 17:05:15.085 19820 31271 D CCodecConfig:   c2::float raw.hdr-static-info.mastering.gr
06-06 17:05:15.085 19820 31271 W ColorUtils: expected specified color aspects (0:0:255:255)
06-06 17:05:15.092 19820 31266 D MediaCodec: MediaCodec::init(c2.android.aac.decoder)
06-06 17:05:15.094 19820 31266 D AudioTrack: startInput recording for com.facebook.orca  uid 10337
06-06 17:05:15.094 19820 31266 D MediaCodec: MediaCodec::init(package namecom.facebook.orca)
06-06 17:05:15.101 19820 31288 D CCodec  : allocate(c2.android.aac.decoder)
06-06 17:05:15.105 19820 31288 I CCodec  : setting up 'default' as default (vendor) store
06-06 17:05:15.108  1535  1746 V C2Store : in init
06-06 17:05:15.109  1535  1746 V C2Store : loading dll
06-06 17:05:15.113 19820 31288 I CCodec  : Created component [c2.android.aac.decoder]
06-06 17:05:15.113 19820 31288 D CCodecConfig: read media type: audio/mp4a-latm
06-06 17:05:15.116 19820 31288 D ReflectedParamUpdater: extent() != 1 for single value type: algo.buffers.max-count.values
06-06 17:05:15.116 19820 31288 D ReflectedParamUpdater: extent() != 1 for single value type: output.subscribed-indices.values
06-06 17:05:15.117 19820 31288 D ReflectedParamUpdater: extent() != 1 for single value type: input.buffers.allocator-ids.values
06-06 17:05:15.117 19820 31288 D ReflectedParamUpdater: extent() != 1 for single value type: output.buffers.allocator-ids.values
06-06 17:05:15.117 19820 31288 D ReflectedParamUpdater: extent() != 1 for single value type: algo.buffers.allocator-ids.values
06-06 17:05:15.117 19820 31288 D ReflectedParamUpdater: extent() != 1 for single value type: output.buffers.pool-ids.values
06-06 17:05:15.117 19820 31288 D ReflectedParamUpdater: extent() != 1 for single value type: algo.buffers.pool-ids.values
06-06 17:05:15.121 19820 31288 I CCodecConfig: query failed after returning 19 values (BAD_INDEX)
06-06 17:05:15.121 19820 31288 D CCodecConfig: c2 config diff is Dict {
06-06 17:05:15.121 19820 31288 D CCodecConfig:   c2::u32 coded.aac-packaging.value = 0
06-06 17:05:15.121 19820 31288 D CCodecConfig:   c2::u32 coded.bitrate.value = 64000
06-06 17:05:15.121 19820 31288 D CCodecConfig:   c2::u32 coded.pl.level = 0
06-06 17:05:15.121 19820 31288 D CCodecConfig:   c2::u32 coded.pl.profile = 8192
06-06 17:05:15.121 19820 31288 D CCodecConfig:   c2::i32 coding.drc.album-mode.value = 0
06-06 17:05:15.121 19820 31288 D CCodecConfig:   c2::float coding.drc.attenuation-factor.value = 1
06-06 17:05:15.121 19820 31288 D CCodecConfig:   c2::float coding.drc.boost-factor.value = 1
06-06 17:05:15.121 19820 31288 D CCodecConfig:   c2::i32 coding.drc.compression-mode.value = 3
06-06 17:05:15.121 19820 31288 D CCodecConfig:   c2::i32 coding.drc.effect-type.value = 3
06-06 17:05:15.121 19820 31288 D CCodecConfig:   c2::float coding.drc.encoded-level.value = 0.25
06-06 17:05:15.121 19820 31288 D CCodecConfig:   c2::float coding.drc.reference-level.value = -16
06-06 17:05:15.121 19820 31288 D CCodecConfig:   c2::u32 input.buffers.max-size.value = 8192
06-06 17:05:15.121 19820 31288 D CCodecConfig:   c2::u32 input.delay.value = 0
06-06 17:05:15.121 19820 31288 D CCodecConfig:   string input.media-type.value = "audio/mp4a-latm"
06-06 17:05:15.121 19820 31288 D CCodecConfig:   c2::u32 output.delay.value = 2
06-06 17:05:15.121 19820 31288 D CCodecConfig:   c2::float output.drc.output-loudness.value = 0.25
06-06 17:05:15.121 19820 31288 D CCodecConfig:   string output.media-type.value = "audio/raw"
06-06 17:05:15.121 19820 31288 D CCodecConfig:   c2::u32 raw.channel-count.value = 1
06-06 17:05:15.121 19820 31288 D CCodecConfig:   c2::u32 raw.max-channel-count.value = 8
06-06 17:05:15.121 19820 31288 D CCodecConfig:   c2::u32 raw.sample-rate.value = 44100
06-06 17:05:15.121 19820 31288 D CCodecConfig: }
06-06 17:05:15.129 19820 31266 D AudioTrack: startInput recording for com.facebook.orca  uid 10337
06-06 17:05:15.129 19820 31266 D MediaCodec: MediaCodec::release(package namecom.facebook.orca)
06-06 17:05:15.135 19820 31288 I hw-BpHwBinder: onLastStrongRef automatically unlinking death recipients
06-06 17:05:15.136  1535  1746 V C2Store : in ~ComponentModule
06-06 17:05:15.136  1535  1746 V C2Store : unloading dll
06-06 17:05:15.138 19820 31266 D MediaCodec: MediaCodec::init(c2.android.aac.decoder)
06-06 17:05:15.139 19820 31166 W CursorWindow: Window is full: requested allocation 1092 bytes, free space 169 bytes, window size 2097152 bytes
06-06 17:05:15.140 19820 31266 D AudioTrack: startInput recording for com.facebook.orca  uid 10337
06-06 17:05:15.140 19820 31266 D MediaCodec: MediaCodec::init(package namecom.facebook.orca)
06-06 17:05:15.142 19820 31288 D CCodec  : allocate(c2.android.aac.decoder)
06-06 17:05:15.147 19820 31288 I CCodec  : setting up 'default' as default (vendor) store
06-06 17:05:15.147  1535 21843 V C2Store : in init
06-06 17:05:15.147  1535 21843 V C2Store : loading dll
06-06 17:05:15.151 19820 31288 I CCodec  : Created component [c2.android.aac.decoder]
06-06 17:05:15.151 19820 31288 D CCodecConfig: read media type: audio/mp4a-latm
06-06 17:05:15.154 19820 31288 D ReflectedParamUpdater: extent() != 1 for single value type: algo.buffers.max-count.values
06-06 17:05:15.155 19820 31288 D ReflectedParamUpdater: extent() != 1 for single value type: output.subscribed-indices.values
06-06 17:05:15.155 19820 31288 D ReflectedParamUpdater: extent() != 1 for single value type: input.buffers.allocator-ids.values
06-06 17:05:15.155 19820 31288 D ReflectedParamUpdater: extent() != 1 for single value type: output.buffers.allocator-ids.values
06-06 17:05:15.155 19820 31288 D ReflectedParamUpdater: extent() != 1 for single value type: algo.buffers.allocator-ids.values
06-06 17:05:15.155 19820 31288 D ReflectedParamUpdater: extent() != 1 for single value type: output.buffers.pool-ids.values
06-06 17:05:15.155 19820 31288 D ReflectedParamUpdater: extent() != 1 for single value type: algo.buffers.pool-ids.values
06-06 17:05:15.159 19820 31288 I CCodecConfig: query failed after returning 19 values (BAD_INDEX)
06-06 17:05:15.159 19820 31288 D CCodecConfig: c2 config diff is Dict {
06-06 17:05:15.159 19820 31288 D CCodecConfig:   c2::u32 coded.aac-packaging.value = 0
06-06 17:05:15.159 19820 31288 D CCodecConfig:   c2::u32 coded.bitrate.value = 64000
06-06 17:05:15.159 19820 31288 D CCodecConfig:   c2::u32 coded.pl.level = 0
06-06 17:05:15.159 19820 31288 D CCodecConfig:   c2::u32 coded.pl.profile = 8192
06-06 17:05:15.159 19820 31288 D CCodecConfig:   c2::i32 coding.drc.album-mode.value = 0
06-06 17:05:15.159 19820 31288 D CCodecConfig:   c2::float coding.drc.attenuation-factor.value = 1
06-06 17:05:15.159 19820 31288 D CCodecConfig:   c2::float coding.drc.boost-factor.value = 1
06-06 17:05:15.159 19820 31288 D CCodecConfig:   c2::i32 coding.drc.compression-mode.value = 3
06-06 17:05:15.159 19820 31288 D CCodecConfig:   c2::i32 coding.drc.effect-type.value = 3
06-06 17:05:15.159 19820 31288 D CCodecConfig:   c2::float coding.drc.encoded-level.value = 0.25
06-06 17:05:15.159 19820 31288 D CCodecConfig:   c2::float coding.drc.reference-level.value = -16
06-06 17:05:15.159 19820 31288 D CCodecConfig:   c2::u32 input.buffers.max-size.value = 8192
06-06 17:05:15.159 19820 31288 D CCodecConfig:   c2::u32 input.delay.value = 0
06-06 17:05:15.159 19820 31288 D CCodecConfig:   string input.media-type.value = "audio/mp4a-latm"
06-06 17:05:15.159 19820 31288 D CCodecConfig:   c2::u32 output.delay.value = 2
06-06 17:05:15.159 19820 31288 D CCodecConfig:   c2::float output.drc.output-loudness.value = 0.25
06-06 17:05:15.159 19820 31288 D CCodecConfig:   string output.media-type.value = "audio/raw"
06-06 17:05:15.159 19820 31288 D CCodecConfig:   c2::u32 raw.channel-count.value = 1
06-06 17:05:15.159 19820 31288 D CCodecConfig:   c2::u32 raw.max-channel-count.value = 8
06-06 17:05:15.159 19820 31288 D CCodecConfig:   c2::u32 raw.sample-rate.value = 44100
06-06 17:05:15.159 19820 31288 D CCodecConfig: }
06-06 17:05:15.464  1803  2751 D MIUIInput: [MotionEvent] publisher action=0x4, 243548786, channel 'de5e376 NavigationBar0 (server)'
06-06 17:05:15.465  1803  2751 D MIUIInput: [MotionEvent] publisher action=0x0, 243548786, channel 'bf53411 com.android.settings/com.android.settings.SubSettings (server)'
06-06 17:05:15.512   756   756 D Zygote  : Forked child process 31293
06-06 17:05:15.515   911 32324 I WifiHAL : event received NL80211_CMD_VENDOR, vendor_id = 0x1374, subcmd = 0xd
06-06 17:05:15.515  1551  1551 I cnss-daemon: nl80211 response handler invoked
06-06 17:05:15.515  1551  1551 I cnss-daemon: nl80211_response_handler: cmd 103, vendorID 4980, subcmd 13  received
06-06 17:05:15.527 31293 31293 I libc    : SetHeapTaggingLevel: tag level set to 0
06-06 17:05:15.538 31293 31293 E .android.camer: Not starting debugger since process cannot load the jdwp agent.
06-06 17:05:15.538 19819 19819 W Choreographer: OPTS_INPUT: First frame was drawed before optimized, so skip!
06-06 17:05:15.543   921   921 E ANDR-PERF-MPCTL: Active req limit reached, No optimizations performed
06-06 17:05:15.546   921   921 E ANDR-PERF-MPCTL: Active req limit reached, No optimizations performed
06-06 17:05:15.551  1803  9602 D CompatibilityInfo: mCompatibilityFlags - 0
06-06 17:05:15.551  1803  9602 D CompatibilityInfo: applicationDensity - 440
06-06 17:05:15.551  1803  9602 D CompatibilityInfo: applicationScale - 1.0
06-06 17:05:15.555  1803  5008 I MiuiNetworkPolicy: updateUidState uid = 10120, uidState = 19
06-06 17:05:15.615 31293 31293 D ApplicationLoaders: Returning zygote-cached class loader: /system/framework/android.test.base.jar
06-06 17:05:15.663 31293 31293 I Perf    : Connecting to perf service.
06-06 17:05:15.684 31293 31293 I MiuiForceDarkConfig: MiuiForceDarkConfig setConfig density:2.750000, mainRule:0, secondaryRule:0, tertiaryRule:0
06-06 17:05:15.687 31293 31293 D NetworkSecurityConfig: Using Network Security Config from resource network_security_config debugBuild: false
06-06 17:05:15.691 31293 31293 D NetworkSecurityConfig: Using Network Security Config from resource network_security_config debugBuild: false
06-06 17:05:15.703 31293 31293 D CAM_OooO00o: init proxy = class com.mi.device.Veux
06-06 17:05:15.704 31293 31293 D CAM_BoostFrameworkImpl: startBoost: duration = 300, scene = 6
06-06 17:05:15.704 31293 31293 D CAM_BoostFrameworkImpl: ready to boost
06-06 17:05:15.704   921   921 E ANDR-PERF-MPCTL: Active req limit reached, No optimizations performed
06-06 17:05:15.707 31293 31293 D CAM_OooO00o: could not get packageManager of maintenance mode
06-06 17:05:15.708 31293 31293 D CAM_CameraAppImpl: totalMemory:7G, maxAcquireCount = 35, maxDequeueCount:4
06-06 17:05:15.709 31293 31293 D ImagePool: init: maxAcquireCount=35 maxDequeueCount=4
06-06 17:05:15.710 31293 31293 D ImagePool: init: maxAcquireCount=24 maxDequeueCount=4
06-06 17:05:15.711 31293 31293 D CAM_AlgoConnector: startService: bind LocalParallelService start!
06-06 17:05:15.716  1803  9602 D CompatibilityInfo: mCompatibilityFlags - 0
06-06 17:05:15.716  1803  9602 D CompatibilityInfo: applicationDensity - 440
06-06 17:05:15.716  1803  9602 D CompatibilityInfo: applicationScale - 1.0
06-06 17:05:15.719  1803  5008 I MiuiNetworkPolicy: updateUidState uid = 10120, uidState = 10
06-06 17:05:15.733 31293 31293 D CAM_UpgradeManager: migrateForUpgrade previous -> 430028003, currentVersion -> 430040003
06-06 17:05:15.733   921  7071 E ANDR-PERF-LM: VmRssMeter:: start() 447: Could not find pid, can not collect vmrss data
06-06 17:05:15.733   921  7071 E ANDR-PERF-LM: AdaptiveLaunch: writeToDataBase() 64: Meter aborted or could not get meter data for this run
06-06 17:05:15.733 31293 31293 D CAM_MIVIHelper: requestCloudDataAsync:
06-06 17:05:15.736   921  7070 E ANDR-PERF-LM: VmRssMeter:: start() 447: Could not find pid, can not collect vmrss data
06-06 17:05:15.750 31293 31293 I CAM_PermissionManager: getNeedCheckPermissionList() listSize =0
06-06 17:05:15.751 31293 31293 I CAM_PermissionManager: checkCameraPermissions(), all on
06-06 17:05:15.751 31293 31293 D CAM_Camera2CompatAdapterRole: E: init()
06-06 17:05:15.751 31293 31293 D CAM_Camera2CompatAdapterRole: E: reset()
06-06 17:05:15.751 31293 31293 D CAM_Camera2CompatAdapterRole: X: reset()
06-06 17:05:15.751 31293 31293 I CameraManagerGlobal: Connecting to camera service
06-06 17:05:15.757  1344  5098 W ServiceManager: Permission failure: android.permission.CAMERA_OPEN_CLOSE_LISTENER from uid=10120 pid=31293
06-06 17:05:15.758 31293 31293 I CAM_Camera2CompatAdapterRole: [K_PROCESS]: All available camera ids: [0, 1, 2, 3, 4, 5, 6]
06-06 17:05:15.764  1344  5098 W CameraService: stenwill modify minimum Focus Distance for veux cameraID:0 from 10.00 to 5.00
06-06 17:05:15.767 31293 31293 I CameraMetadataJV: setAppNameAndSensorId all [com.antutu:0,ssize,12032x9024,0,false]
06-06 17:05:15.767 31293 31293 I CameraMetadataJV: setAppNameAndSensorId all [com.antutu:1,ssize,4608x3456,0,false]
06-06 17:05:15.777 31293 31293 E VendorTagDescriptor: lookupTag: Tag name 'cameraIds' does not exist.
06-06 17:05:15.777 31293 31293 W CAM_VendorTagHelper: caution: failed to try get value from camera characteristics: <VTNF>, com.xiaomi.cameraid.role.cameraIds
06-06 17:05:15.782 31293 31293 E VendorTagDescriptor: lookupTag: Tag name 'cameraIds' does not exist.
06-06 17:05:15.783 31293 31293 W CAM_VendorTagHelper: caution: failed to try get value from camera characteristics: <VTNF>, com.xiaomi.cameraid.role.cameraIds
06-06 17:05:15.785 31293 31293 E VendorTagDescriptor: lookupTag: Tag name 'cameraIds' does not exist.
06-06 17:05:15.786 31293 31293 W CAM_VendorTagHelper: caution: failed to try get value from camera characteristics: <VTNF>, com.xiaomi.cameraid.role.cameraIds
06-06 17:05:15.788 31293 31293 E VendorTagDescriptor: lookupTag: Tag name 'cameraIds' does not exist.
06-06 17:05:15.788 31293 31293 W CAM_VendorTagHelper: caution: failed to try get value from camera characteristics: <VTNF>, com.xiaomi.cameraid.role.cameraIds
06-06 17:05:15.791 31293 31293 E VendorTagDescriptor: lookupTag: Tag name 'cameraIds' does not exist.
06-06 17:05:15.791 31293 31293 W CAM_VendorTagHelper: caution: failed to try get value from camera characteristics: <VTNF>, com.xiaomi.cameraid.role.cameraIds
06-06 17:05:15.794 31293 31293 E VendorTagDescriptor: lookupTag: Tag name 'cameraIds' does not exist.
06-06 17:05:15.794 31293 31293 W CAM_VendorTagHelper: caution: failed to try get value from camera characteristics: <VTNF>, com.xiaomi.cameraid.role.cameraIds
06-06 17:05:15.797 31293 31293 E VendorTagDescriptor: lookupTag: Tag name 'cameraIds' does not exist.
06-06 17:05:15.797 31293 31293 W CAM_VendorTagHelper: caution: failed to try get value from camera characteristics: <VTNF>, com.xiaomi.cameraid.role.cameraIds
06-06 17:05:15.799 31293 31293 D CAM_Camera2CompatAdapterRole: X: init()
06-06 17:05:15.799 31293 31327 D CAM_Camera2CompatAdapterRole: E: initCameraCapabilitiesAsync()
06-06 17:05:15.799 31293 31327 D CAM_Camera2CompatAdapter: E: initCameraCapabilitiesByCameraId(): 0
06-06 17:05:15.800  1344  5098 W CameraService: stenwill modify minimum Focus Distance for veux cameraID:0 from 10.00 to 5.00
06-06 17:05:15.801 31293 31293 D CAM_CameraWorkExecutor: execute, work queue size: 0
06-06 17:05:15.802 31293 31293 D CAM_PerfspySettings: listen setting data change from cloud
06-06 17:05:15.840 31293 31293 D CAM_BoostFrameworkImpl: stopBoost: com.android.camera.CameraAppImpl.attachBaseContext:40
06-06 17:05:15.840 31293 31293 D CAM_BoostFrameworkImpl: ready to stop boost
06-06 17:05:15.839 31293 31293 W file-logger: type=1400 audit(0.0:10476409): avc: denied { write } for name="tasks" dev="cgroup" ino=21 scontext=u:r:platform_app:s0:c512,c768 tcontext=u:object_r:cgroup:s0 tclass=file permissive=0 app=com.android.camera
06-06 17:05:15.844 31293 31293 D CAM_CameraAppImpl: attachBaseContext: cost = 150
06-06 17:05:15.846 31293 31327 D CAM_CameraCapabilities: QuickShotDelayTime tag not defined
06-06 17:05:15.846 31293 31327 D CAM_CameraCapabilities: HQQuickShot: mFeatureMask: 0   mDelayTimeMask: 0
06-06 17:05:15.846 31293 31327 D CAM_Camera2CompatAdapter: X: initCameraCapabilitiesByCameraId(): 0
06-06 17:05:15.847 31293 31327 D CAM_Camera2CompatAdapter: E: initCameraCapabilitiesByCameraId(): 1
06-06 17:05:15.860  1803  2751 D MIUIInput: [MotionEvent] publisher action=0x1, 243549182, channel 'bf53411 com.android.settings/com.android.settings.SubSettings (server)'
06-06 17:05:15.861   921   921 E ANDR-PERF-MPCTL: Active req limit reached, No optimizations performed
06-06 17:05:15.867 31293 31293 I CAM_SplashProvider: onCreate:
06-06 17:05:15.873 31293 31293 V CAM_ParallelProcessProvider: onCreate
06-06 17:05:15.876 31293 31327 D CAM_CameraCapabilities: QuickShotDelayTime tag not defined
06-06 17:05:15.876 31293 31327 D CAM_CameraCapabilities: HQQuickShot: mFeatureMask: 0   mDelayTimeMask: 0
06-06 17:05:15.876 31293 31327 D CAM_Camera2CompatAdapter: X: initCameraCapabilitiesByCameraId(): 1
06-06 17:05:15.876 31293 31327 D CAM_Camera2CompatAdapter: E: initCameraCapabilitiesByCameraId(): 2
06-06 17:05:15.878 31293 31293 D CAM_BoostFrameworkImpl: startBoost: duration = 300, scene = 6
06-06 17:05:15.878 31293 31293 D CAM_BoostFrameworkImpl: ready to boost
06-06 17:05:15.878   921   921 E ANDR-PERF-MPCTL: Active req limit reached, No optimizations performed
06-06 17:05:15.889 31293 31293 V CAM_Display: StatusBarHeight=90
06-06 17:05:15.889 31293 31293 D CAM_DisplayAdapter: DisplayParameter appBoundWidth:1080,appBoundHeight:2400,isNotchDevice:true,statusBarHeight:90,isInMultiWindow:false
06-06 17:05:15.889 31293 31293 D CAM_DisplayAdapter: init DisplayPreviewRect
06-06 17:05:15.893 31293 31293 W CAM_Display: initialize: sCenterDisplayHeight = 1920, sTopMargin = 90, sTopBarHeight = 195, sBottomMargin = 195, sBottomBarHeight = 480, windowSize = 1080x2400, appBoundSize = 1080x2400, isNotchDevice = true, mIsInitialized = true
06-06 17:05:15.893 31293 31293 I CAM_Display: windowSize=1080x2400 density=2.7500
06-06 17:05:15.905 31293 31293 D CAM_ApplicationInit: <application init> consume time:21
06-06 17:05:15.908 31293 31327 D CAM_CameraCapabilities: QuickShotDelayTime tag not defined
06-06 17:05:15.908 31293 31327 D CAM_CameraCapabilities: HQQuickShot: mFeatureMask: 0   mDelayTimeMask: 0
06-06 17:05:15.908 31293 31327 D CAM_Camera2CompatAdapter: X: initCameraCapabilitiesByCameraId(): 2
06-06 17:05:15.908 31293 31327 D CAM_Camera2CompatAdapter: E: initCameraCapabilitiesByCameraId(): 3
06-06 17:05:15.910 31293 31333 D CAM_CameraAppImpl: Track init start
06-06 17:05:15.917 31293 31293 D CAM_MiCamera2: MiCamera2: preload
06-06 17:05:15.917 31293 31293 D CAM_BoostFrameworkImpl: stopBoost: com.android.camera.CameraAppImpl.onCreate:12
06-06 17:05:15.917 31293 31293 D CAM_BoostFrameworkImpl: ready to stop boost
06-06 17:05:15.918 31293 31293 D CAM_CameraAppImpl: onCreate: cost = 41
06-06 17:05:15.926 31293 31293 D CAM_LocalParallelService: onCreate
06-06 17:05:15.927 31293 31293 D ReprocessorFactory: reprocessorType = VIRTUAL_CAMERA
06-06 17:05:15.927 31293 31293 D ReprocessorFactory: getReprocessor: type = VIRTUAL_CAMERA
06-06 17:05:15.928 31293 31293 D VirtualCameraReprocessor: setVTCameraIds: backId=5 frontId=6
06-06 17:05:15.928 31293 31293 D ReprocessorFactory: getReprocessor: type = VIRTUAL_CAMERA
06-06 17:05:15.928 31293 31293 D VirtualCameraReprocessor: init>>
06-06 17:05:15.935 31293 31293 E libc    : Access denied finding property "vendor.displayfeature_hidl"
06-06 17:05:15.936 31293 31333 D OneTrackSdk: updateDebugSwitch sEnable: false sDebugModefalse sDebugPropertyfalse
06-06 17:05:15.936 31293 31333 D OneTrackSdk: updateTestSwitch sTestEnable: false sTestModefalse sTestPropertyfalse
06-06 17:05:15.936 31293 31333 D OneTrackSdk: log on: false, quick upload on: false
06-06 17:05:15.936 31293 31293 E libc    : Access denied finding property "ro.vendor.df.effect.conflict"
06-06 17:05:15.937 31293 31293 E libc    : Access denied finding property "ro.vendor.knock.type"
06-06 17:05:15.943 31293 31293 D VirtualCameraReprocessor: init<<
06-06 17:05:15.943 31293 31327 D CAM_CameraCapabilities: QuickShotDelayTime tag not defined
06-06 17:05:15.943 31293 31327 D CAM_CameraCapabilities: HQQuickShot: mFeatureMask: 0   mDelayTimeMask: 0
06-06 17:05:15.943 31293 31327 D CAM_Camera2CompatAdapter: X: initCameraCapabilitiesByCameraId(): 3
06-06 17:05:15.943 31293 31327 D CAM_Camera2CompatAdapter: E: initCameraCapabilitiesByCameraId(): 4
06-06 17:05:15.943 31293 31293 I CAM_LocalParallelService: starting mivi engine
06-06 17:05:15.944 31293 31293 D MiCameraAlgo: init: E
06-06 17:05:15.944 31293 31293 D MiCameraAlgo: init: application file path to algorithm lib: /data/user/0/com.android.camera/files
06-06 17:05:15.944 31293 31293 E MiCamAlgoInterfaceJNI: start loading camera_algoup_jni.xiaomi
06-06 17:05:15.947 31293 31293 D MiCamAlgoInterfaceJNI: static initializer: loadLibrary camera_algoup_jni.xiaomi
06-06 17:05:15.950 31293 31293 E linker  : normalize_path - invalid input: "D", the input path should be absolute
06-06 17:05:15.950 31293 31293 W linker  : Warning: unable to normalize "D" (ignoring)
06-06 17:05:15.951 31293 31293 E linker  : normalize_path - invalid input: "\android_tool\android-ndk-r18b\toolchains\llvm\prebuilt\windows-x86_64\lib64\clang\7.0.2\lib\linux\aarch64", the input path should be absolute
06-06 17:05:15.951 31293 31293 W linker  : Warning: unable to normalize "\android_tool\android-ndk-r18b\toolchains\llvm\prebuilt\windows-x86_64\lib64\clang\7.0.2\lib\linux\aarch64" (ignoring)
06-06 17:05:15.959 31293 31293 E linker  : normalize_path - invalid input: "D", the input path should be absolute
06-06 17:05:15.959 31293 31293 W linker  : Warning: unable to normalize "D" (ignoring)
06-06 17:05:15.959 31293 31293 E linker  : normalize_path - invalid input: "\android_tool\android-ndk-r18b\toolchains\llvm\prebuilt\windows-x86_64\lib64\clang\7.0.2\lib\linux\aarch64", the input path should be absolute
06-06 17:05:15.960 31293 31293 W linker  : Warning: unable to normalize "\android_tool\android-ndk-r18b\toolchains\llvm\prebuilt\windows-x86_64\lib64\clang\7.0.2\lib\linux\aarch64" (ignoring)
06-06 17:05:15.960 31293 31293 W linker  : Warning: "/vendor/lib64/libalCFR.so" unused DT entry: DT_RPATH (type 0xf arg 0x4151) (ignoring)
06-06 17:05:15.960 31293 31293 W linker  : Warning: "/vendor/lib64/libmibokeh_712.so" unused DT entry: DT_RPATH (type 0xf arg 0x1b80) (ignoring)
06-06 17:05:15.968 31293 31333 D OneTrackImp: OneTrackImp init : Configuration{appId='31*******85', pluginId='null', channel='veux_global', international=false, region='null', overrideMiuiRegionSetting=false, mode=APP, GAIDEnable=true, IMSIEnable=true, IMEIEnable=true, ExceptionCatcherEnable=true, instanceId=null}
06-06 17:05:15.968 31293 31333 D OneTrackSdk: updateDebugSwitch sEnable: false sDebugModefalse sDebugPropertyfalse
06-06 17:05:15.968 31293 31333 D OneTrackSdk: updateTestSwitch sTestEnable: false sTestModefalse sTestPropertyfalse
06-06 17:05:15.968 31293 31333 D CAM_CameraAppImpl: markAllDepartedTask>>31293
06-06 17:05:15.987 31293 31333 D CAM_CameraAppImpl: markAllDepartedTask<<
06-06 17:05:15.987 31293 31333 I CAM_CameraAppImpl: [K_PROCESS]: load +
06-06 17:05:15.990 31293 31327 D CAM_CameraCapabilities: QuickShotDelayTime tag not defined
06-06 17:05:15.990 31293 31327 D CAM_CameraCapabilities: HQQuickShot: mFeatureMask: 0   mDelayTimeMask: 0
06-06 17:05:15.990 31293 31327 D CAM_Camera2CompatAdapter: X: initCameraCapabilitiesByCameraId(): 4
06-06 17:05:15.990 31293 31327 D CAM_Camera2CompatAdapter: E: initCameraCapabilitiesByCameraId(): 5
06-06 17:05:16.001 31293 31333 I CAM_PerformanceManager: [P_PERFORM]: Action: feature load takes 13 ms
06-06 17:05:16.001 31293 31333 I CAM_CameraAppImpl: [K_PROCESS]: load -
06-06 17:05:16.007 31293 31333 I android_os_HwBinder: HwBinder: Starting thread pool for getting: vendor.xiaomi.hardware.misys@1.0::IMiSys/default
06-06 17:05:16.008 31293 31333 I android_os_HwBinder: HwBinder: Starting thread pool for getting: vendor.xiaomi.hardware.misys@2.0::IMiSys/default
06-06 17:05:16.009 31293 31333 D CAM_WatermarkMiSysUtils: file dualcamera.png isExist for iMiSys20.IsExists:false
06-06 17:05:16.010 31293 31333 D CAM_WaterMarkUtil: getWaterMarkId: all = back_veux_global_redmi_note_11_pro_5g
06-06 17:05:16.014 31293 31333 I CAM_CustomTextWaterMark: drawBackWaterMarkGen2: icon size = 168x70
06-06 17:05:16.020 31293 31333 I CAM_CustomTextWaterMark: drawBackWaterMarkGen2: deviceNameSize = 732x85
06-06 17:05:16.020 31293 31333 I CAM_CustomTextWaterMark: drawBackWaterMarkGen2: size = 732x85
06-06 17:05:16.020 31293 31327 D CAM_CameraCapabilities: QuickShotDelayTime tag not defined
06-06 17:05:16.020 31293 31327 D CAM_CameraCapabilities: HQQuickShot: mFeatureMask: 0   mDelayTimeMask: 0
06-06 17:05:16.020 31293 31327 D CAM_Camera2CompatAdapter: X: initCameraCapabilitiesByCameraId(): 5
06-06 17:05:16.021 31293 31327 D CAM_Camera2CompatAdapter: E: initCameraCapabilitiesByCameraId(): 6
06-06 17:05:16.027 31293 31333 D CAM_CustomTextWaterMark: drawBackWaterMarkGen2: size = 732x191
06-06 17:05:16.028 31293 31333 V CAM_CustomTextWaterMark: drawBackWaterMarkGen2: cost time = 15ms
06-06 17:05:16.028 31293 31333 D CAM_CameraUtil: saveCustomWatermark2File: start... watermarkBitmap = android.graphics.Bitmap@ec638fd
06-06 17:05:16.047 31293 31327 D CAM_CameraCapabilities: QuickShotDelayTime tag not defined
06-06 17:05:16.047 31293 31327 D CAM_CameraCapabilities: HQQuickShot: mFeatureMask: 0   mDelayTimeMask: 0
06-06 17:05:16.047 31293 31327 D CAM_Camera2CompatAdapter: X: initCameraCapabilitiesByCameraId(): 6
06-06 17:05:16.047 31293 31327 D CAM_Camera2CompatAdapterRole: X: initCameraCapabilitiesAsync()
06-06 17:05:16.049 31293 31327 D CAM_Camera2CompatAdapterRole: role:   0 ( 71.0) <->  0
06-06 17:05:16.050 31293 31327 D CAM_Camera2CompatAdapterRole: role:   1 ( 66.9) <->  1
06-06 17:05:16.050 31293 31327 D CAM_Camera2CompatAdapterRole: role:  21 ( 96.5) <->  3
06-06 17:05:16.050 31293 31327 D CAM_Camera2CompatAdapterRole: role:  22 ( 70.0) <->  2
06-06 17:05:16.051 31293 31327 D CAM_Camera2CompatAdapterRole: role:  61 ( 71.0) <->  4 = [0, 3]
06-06 17:05:16.051 31293 31327 D CAM_Camera2CompatAdapterRole: role: 100 ( 71.0) <->  5
06-06 17:05:16.051 31293 31327 D CAM_Camera2CompatAdapterRole: role: 101 ( 66.9) <->  6
06-06 17:05:16.057 31293 31293 I MI_Algo_JNI: init: open /vendor/lib64/libmialgoengine.so with handle: 0xafc4c8b003a449b7
06-06 17:05:16.057 31293 31293 I MI_Algo_JNI: init: open function pointer: 0x794b5977b0
06-06 17:05:16.057 31293 31293 I MI_Algo_JNI: init: mCAI = 0x794b5eb448
06-06 17:05:16.058 31293 31293 I MI_Algo_JNI: init: MIAGetApiVersion pointer: 0x0
06-06 17:05:16.058 31293 31293 I MI_Algo_JNI: init: calFilePath = /data/user/0/com.android.camera/files
06-06 17:05:16.058 31293 31293 D MIA_INTF: [MIAInit:34]:E
06-06 17:05:16.058 31293 31293 D MIA_SRVC: [MiaService:28]:E 0x7963329180
06-06 17:05:16.062 31293 31293 D MIA_SRVC: [MiaService:38]:success to load perflock lib
06-06 17:05:16.062 31293 31293 I MIA_SRVC: [init:60]:E
06-06 17:05:16.062 31293 31293 I MIA_SRVC: [init:73]:get bokeh calFilePath: /data/user/0/com.android.camera/files
06-06 17:05:16.062 31293 31293 I BASS    : [device_Init()]:[29] DEVICE PROJECT [BASS] VERSION[1] RELEASE[0] INIT
06-06 17:05:16.062 31293 31293 D MiCameraAlgo: init: succeed
06-06 17:05:16.062 31293 31293 D MiCameraAlgo: init: X
06-06 17:05:16.062 31293 31293 I CAM_PerformanceManager: [P_PERFORM]: Action: initMiviEngine takes 119 ms
06-06 17:05:16.063 31293 31293 D CAM_LocalParallelService: onBind
06-06 17:05:16.063 31293 31293 I CAM_PerformanceManager: [P_PERFORM]: Action: bindParallelService takes 351 ms
06-06 17:05:16.064 31293 31333 D CAM_CameraUtil: saveCustomWatermark2File: watermarkBitmap = android.graphics.Bitmap@ec638fd, save result = true, cost time = 36ms
06-06 17:05:16.066 31293 31333 I CAM_DataItemGlobal: custom watermark version updated: veux:v2
06-06 17:05:16.066 31293 31333 D CAM_CameraUtil: generateWatermark2File cost time = 57ms
06-06 17:05:16.067 31293 31333 I android_os_HwBinder: HwBinder: Starting thread pool for getting: vendor.xiaomi.hardware.misys@1.0::IMiSys/default
06-06 17:05:16.069 31293 31333 I android_os_HwBinder: HwBinder: Starting thread pool for getting: vendor.xiaomi.hardware.misys@2.0::IMiSys/default
06-06 17:05:16.069 31293 31333 D CAM_WatermarkMiSysUtils: file veux_main_space_cinematic_ratio_custom_watermark.png isExist for iMiSys20.IsExists:false
06-06 17:05:16.070  1803  5008 I MiuiNetworkPolicy: updateUidState uid = 10120, uidState = 19
06-06 17:05:16.071 31293 31333 I CAM_CustomTextWaterMark: drawBackWaterMarkGen2: icon size = 168x70
06-06 17:05:16.071 31293 31293 D CAM_AlgoConnector: onServiceConnected: ComponentInfo{com.android.camera/com.android.camera.LocalParallelService}, binder = com.android.camera.LocalParallelService$LocalBinder@90a533e
06-06 17:05:16.071 31293 31293 D CAM_AlgoConnector: onServiceConnected: accepted!!!
06-06 17:05:16.071 31293 31333 I CAM_CustomTextWaterMark: drawBackWaterMarkGen2: deviceNameSize = 732x85
06-06 17:05:16.071 31293 31333 I CAM_CustomTextWaterMark: drawBackWaterMarkGen2: size = 732x85
06-06 17:05:16.073 31293 31333 D CAM_CustomTextWaterMark: drawBackWaterMarkGen2: size = 732x191
06-06 17:05:16.073 31293 31333 V CAM_CustomTextWaterMark: drawBackWaterMarkGen2: cost time = 2ms
06-06 17:05:16.073 31293 31333 D CAM_CameraUtil: saveCustomWatermark2File: start... watermarkBitmap = android.graphics.Bitmap@eb6859f
06-06 17:05:16.110 31293 31333 D CAM_CameraUtil: saveCustomWatermark2File: watermarkBitmap = android.graphics.Bitmap@eb6859f, save result = true, cost time = 36ms
06-06 17:05:16.132 31293 31333 D CAM_Coverage: ClassNotFoundException:
06-06 17:05:16.135 31293 31333 D CAM_HybridZoomingSystem: [1.0, 2.0]
06-06 17:05:16.189 31293 31333 I Split:MultiDex: VM with version 2.1.0 has multidex support
06-06 17:05:16.193 31293 31333 D CAM_CameraAppImpl: LoadClassUseInLaunch<<
06-06 17:05:16.399  1803  1903 D CompatibilityInfo: mCompatibilityFlags - 0
06-06 17:05:16.399  1803  1903 D CompatibilityInfo: applicationDensity - 440
06-06 17:05:16.399  1803  1903 D CompatibilityInfo: applicationScale - 1.0
06-06 17:05:16.404  1803  5053 D CompatibilityInfo: mCompatibilityFlags - 0
06-06 17:05:16.404  1803  5053 D CompatibilityInfo: applicationDensity - 440
06-06 17:05:16.404  1803  5053 D CompatibilityInfo: applicationScale - 1.0
06-06 17:05:16.412  1803  9794 D CompatibilityInfo: mCompatibilityFlags - 0
06-06 17:05:16.412  1803  9794 D CompatibilityInfo: applicationDensity - 440
06-06 17:05:16.412  1803  9794 D CompatibilityInfo: applicationScale - 1.0
06-06 17:05:16.415  1803  9794 D CompatibilityInfo: mCompatibilityFlags - 0
06-06 17:05:16.415  1803  9794 D CompatibilityInfo: applicationDensity - 440
06-06 17:05:16.415  1803  9794 D CompatibilityInfo: applicationScale - 1.0
06-06 17:05:16.422  1803  5910 D CompatibilityInfo: mCompatibilityFlags - 0
06-06 17:05:16.422  1803  5910 D CompatibilityInfo: applicationDensity - 440
06-06 17:05:16.422  1803  5910 D CompatibilityInfo: applicationScale - 1.0
06-06 17:05:16.439  1803  2751 D MIUIInput: [MotionEvent] publisher action=0x4, 243549760, channel 'de5e376 NavigationBar0 (server)'
06-06 17:05:16.439  1803  2751 D MIUIInput: [MotionEvent] publisher action=0x0, 243549760, channel 'bf53411 com.android.settings/com.android.settings.SubSettings (server)'
06-06 17:05:16.456  1803  9794 D CompatibilityInfo: mCompatibilityFlags - 0
06-06 17:05:16.456  1803  9794 D CompatibilityInfo: applicationDensity - 440
06-06 17:05:16.456  1803  9794 D CompatibilityInfo: applicationScale - 1.0
06-06 17:05:16.474  1803  9602 D CompatibilityInfo: mCompatibilityFlags - 0
06-06 17:05:16.474  1803  9602 D CompatibilityInfo: applicationDensity - 440
06-06 17:05:16.474  1803  9602 D CompatibilityInfo: applicationScale - 1.0
06-06 17:05:16.489  1803  9602 D CompatibilityInfo: mCompatibilityFlags - 0
06-06 17:05:16.489  1803  9602 D CompatibilityInfo: applicationDensity - 440
06-06 17:05:16.489  1803  9602 D CompatibilityInfo: applicationScale - 1.0
06-06 17:05:16.521 19819 19819 W Choreographer: OPTS_INPUT: First frame was drawed before optimized, so skip!
06-06 17:05:16.522   921   921 E ANDR-PERF-MPCTL: Active req limit reached, No optimizations performed
06-06 17:05:16.523   921   921 E ANDR-PERF-MPCTL: Active req limit reached, No optimizations performed
06-06 17:05:16.538  1803  9602 D CompatibilityInfo: mCompatibilityFlags - 0
06-06 17:05:16.538  1803  9602 D CompatibilityInfo: applicationDensity - 440
06-06 17:05:16.538  1803  9602 D CompatibilityInfo: applicationScale - 1.0
06-06 17:05:16.557  1803  9602 D CompatibilityInfo: mCompatibilityFlags - 0
06-06 17:05:16.557  1803  9602 D CompatibilityInfo: applicationDensity - 440
06-06 17:05:16.557  1803  9602 D CompatibilityInfo: applicationScale - 1.0
06-06 17:05:16.600  1803  9602 D CompatibilityInfo: mCompatibilityFlags - 0
06-06 17:05:16.600  1803  9602 D CompatibilityInfo: applicationDensity - 440
06-06 17:05:16.600  1803  9602 D CompatibilityInfo: applicationScale - 1.0
06-06 17:05:16.622  1803  9602 D CompatibilityInfo: mCompatibilityFlags - 0
06-06 17:05:16.622  1803  9602 D CompatibilityInfo: applicationDensity - 440
06-06 17:05:16.622  1803  9602 D CompatibilityInfo: applicationScale - 1.0
06-06 17:05:16.783  1803  2751 D MIUIInput: [MotionEvent] publisher action=0x1, 243550104, channel 'bf53411 com.android.settings/com.android.settings.SubSettings (server)'
06-06 17:05:16.785   921   921 E ANDR-PERF-MPCTL: Active req limit reached, No optimizations performed
06-06 17:05:16.823 23797 27576 I CloudSettingsProvider: uriMatch : 2
06-06 17:05:16.830 31293 31331 D CAM_MIVIHelper: getStringFromLocalFile E >> /data/user/0/com.android.camera/cache/mivi_info.json
06-06 17:05:16.831 31293 31331 D CAM_MIVIHelper: getStringFromLocalFile: X return null
06-06 17:05:16.831 31293 31331 D CAM_MIVIHelper: listenSettingDataChange:
06-06 17:05:16.939  1803  2751 D MIUIInput: [MotionEvent] publisher action=0x4, 243550260, channel 'de5e376 NavigationBar0 (server)'
06-06 17:05:16.939  1803  2751 D MIUIInput: [MotionEvent] publisher action=0x0, 243550260, channel 'bf53411 com.android.settings/com.android.settings.SubSettings (server)'
06-06 17:05:16.952  1803  9794 D CompatibilityInfo: mCompatibilityFlags - 0
06-06 17:05:16.952  1803  9794 D CompatibilityInfo: applicationDensity - 440
06-06 17:05:16.952  1803  9794 D CompatibilityInfo: applicationScale - 1.0
06-06 17:05:16.975  1803  9602 D CompatibilityInfo: mCompatibilityFlags - 0
06-06 17:05:16.975  1803  9602 D CompatibilityInfo: applicationDensity - 440
06-06 17:05:16.975  1803  9602 D CompatibilityInfo: applicationScale - 1.0
06-06 17:05:17.002  1803  9602 D CompatibilityInfo: mCompatibilityFlags - 0
06-06 17:05:17.002  1803  9602 D CompatibilityInfo: applicationDensity - 440
06-06 17:05:17.002  1803  9602 D CompatibilityInfo: applicationScale - 1.0
06-06 17:05:17.020  1803  9602 D CompatibilityInfo: mCompatibilityFlags - 0
06-06 17:05:17.020  1803  9602 D CompatibilityInfo: applicationDensity - 440
06-06 17:05:17.020  1803  9602 D CompatibilityInfo: applicationScale - 1.0
06-06 17:05:17.035 19819 19819 W Choreographer: OPTS_INPUT: First frame was drawed before optimized, so skip!
06-06 17:05:17.040   921   921 E ANDR-PERF-MPCTL: Active req limit reached, No optimizations performed
06-06 17:05:17.041   921   921 E ANDR-PERF-MPCTL: Active req limit reached, No optimizations performed
06-06 17:05:17.195  1803  1903 D CompatibilityInfo: mCompatibilityFlags - 0
06-06 17:05:17.195  1803  1903 D CompatibilityInfo: applicationDensity - 440
06-06 17:05:17.195  1803  1903 D CompatibilityInfo: applicationScale - 1.0
06-06 17:05:17.205  1803  5910 D CompatibilityInfo: mCompatibilityFlags - 0
06-06 17:05:17.205  1803  5910 D CompatibilityInfo: applicationDensity - 440
06-06 17:05:17.205  1803  5910 D CompatibilityInfo: applicationScale - 1.0
06-06 17:05:17.221  1803  9794 D CompatibilityInfo: mCompatibilityFlags - 0
06-06 17:05:17.221  1803  9794 D CompatibilityInfo: applicationDensity - 440
06-06 17:05:17.221  1803  9794 D CompatibilityInfo: applicationScale - 1.0
06-06 17:05:17.239  1803  2751 D MIUIInput: [MotionEvent] publisher action=0x1, 243550560, channel 'bf53411 com.android.settings/com.android.settings.SubSettings (server)'
06-06 17:05:17.240   921   921 E ANDR-PERF-MPCTL: Active req limit reached, No optimizations performed
06-06 17:05:17.242   921   921 E ANDR-PERF-MPCTL: Active req limit reached, No optimizations performed
06-06 17:05:17.263 19820 19820 W CombinedTP6: type=1400 audit(0.0:10476410): avc: granted { execute } for path="/data/data/com.facebook.orca/lib-compressed/libnative-filters.so" dev="dm-21" ino=179287 scontext=u:r:untrusted_app:s0:c81,c257,c512,c768 tcontext=u:object_r:app_data_file:s0:c81,c257,c512,c768 tclass=file app=com.facebook.orca
06-06 17:05:17.293  1803  9602 D CompatibilityInfo: mCompatibilityFlags - 0
06-06 17:05:17.293  1803  9602 D CompatibilityInfo: applicationDensity - 440
06-06 17:05:17.293  1803  9602 D CompatibilityInfo: applicationScale - 1.0
06-06 17:05:17.371  1803  2751 D MIUIInput: [MotionEvent] publisher action=0x4, 243550692, channel 'de5e376 NavigationBar0 (server)'
06-06 17:05:17.371  1803  2751 D MIUIInput: [MotionEvent] publisher action=0x0, 243550692, channel 'bf53411 com.android.settings/com.android.settings.SubSettings (server)'
06-06 17:05:17.392  5189  5189 D Launcher.Model: LauncherAppsCallback onShortcutsChanged|com.facebook.orca|UserHandle{0}
06-06 17:05:17.395 19820 31145 W Notification: Bubbles work best with icons of TYPE_URI or TYPE_URI_ADAPTIVE_BITMAP. In the future, using an icon of this type will be required.
06-06 17:05:17.413 13244  2799 D androidtc: Initializing SystemTextClassifier, type = System
06-06 17:05:17.456 19819 19819 W Choreographer: OPTS_INPUT: First frame was drawed before optimized, so skip!
06-06 17:05:17.457   921   921 E ANDR-PERF-MPCTL: Active req limit reached, No optimizations performed
06-06 17:05:17.459   921   921 E ANDR-PERF-MPCTL: Active req limit reached, No optimizations performed
06-06 17:05:17.518   911 32324 I WifiHAL : event received NL80211_CMD_VENDOR, vendor_id = 0x1374, subcmd = 0xd
06-06 17:05:17.519  1551  1551 I cnss-daemon: nl80211 response handler invoked
06-06 17:05:17.519  1551  1551 I cnss-daemon: nl80211_response_handler: cmd 103, vendorID 4980, subcmd 13  received
06-06 17:05:17.538  1803  2751 D MIUIInput: [MotionEvent] publisher action=0x1, 243550860, channel 'bf53411 com.android.settings/com.android.settings.SubSettings (server)'
06-06 17:05:17.541   921   921 E ANDR-PERF-MPCTL: Active req limit reached, No optimizations performed
06-06 17:05:17.542   921   921 E ANDR-PERF-MPCTL: Active req limit reached, No optimizations performed
06-06 17:05:17.625 10065 10065 V onNotificationPostedCallBack: flags=1
06-06 17:05:17.629 16781 16781 D SpaceNotificationService: onNotificationPosted pkgname:com.facebook.orca userId:0 currentUserId:0 isFloat: true
06-06 17:05:17.629 16781 16781 D SpaceNotificationService: We don't care notifications posted from current users.
06-06 17:05:17.629  6431  6431 I NotificationController: onNotificationPosted: mSmartTravelNotificationMap 0
06-06 17:05:17.630  5342  5342 D InterruptionStateProvider: No bubble up: not allowed to bubble: 0|com.facebook.orca|10000|GROUP:5121838391242619|10337
06-06 17:05:17.631  5342  5342 W NotifBindPipeline: Row is not set so pipeline will not run. notif = 0|com.facebook.orca|10000|GROUP:5121838391242619|10337
06-06 17:05:17.665  5342  5342 E ContrastColorUtil: background can not be translucent: #e6ffffff
06-06 17:05:17.667  5342  5342 E ContrastColorUtil: background can not be translucent: #e6ffffff
06-06 17:05:17.671  1803  2751 D MIUIInput: [MotionEvent] publisher action=0x4, 243550992, channel 'de5e376 NavigationBar0 (server)'
06-06 17:05:17.671  1803  2751 D MIUIInput: [MotionEvent] publisher action=0x0, 243550992, channel 'bf53411 com.android.settings/com.android.settings.SubSettings (server)'
06-06 17:05:17.672  5342  5342 E ContrastColorUtil: background can not be translucent: #e6ffffff
06-06 17:05:17.770  5342  5342 I chatty  : uid=1000(system) com.android.systemui identical 75 lines
06-06 17:05:17.772  5342  5342 E ContrastColorUtil: background can not be translucent: #e6ffffff
06-06 17:05:17.781   990   990 W BufferQueueLayer: [com.android.settings/com.android.settings.SubSettings#0] Timestamp 243551101613757 seems implausible relative to expectedPresent 0
06-06 17:05:17.781   990   990 W BufferQueueLayer: [com.android.settings/com.android.settings.SubSettings#0] Timestamp 243551101613757 seems implausible relative to expectedPresent 0
06-06 17:05:17.784   921   921 E ANDR-PERF-MPCTL: Active req limit reached, No optimizations performed
