06-06 17:04:26.872 29887 29906 D CandidateSuggestionFilter: filterCandidates duration: 0
06-06 17:04:26.874 29887 29906 D CandidateSuggestionFilter: filterCandidates duration: 0
06-06 17:04:26.875 29887 29906 D CandidateSuggestion: Metadata null or has no info about summary_uri
06-06 17:04:26.876 29887 29906 D CandidateSuggestionFilter: filterCandidates duration: 0
06-06 17:04:26.876 29887 29906 I chatty  : uid=10208(com.android.settings.intelligence) Binder:29887_2 identical 1 line
06-06 17:04:26.877 29887 29906 D CandidateSuggestionFilter: filterCandidates duration: 0
06-06 17:04:26.879 29887 29906 I AccountEligibility: com.google.android.gms/com.google.android.gms.wallet.setupwizard.PaymentsSetupWizardActivity requires unavailable account type com.google
06-06 17:04:26.880 29887 29906 D CandidateSuggestionFilter: filterCandidates duration: 1
06-06 17:04:26.880 29887 29906 D CandidateSuggestion: Metadata null or has no info about summary_uri
06-06 17:04:26.881 29887 29906 D CandidateSuggestionFilter: filterCandidates duration: 0
06-06 17:04:26.882 19819 29918 I DeferredSetupHelper: showSuggestionIfNeed: startTime: 1654506266813 endTime: 1654506266882
06-06 17:04:26.882 19819 29918 I DeferredSetupHelper: getSuggestions, size:3
06-06 17:04:26.882 19819 29918 D DeferredSetupHelper: getPendingIntent:Intent { cmp=com.google.android.gms/.trustlet.onbody.discovery.OnbodyPromotionActivity }
06-06 17:04:26.883 19819 29918 D DeferredSetupHelper: getPendingIntent:Intent { cmp=com.android.settings/.wallpaper.StyleSuggestionActivity }
06-06 17:04:26.884 19819 29918 D DeferredSetupHelper: getPendingIntent:Intent { cmp=com.android.emergency/.edit.EditInfoSuggestion }
06-06 17:04:26.955   921   921 W /vendor/bin/hw/vendor.qti.hardware.perf@2.2-service: type=1400 audit(0.0:10462261): avc: denied { search } for comm=41646170744C61756E636820566D name="1803" dev="proc" ino=16164 scontext=u:r:vendor_hal_perf_default:s0 tcontext=u:r:system_server:s0 tclass=dir permissive=0
06-06 17:04:27.361 29857 29857 I MemoryOptimizationService: start handleMemoryIntent ->
06-06 17:04:27.361 29857 29857 I MemoryOptimizationService: optimized Pkg Name -> com.android.settings
06-06 17:04:27.361 29857 29857 I MemoryOptimizationService: Optimized pacakge map contains key.
06-06 17:04:27.361 29857 29857 I MemoryOptimizationService: Old data is removed [Handler (com.android.settings.services.MemoryOptimizationService$MemoryHandler) {de8f87e}] -> com.android.settings
06-06 17:04:27.361 29857 29857 I MemoryOptimizationService: Send message delayed -> com.android.settings , 30000
06-06 17:04:27.438   911 32324 I WifiHAL : event received NL80211_CMD_VENDOR, vendor_id = 0x1374, subcmd = 0xd
06-06 17:04:27.438  1551  1551 I cnss-daemon: nl80211 response handler invoked
06-06 17:04:27.438  1551  1551 I cnss-daemon: nl80211_response_handler: cmd 103, vendorID 4980, subcmd 13  received
06-06 17:04:27.644 15576 15576 D SecurityCenter: ImageLoader clear memory info
06-06 17:04:27.795 29946 29946 W TcmReceiver: type=1400 audit(0.0:10463852): avc: denied { write } for name="tcm" dev="tmpfs" ino=348 scontext=u:r:theme:s0 tcontext=u:object_r:vendor_dpmtcm_socket:s0 tclass=sock_file permissive=0
06-06 17:04:27.895   921   921 W /vendor/bin/hw/vendor.qti.hardware.perf@2.2-service: type=1400 audit(0.0:10463853): avc: denied { search } for comm=41646170744C61756E636820566D name="1803" dev="proc" ino=16164 scontext=u:r:vendor_hal_perf_default:s0 tcontext=u:r:system_server:s0 tclass=dir permissive=0
06-06 17:04:27.895   921   921 W /vendor/bin/hw/vendor.qti.hardware.perf@2.2-service: type=1400 audit(0.0:10463854): avc: denied { search } for comm=41646170744C61756E636820566D name="1803" dev="proc" ino=16164 scontext=u:r:vendor_hal_perf_default:s0 tcontext=u:r:system_server:s0 tclass=dir permissive=0
06-06 17:04:27.895   921   921 W /vendor/bin/hw/vendor.qti.hardware.perf@2.2-service: type=1400 audit(0.0:10463855): avc: denied { search } for comm=41646170744C61756E636820566D name="1814" dev="proc" ino=30632247 scontext=u:r:vendor_hal_perf_default:s0 tcontext=u:r:system_server:s0 tclass=dir permissive=0
06-06 17:04:27.936   921  7071 E ANDR-PERF-LM: VmRssMeter:: start() 447: Could not find pid, can not collect vmrss data
06-06 17:04:27.936   921  7070 E ANDR-PERF-LM: VmRssMeter:: start() 447: Could not find pid, can not collect vmrss data
06-06 17:04:27.936   921  7071 E ANDR-PERF-LM: AdaptiveLaunch: writeToDataBase() 64: Meter aborted or could not get meter data for this run
06-06 17:04:28.799 29946 29946 W TcmReceiver: type=1400 audit(0.0:10464251): avc: denied { write } for name="tcm" dev="tmpfs" ino=348 scontext=u:r:theme:s0 tcontext=u:object_r:vendor_dpmtcm_socket:s0 tclass=sock_file permissive=0
06-06 17:04:29.442   911 32324 I WifiHAL : event received NL80211_CMD_VENDOR, vendor_id = 0x1374, subcmd = 0xd
06-06 17:04:29.443  1551  1551 I cnss-daemon: nl80211 response handler invoked
06-06 17:04:29.443  1551  1551 I cnss-daemon: nl80211_response_handler: cmd 103, vendorID 4980, subcmd 13  received
06-06 17:04:29.590  5342  5342 D KeyguardUpdateMonitor: received broadcast android.intent.action.BATTERY_CHANGED
06-06 17:04:29.593 10065 10065 I BatteryInfoReceiver: ACTION_BATTERY_CHANGED
06-06 17:04:29.595 11580 11923 D PowerCheckerService: onBatteryChanged, mBatteryLevel = 56, status = 2, level = 56, plug = 2, scale = 100
06-06 17:04:29.631  5683  5683 D DeviceStatisticsService: chargerType=2 batteryLevel=56 totalBatteryCapacity=4802000
06-06 17:04:29.815 29946 29946 W TcmReceiver: type=1400 audit(0.0:10464252): avc: denied { write } for name="tcm" dev="tmpfs" ino=348 scontext=u:r:theme:s0 tcontext=u:object_r:vendor_dpmtcm_socket:s0 tclass=sock_file permissive=0
06-06 17:04:30.266   756   756 I Zygote  : Process 28720 exited due to signal 9 (Killed)
06-06 17:04:30.268  1803  1928 I libprocessgroup: Successfully killed process cgroup uid 10323 pid 28720 in 54ms
06-06 17:04:30.272  1803  5008 I MiuiNetworkPolicy: updateUidState uid = 10207, uidState = 10
06-06 17:04:30.273  1803  5008 I MiuiNetworkPolicy: removeUidState uid = 10323
06-06 17:04:30.274  1803  5008 I MiuiNetworkPolicy: updateUidState uid = 10207, uidState = 19
06-06 17:04:30.341 29119 21718 I NearbyDiscovery: FastPair: isDestroyable: Scanner is alive. [CONTEXT service_id=49 ]
06-06 17:04:30.341 29119 21718 I NearbyDiscovery: DiscoveryService: Skip stopSelf(), fast pair controller is not destroyable. [CONTEXT service_id=49 ]
06-06 17:04:30.823 29946 29946 W TcmReceiver: type=1400 audit(0.0:10464253): avc: denied { write } for name="tcm" dev="tmpfs" ino=348 scontext=u:r:theme:s0 tcontext=u:object_r:vendor_dpmtcm_socket:s0 tclass=sock_file permissive=0
06-06 17:04:31.307 30874 30898 I :accountservic: ProcessProfilingInfo new_methods=0 is saved saved_to_disk=0 resolve_classes_delay=8000
06-06 17:04:31.447   911 32324 I WifiHAL : event received NL80211_CMD_VENDOR, vendor_id = 0x1374, subcmd = 0xd
06-06 17:04:31.447  1551  1551 I cnss-daemon: nl80211 response handler invoked
06-06 17:04:31.447  1551  1551 I cnss-daemon: nl80211_response_handler: cmd 103, vendorID 4980, subcmd 13  received
06-06 17:04:31.827 29946 29946 W TcmReceiver: type=1400 audit(0.0:10464254): avc: denied { write } for name="tcm" dev="tmpfs" ino=348 scontext=u:r:theme:s0 tcontext=u:object_r:vendor_dpmtcm_socket:s0 tclass=sock_file permissive=0
06-06 17:04:32.827 29946 29946 W TcmReceiver: type=1400 audit(0.0:10464255): avc: denied { write } for name="tcm" dev="tmpfs" ino=348 scontext=u:r:theme:s0 tcontext=u:object_r:vendor_dpmtcm_socket:s0 tclass=sock_file permissive=0
06-06 17:04:33.452  1551  1551 I cnss-daemon: nl80211 response handler invoked
06-06 17:04:33.452  1551  1551 I cnss-daemon: nl80211_response_handler: cmd 103, vendorID 4980, subcmd 13  received
06-06 17:04:33.453   911 32324 I WifiHAL : event received NL80211_CMD_VENDOR, vendor_id = 0x1374, subcmd = 0xd
06-06 17:04:33.843 29946 29946 W TcmReceiver: type=1400 audit(0.0:10464256): avc: denied { write } for name="tcm" dev="tmpfs" ino=348 scontext=u:r:theme:s0 tcontext=u:object_r:vendor_dpmtcm_socket:s0 tclass=sock_file permissive=0
06-06 17:04:34.883 29946 29946 W TcmReceiver: type=1400 audit(0.0:10464257): avc: denied { write } for name="tcm" dev="tmpfs" ino=348 scontext=u:r:theme:s0 tcontext=u:object_r:vendor_dpmtcm_socket:s0 tclass=sock_file permissive=0
06-06 17:04:35.453   911 32324 I WifiHAL : event received NL80211_CMD_VENDOR, vendor_id = 0x1374, subcmd = 0xd
06-06 17:04:35.453  1551  1551 I cnss-daemon: nl80211 response handler invoked
06-06 17:04:35.454  1551  1551 I cnss-daemon: nl80211_response_handler: cmd 103, vendorID 4980, subcmd 13  received
06-06 17:04:35.887 29946 29946 W TcmReceiver: type=1400 audit(0.0:10464258): avc: denied { write } for name="tcm" dev="tmpfs" ino=348 scontext=u:r:theme:s0 tcontext=u:object_r:vendor_dpmtcm_socket:s0 tclass=sock_file permissive=0
06-06 17:04:36.724 11580 11580 I PowerKeeperBackgroundService: onStartCommand()
06-06 17:04:36.724 11580 11580 I PowerKeeperService: onAlarm
06-06 17:04:36.798 11580 11580 W PowerKeeperService: pss=26964 uss=18992
06-06 17:04:36.895 29946 29946 W TcmReceiver: type=1400 audit(0.0:10464259): avc: denied { write } for name="tcm" dev="tmpfs" ino=348 scontext=u:r:theme:s0 tcontext=u:object_r:vendor_dpmtcm_socket:s0 tclass=sock_file permissive=0
06-06 17:04:37.456   911 32324 I WifiHAL : event received NL80211_CMD_VENDOR, vendor_id = 0x1374, subcmd = 0xd
06-06 17:04:37.457  1551  1551 I cnss-daemon: nl80211 response handler invoked
06-06 17:04:37.457  1551  1551 I cnss-daemon: nl80211_response_handler: cmd 103, vendorID 4980, subcmd 13  received
06-06 17:04:37.903 29946 29946 W TcmReceiver: type=1400 audit(0.0:10464260): avc: denied { write } for name="tcm" dev="tmpfs" ino=348 scontext=u:r:theme:s0 tcontext=u:object_r:vendor_dpmtcm_socket:s0 tclass=sock_file permissive=0
06-06 17:04:38.337  1803  5008 I MiuiNetworkPolicy: updateUidState uid = 1000, uidState = 0
06-06 17:04:38.911 29946 29946 W TcmReceiver: type=1400 audit(0.0:10464261): avc: denied { write } for name="tcm" dev="tmpfs" ino=348 scontext=u:r:theme:s0 tcontext=u:object_r:vendor_dpmtcm_socket:s0 tclass=sock_file permissive=0
06-06 17:04:39.460  1551  1551 I cnss-daemon: nl80211 response handler invoked
06-06 17:04:39.460  1551  1551 I cnss-daemon: nl80211_response_handler: cmd 103, vendorID 4980, subcmd 13  received
06-06 17:04:39.461   911 32324 I WifiHAL : event received NL80211_CMD_VENDOR, vendor_id = 0x1374, subcmd = 0xd
06-06 17:04:39.833  1803  5008 I MiuiNetworkPolicy: updateUidState uid = 10119, uidState = 19
06-06 17:04:39.838  5342  5342 D KeyguardUpdateMonitor: received broadcast android.intent.action.BATTERY_CHANGED
06-06 17:04:39.840 10065 10065 I BatteryInfoReceiver: ACTION_BATTERY_CHANGED
06-06 17:04:39.843 11580 11923 D PowerCheckerService: onBatteryChanged, mBatteryLevel = 56, status = 2, level = 56, plug = 2, scale = 100
06-06 17:04:39.879  5683  5683 D DeviceStatisticsService: chargerType=2 batteryLevel=56 totalBatteryCapacity=4802000
06-06 17:04:39.919 29946 29946 W TcmReceiver: type=1400 audit(0.0:10464262): avc: denied { write } for name="tcm" dev="tmpfs" ino=348 scontext=u:r:theme:s0 tcontext=u:object_r:vendor_dpmtcm_socket:s0 tclass=sock_file permissive=0
06-06 17:04:40.237  5342  5517 D NetworkController.MobileSignalController(1): notifyListeners mConfig.alwaysShowNetworkTypeIcon=false  getNetworkType:18/IWLAN voiceNetType=13/LTE showDataIcon=false mConfig.alwaysShowDataRatIcon=false icons.mDataType=0 mConfig.showVolteIcon=false isVolteSwitchOn=false volteIcon=0 mConfig.showVowifiIcon=false
06-06 17:04:40.256  5342  5517 D NetworkController.MobileSignalController(1): notifyListeners mConfig.alwaysShowNetworkTypeIcon=false  getNetworkType:18/IWLAN voiceNetType=13/LTE showDataIcon=false mConfig.alwaysShowDataRatIcon=false icons.mDataType=0 mConfig.showVolteIcon=false isVolteSwitchOn=false volteIcon=0 mConfig.showVowifiIcon=false
06-06 17:04:40.256  5342  5517 D DolbyAtomsSoundEffectTile: setListening: true
06-06 17:04:40.257  5342  5517 D DolbyAtomsSoundEffectTile: initDolbyAtomsEffect:
06-06 17:04:40.260   987  5055 V AudioFlinger: createEffect_l() thread 0xb400007e6d11b940 effect DAP_offload on session 0
06-06 17:04:40.260   987  5055 V AudioFlinger: createEffect_l() got effect 0xb400007e59a49400 on chain 0xb400007e67ade8c0
06-06 17:04:40.265  5342  5517 I DolbyAudioEffect: Creating a DolbyAudioEffect to global output mix!
06-06 17:04:40.265  5342  5517 I DiracUtils: new MiSoundUtils.
06-06 17:04:40.265  5342  5517 I MiSoundUtils: initialize, mInitialized=false
06-06 17:04:40.267   987  5055 V AudioFlinger: createEffect_l() thread 0xb400007e6d11b940 effect MiSound on session 0
06-06 17:04:40.268   987  5055 V AudioFlinger: createEffect_l() got effect 0xb400007e59a49180 on chain 0xb400007e67ade8c0
06-06 17:04:40.270  5342  5517 D DolbyAtomsSoundEffectTile: Registering receiver
06-06 17:04:40.291   949   949 D vendor.qti.vibrator: QTI Vibrator reporting capabilities: 7
06-06 17:04:40.302  5342  5517 D DolbyAtomsSoundEffectTile: refreshState:
06-06 17:04:40.303   891  2427 D DlbDlbEffect: effectCommand(handle=0xe8e10830, cmdCode=8, cmdSize=16, pCmdData=0xe8ca7aa0, replySize=28, pReplyData=0xe9481fc0)
06-06 17:04:40.308  5342  5517 D DolbyAtomsSoundEffectTile: refreshState:
06-06 17:04:40.309   891  2427 D DlbDlbEffect: effectCommand(handle=0xe8e10830, cmdCode=8, cmdSize=16, pCmdData=0xe8ca7aa0, replySize=28, pReplyData=0xe9481fc0)
06-06 17:04:40.316  5342  5517 D DolbyAtomsSoundEffectTile: setListening: false
06-06 17:04:40.316  5342  5517 D DolbyAtomsSoundEffectTile: Unregistering receiver
06-06 17:04:40.317  5342  5517 I MiSoundUtils: release, mInitialized=true
06-06 17:04:40.317   987 21758 W AudioFlinger::EffectHandle: disconnect Effect handle 0xb400007e67aee220 disconnected after thread destruction
06-06 17:04:40.318   987 21758 W AudioFlinger::EffectHandle: disconnect Effect handle 0xb400007e61378140 disconnected after thread destruction
06-06 17:04:40.963 29946 29946 W TcmReceiver: type=1400 audit(0.0:10464263): avc: denied { write } for name="tcm" dev="tmpfs" ino=348 scontext=u:r:theme:s0 tcontext=u:object_r:vendor_dpmtcm_socket:s0 tclass=sock_file permissive=0
06-06 17:04:41.463   911 32324 I WifiHAL : event received NL80211_CMD_VENDOR, vendor_id = 0x1374, subcmd = 0xd
06-06 17:04:41.465  1551  1551 I cnss-daemon: nl80211 response handler invoked
06-06 17:04:41.465  1551  1551 I cnss-daemon: nl80211_response_handler: cmd 103, vendorID 4980, subcmd 13  received
06-06 17:04:42.003 29946 29946 W TcmReceiver: type=1400 audit(0.0:10464264): avc: denied { write } for name="tcm" dev="tmpfs" ino=348 scontext=u:r:theme:s0 tcontext=u:object_r:vendor_dpmtcm_socket:s0 tclass=sock_file permissive=0
06-06 17:04:42.968  8866 12214 I com.miui.daemo: oneway function results will be dropped but finished with status OK and parcel size 4
06-06 17:04:42.970  8866 12214 I com.miui.daemo: oneway function results will be dropped but finished with status OK and parcel size 4
06-06 17:04:43.015 29946 29946 W TcmReceiver: type=1400 audit(0.0:10464265): avc: denied { write } for name="tcm" dev="tmpfs" ino=348 scontext=u:r:theme:s0 tcontext=u:object_r:vendor_dpmtcm_socket:s0 tclass=sock_file permissive=0
06-06 17:04:43.468   911 32324 I WifiHAL : event received NL80211_CMD_VENDOR, vendor_id = 0x1374, subcmd = 0xd
06-06 17:04:43.469  1551  1551 I cnss-daemon: nl80211 response handler invoked
06-06 17:04:43.469  1551  1551 I cnss-daemon: nl80211_response_handler: cmd 103, vendorID 4980, subcmd 13  received
06-06 17:04:44.047 29946 29946 W TcmReceiver: type=1400 audit(0.0:10464266): avc: denied { write } for name="tcm" dev="tmpfs" ino=348 scontext=u:r:theme:s0 tcontext=u:object_r:vendor_dpmtcm_socket:s0 tclass=sock_file permissive=0
06-06 17:04:45.047 29946 29946 W TcmReceiver: type=1400 audit(0.0:10464267): avc: denied { write } for name="tcm" dev="tmpfs" ino=348 scontext=u:r:theme:s0 tcontext=u:object_r:vendor_dpmtcm_socket:s0 tclass=sock_file permissive=0
06-06 17:04:45.472  1551  1551 I cnss-daemon: nl80211 response handler invoked
06-06 17:04:45.473  1551  1551 I cnss-daemon: nl80211_response_handler: cmd 103, vendorID 4980, subcmd 13  received
06-06 17:04:45.473   911 32324 I WifiHAL : event received NL80211_CMD_VENDOR, vendor_id = 0x1374, subcmd = 0xd
06-06 17:04:46.091 29946 29946 W TcmReceiver: type=1400 audit(0.0:10464268): avc: denied { write } for name="tcm" dev="tmpfs" ino=348 scontext=u:r:theme:s0 tcontext=u:object_r:vendor_dpmtcm_socket:s0 tclass=sock_file permissive=0
06-06 17:04:47.135 29946 29946 W TcmReceiver: type=1400 audit(0.0:10464269): avc: denied { write } for name="tcm" dev="tmpfs" ino=348 scontext=u:r:theme:s0 tcontext=u:object_r:vendor_dpmtcm_socket:s0 tclass=sock_file permissive=0
06-06 17:04:47.476   911 32324 I WifiHAL : event received NL80211_CMD_VENDOR, vendor_id = 0x1374, subcmd = 0xd
06-06 17:04:47.476  1551  1551 I cnss-daemon: nl80211 response handler invoked
06-06 17:04:47.476  1551  1551 I cnss-daemon: nl80211_response_handler: cmd 103, vendorID 4980, subcmd 13  received
06-06 17:04:48.143 29946 29946 W TcmReceiver: type=1400 audit(0.0:10464270): avc: denied { write } for name="tcm" dev="tmpfs" ino=348 scontext=u:r:theme:s0 tcontext=u:object_r:vendor_dpmtcm_socket:s0 tclass=sock_file permissive=0
06-06 17:04:48.630  8866 12214 I com.miui.daemo: oneway function results will be dropped but finished with status OK and parcel size 4
06-06 17:04:48.683  8866 12214 I chatty  : uid=1000(system) Binder:8866_5 identical 6 lines
06-06 17:04:48.684  8866 12214 I com.miui.daemo: oneway function results will be dropped but finished with status OK and parcel size 4
06-06 17:04:49.159 29946 29946 W TcmReceiver: type=1400 audit(0.0:10464271): avc: denied { write } for name="tcm" dev="tmpfs" ino=348 scontext=u:r:theme:s0 tcontext=u:object_r:vendor_dpmtcm_socket:s0 tclass=sock_file permissive=0
06-06 17:04:49.368  1803  2751 D MIUIInput: [MotionEvent] publisher action=0x4, 243522687, channel 'de5e376 NavigationBar0 (server)'
06-06 17:04:49.368  1803  2751 D MIUIInput: [MotionEvent] publisher action=0x0, 243522687, channel '5ea37ad com.android.settings/com.android.settings.MainSettings (server)'
06-06 17:04:49.437  1803  2751 D MIUIInput: [MotionEvent] publisher action=0x1, 243522758, channel '5ea37ad com.android.settings/com.android.settings.MainSettings (server)'
06-06 17:04:49.443  9490  9490 I GoogleInputMethodService: GoogleInputMethodService.onStartInput():1903 onStartInput(EditorInfo{inputType=0x1(Normal) imeOptions=0x8000005 privateImeOptions=null actionName=NEXT actionLabel=null actionId=0 initialSelStart=9 initialSelEnd=9 initialCapsMode=0x0 hintText=null label=null packageName=com.android.settings fieldId=16908297 fieldName=null extras=null}, true)
06-06 17:04:49.444  9490  9490 I GoogleInputMethodService: GoogleInputMethodService.updateDeviceLockedStatus():2100 checkRepeatedly = true, unlocked = true
06-06 17:04:49.444  9490  9490 W SessionManager: SessionManager.beginSession():53 Try to begin an already begun session [INPUT_SESSION], end it first
06-06 17:04:49.447 11580 29128 D MirrorManager:  sendAcceptInput 1 0
06-06 17:04:49.447  9490  9490 I DeviceModeUtil: DeviceModeUtil.getDeviceMode():126 Get device mode phone by ui mode:10 and smallestScreenWidthDp:392
06-06 17:04:49.448   949   949 D vendor.qti.vibrator: QTI Vibrator reporting capabilities: 7
06-06 17:04:49.449  9490  9490 I GoogleInputMethodService: GoogleInputMethodService.onStartInputView():2011 onStartInputView(EditorInfo{inputType=0x1(Normal) imeOptions=0x8000005 privateImeOptions=null actionName=NEXT actionLabel=null actionId=0 initialSelStart=9 initialSelEnd=9 initialCapsMode=0x0 hintText=null label=null packageName=com.android.settings fieldId=16908297 fieldName=null extras=null}, false)
06-06 17:04:49.450  9490 10191 I DeviceModeUtil: DeviceModeUtil.getDeviceMode():126 Get device mode phone by ui mode:10 and smallestScreenWidthDp:392
06-06 17:04:49.450  9490  9490 I GoogleInputMethodService: GoogleInputMethodService.updateDeviceLockedStatus():2100 checkRepeatedly = true, unlocked = true
06-06 17:04:49.457 19819 29939 D Utils   : com.android.settings.search.appseparate.CollectResultProcessor.getMatchData(CollectResultProcessor.java:149) (-) takes 10.0ms
06-06 17:04:49.474  9490  9490 I KeyboardViewUtil: KeyboardViewUtil.getKeyboardHeightRatio():168 systemKeyboardHeightRatio:1.000000; userKeyboardHeightRatio:1.000000.
06-06 17:04:49.475  9490  9490 I AndroidIME: AbstractIme.onActivate():91 LatinIme.onActivate() : EditorInfo = inputType=0x1(Normal) imeOptions=0x8000005 privateImeOptions=null actionName=NEXT actionLabel=null actionId=0 initialSelStart=9 initialSelEnd=9 initialCapsMode=0x0 hintText=null label=null packageName=com.android.settings fieldId=16908297 fieldName=null extras=null, IncognitoMode = false, DeviceLocked = false
06-06 17:04:49.475  9490  9490 I Delight5Facilitator: Delight5Facilitator.initializeForIme():780 initializeForIme() : Locale = [en_US], layout = qwerty
06-06 17:04:49.475  9490  9490 I VoiceInputManagerWrapper: VoiceInputManagerWrapper.cancelShutdown():55 cancelShutdown()
06-06 17:04:49.475  9490  9490 I VoiceInputManagerWrapper: VoiceInputManagerWrapper.syncLanguagePacks():67 syncLanguagePacks()
06-06 17:04:49.476  9490 27387 I SpeechFactory: SpeechRecognitionFactory.maybeScheduleAutoPackDownloadForFallback():202 maybeScheduleAutoPackDownloadForFallback()
06-06 17:04:49.476  9490 27387 I FallbackOnDeviceRecognitionProvider: FallbackOnDeviceRecognitionProvider.maybeScheduleAutoPackDownload():196 maybeScheduleAutoPackDownload() for language tag en-US
06-06 17:04:49.478   911 32324 I WifiHAL : event received NL80211_CMD_VENDOR, vendor_id = 0x1374, subcmd = 0xd
06-06 17:04:49.478  9490  9490 I LatinIme: LatinIme.updateEnableInlineSuggestionsOnDecoderSideFlags():1290 inline flag updated to:false
06-06 17:04:49.479  1551  1551 I cnss-daemon: nl80211 response handler invoked
06-06 17:04:49.479  1551  1551 I cnss-daemon: nl80211_response_handler: cmd 103, vendorID 4980, subcmd 13  received
06-06 17:04:49.481  9490  9490 I KeyboardWrapper: KeyboardWrapper.consumeEvent():273 Skip consuming an event as current keyboard is deactivated (state=0, keyboard existence=true)
06-06 17:04:49.485  9490  9490 I KeyboardViewUtil: KeyboardViewUtil.calculateMaxKeyboardBodyHeight():44 leave 344 height for app when screen height:2356, header height:121 and isFullscreenMode:false, so the max keyboard body height is:1891
06-06 17:04:49.485  9490  9490 I DeviceModeUtil: DeviceModeUtil.getDeviceMode():126 Get device mode phone by ui mode:10 and smallestScreenWidthDp:392
06-06 17:04:49.485  9490  9490 I KeyboardViewUtil: KeyboardViewUtil.calculateMaxKeyboardBodyHeight():44 leave 344 height for app when screen height:2356, header height:121 and isFullscreenMode:false, so the max keyboard body height is:1891
06-06 17:04:49.485  9490  9490 I DeviceModeUtil: DeviceModeUtil.getDeviceMode():126 Get device mode phone by ui mode:10 and smallestScreenWidthDp:392
06-06 17:04:49.487  9490  9490 I chatty  : uid=10218(com.google.android.inputmethod.latin) identical 1 line
06-06 17:04:49.487  9490  9490 I DeviceModeUtil: DeviceModeUtil.getDeviceMode():126 Get device mode phone by ui mode:10 and smallestScreenWidthDp:392
06-06 17:04:49.487  9490  9490 I NormalModeController: NormalModeController.getKeyboardBodyViewHolderPaddingBottom():111 currentPrimeKeyboardType:SOFT systemPaddingBottom:-1
06-06 17:04:49.487  9490  9490 I AndroidIME: KeyboardViewManager.updateKeyboardBodyViewHolderPaddingBottom():584 Set finalPaddingBottom = 0 while keyboardBottomGapFromScreen = 0; navigationHeight = 44
06-06 17:04:49.488  9490  9490 I NormalModeController: NormalModeController.getKeyboardBodyViewHolderPaddingBottom():111 currentPrimeKeyboardType:SOFT systemPaddingBottom:-1
06-06 17:04:49.488  9490  9490 I KeyboardViewUtil: KeyboardViewUtil.getKeyboardHeightRatio():168 systemKeyboardHeightRatio:1.000000; userKeyboardHeightRatio:1.000000.
06-06 17:04:49.489  9490  9490 I chatty  : uid=10218(com.google.android.inputmethod.latin) identical 2 lines
06-06 17:04:49.489  9490  9490 I KeyboardViewUtil: KeyboardViewUtil.getKeyboardHeightRatio():168 systemKeyboardHeightRatio:1.000000; userKeyboardHeightRatio:1.000000.
06-06 17:04:49.490  9490  9490 I AndroidIME: KeyboardViewManager.updateKeyboardBodyViewHolderPaddingBottom():584 Set finalPaddingBottom = 0 while keyboardBottomGapFromScreen = 0; navigationHeight = 44
06-06 17:04:49.490  9490  9490 I VoiceImeExtension: VoiceImeExtension.shouldStartVoiceInputAutomatically():371 No private IME option set to start voice input.
06-06 17:04:49.498  1803  5008 I MiuiNetworkPolicy: updateUidState uid = 99230, uidState = 5
06-06 17:04:49.498   990  1155 D FrameIndicator: support status: 1 0x7a29ba1018 0x7a29ba14c4
06-06 17:04:49.510  9490  9490 D FrameIndicator: support status: 1 0x79ba709018 0x79ba7094c4
06-06 17:04:49.510  9490  9490 D FrameIndicator: support status: 1 0x79ba709018 0x79ba7094c4
06-06 17:04:49.527  9490  9490 I DeviceModeUtil: DeviceModeUtil.getDeviceMode():126 Get device mode phone by ui mode:10 and smallestScreenWidthDp:392
06-06 17:04:49.527  9490  9490 I NormalModeController: NormalModeController.getKeyboardBodyViewHolderPaddingBottom():111 currentPrimeKeyboardType:SOFT systemPaddingBottom:-1
06-06 17:04:49.528  9490 11116 I Delight5Decoder: Delight5DecoderWrapper.setKeyboardLayout():433 setKeyboardLayout()
06-06 17:04:49.542  1803  1866 W ActivityManager: Sending non-protected broadcast miui.intent.action.INPUT_METHOD_VISIBLE_CHANGED from system 1803:system/1000 pkg android. Callers=com.android.server.am.ActivityManagerService.broadcastIntentLocked:17079 com.android.server.am.ActivityManagerService.broadcastIntentLocked:16496 com.android.server.am.ActivityManagerService.broadcastIntentWithFeature:17334 android.app.ContextImpl.sendBroadcastAsUser:1340 android.app.ContextImpl.sendBroadcastAsUser:1312
06-06 17:04:49.543  1803  1866 W ActivityManager: Sending non-protected broadcast miui.intent.action.INPUT_METHOD_VISIBLE_CHANGED from system 1803:system/1000 pkg android. Callers=com.android.server.am.ActivityManagerService.broadcastIntentLocked:17177 com.android.server.am.ActivityManagerService.broadcastIntentLocked:16496 com.android.server.am.ActivityManagerService.broadcastIntentWithFeature:17334 android.app.ContextImpl.sendBroadcastAsUser:1340 android.app.ContextImpl.sendBroadcastAsUser:1312
06-06 17:04:49.550  1803  8915 D CompatibilityInfo: mCompatibilityFlags - 0
06-06 17:04:49.550  1803  8915 D CompatibilityInfo: applicationDensity - 440
06-06 17:04:49.550  1803  8915 D CompatibilityInfo: applicationScale - 1.0
06-06 17:04:49.555 29246 29246 D BoundBrokerSvc: onBind: Intent { act=com.google.android.gms.common.BIND_SHARED_PREFS pkg=com.google.android.gms }
06-06 17:04:49.555 29246 29246 D BoundBrokerSvc: Loading bound service for intent: Intent { act=com.google.android.gms.common.BIND_SHARED_PREFS pkg=com.google.android.gms }
06-06 17:04:49.559 29246 29246 D BoundBrokerSvc: onUnbind: Intent { act=com.google.android.gms.common.BIND_SHARED_PREFS pkg=com.google.android.gms }
06-06 17:04:49.566  1803  8915 D CompatibilityInfo: mCompatibilityFlags - 0
06-06 17:04:49.566  1803  8915 D CompatibilityInfo: applicationDensity - 440
06-06 17:04:49.566  1803  8915 D CompatibilityInfo: applicationScale - 1.0
06-06 17:04:49.569 29246 29246 D BoundBrokerSvc: onBind: Intent { act=com.google.android.gms.common.BIND_SHARED_PREFS pkg=com.google.android.gms }
06-06 17:04:49.569 29246 29246 D BoundBrokerSvc: Loading bound service for intent: Intent { act=com.google.android.gms.common.BIND_SHARED_PREFS pkg=com.google.android.gms }
06-06 17:04:49.578 29246 29246 D BoundBrokerSvc: onUnbind: Intent { act=com.google.android.gms.common.BIND_SHARED_PREFS pkg=com.google.android.gms }
06-06 17:04:49.807 29383 29383 I cr_ChildProcessService: Destroying ChildProcessService pid=29383
06-06 17:04:49.811  1803  1928 I libprocessgroup: Successfully killed process cgroup uid 90001 pid 29383 in 0ms
06-06 17:04:49.815  1803  5008 I MiuiNetworkPolicy: updateUidState uid = 90001, uidState = 19
06-06 17:04:49.856 29189 29189 I Zygote  : Process 29383 exited due to signal 9 (Killed)
06-06 17:04:49.863  1803  5008 I MiuiNetworkPolicy: removeUidState uid = 90001
06-06 17:04:49.872   616   620 E android.system.suspend@1.0-service: Error opening kernel wakelock stats for: wakeup58: Permission denied
06-06 17:04:49.867   616   616 W Binder:616_1: type=1400 audit(0.0:10464272): avc: denied { read } for name="wakeup58" dev="sysfs" ino=77246 scontext=u:r:system_suspend:s0 tcontext=u:object_r:sysfs:s0 tclass=dir permissive=0
06-06 17:04:49.875   616   620 E android.system.suspend@1.0-service: Error opening kernel wakelock stats for: wakeup4: Permission denied
06-06 17:04:49.871   616   616 W Binder:616_1: type=1400 audit(0.0:10464273): avc: denied { read } for name="wakeup4" dev="sysfs" ino=41308 scontext=u:r:system_suspend:s0 tcontext=u:object_r:sysfs:s0 tclass=dir permissive=0
06-06 17:04:49.878   616   620 E android.system.suspend@1.0-service: Error opening kernel wakelock stats for: wakeup66: Permission denied
06-06 17:04:49.875   616   616 W Binder:616_1: type=1400 audit(0.0:10464275): avc: denied { read } for name="wakeup66" dev="sysfs" ino=77563 scontext=u:r:system_suspend:s0 tcontext=u:object_r:sysfs:s0 tclass=dir permissive=0
06-06 17:04:49.879   616   620 E android.system.suspend@1.0-service: Error opening kernel wakelock stats for: wakeup28: Permission denied
06-06 17:04:49.880   616   620 E android.system.suspend@1.0-service: Error opening kernel wakelock stats for: wakeup56: Permission denied
06-06 17:04:49.881   616   620 E android.system.suspend@1.0-service: Error opening kernel wakelock stats for: wakeup18: Permission denied
06-06 17:04:49.883   616   620 E android.system.suspend@1.0-service: Error opening kernel wakelock stats for: wakeup2: Permission denied
06-06 17:04:49.885   616   620 E android.system.suspend@1.0-service: Error opening kernel wakelock stats for: wakeup36: Permission denied
06-06 17:04:49.887   616   620 E android.system.suspend@1.0-service: Error opening kernel wakelock stats for: wakeup64: Permission denied
06-06 17:04:49.888   616   620 E android.system.suspend@1.0-service: Error opening kernel wakelock stats for: wakeup26: Permission denied
06-06 17:04:49.889   616   620 E android.system.suspend@1.0-service: Error opening kernel wakelock stats for: wakeup82: Permission denied
06-06 17:04:49.891   616   620 E android.system.suspend@1.0-service: Error opening kernel wakelock stats for: wakeup0: Permission denied
06-06 17:04:49.892   616   620 E android.system.suspend@1.0-service: Error opening kernel wakelock stats for: wakeup34: Permission denied
06-06 17:04:49.892   616   620 E android.system.suspend@1.0-service: Error opening kernel wakelock stats for: wakeup62: Permission denied
06-06 17:04:49.893   616   620 E android.system.suspend@1.0-service: Error opening kernel wakelock stats for: wakeup24: Permission denied
06-06 17:04:49.894   616   620 E android.system.suspend@1.0-service: Error opening kernel wakelock stats for: wakeup9: Permission denied
06-06 17:04:49.895   616   620 E android.system.suspend@1.0-service: Error opening kernel wakelock stats for: wakeup14: Permission denied
06-06 17:04:49.895   616   620 E android.system.suspend@1.0-service: Error opening kernel wakelock stats for: wakeup42: Permission denied
06-06 17:04:49.896   616   620 E android.system.suspend@1.0-service: Error opening kernel wakelock stats for: wakeup99: Permission denied
06-06 17:04:49.897   616   620 E android.system.suspend@1.0-service: Error opening kernel wakelock stats for: wakeup32: Permission denied
06-06 17:04:49.897   616   620 E android.system.suspend@1.0-service: Error opening kernel wakelock stats for: wakeup60: Permission denied
06-06 17:04:49.898   616   620 E android.system.suspend@1.0-service: Error opening kernel wakelock stats for: wakeup22: Permission denied
06-06 17:04:49.899   616   620 E android.system.suspend@1.0-service: Error opening kernel wakelock stats for: wakeup7: Permission denied
06-06 17:04:49.899   616   620 E android.system.suspend@1.0-service: Error opening kernel wakelock stats for: wakeup12: Permission denied
06-06 17:04:49.900   616   620 E android.system.suspend@1.0-service: Error opening kernel wakelock stats for: wakeup40: Permission denied
06-06 17:04:49.901   616   620 E android.system.suspend@1.0-service: Error opening kernel wakelock stats for: wakeup69: Permission denied
06-06 17:04:49.903   616   620 E android.system.suspend@1.0-service: Error opening kernel wakelock stats for: wakeup30: Permission denied
06-06 17:04:49.903   616   620 E android.system.suspend@1.0-service: Error opening kernel wakelock stats for: wakeup59: Permission denied
06-06 17:04:49.904   616   620 E android.system.suspend@1.0-service: Error opening kernel wakelock stats for: wakeup20: Permission denied
06-06 17:04:49.905   616   620 E android.system.suspend@1.0-service: Error opening kernel wakelock stats for: wakeup5: Permission denied
06-06 17:04:49.906   616   620 E android.system.suspend@1.0-service: Error opening kernel wakelock stats for: wakeup39: Permission denied
06-06 17:04:49.906   616   620 E android.system.suspend@1.0-service: Error opening kernel wakelock stats for: wakeup67: Permission denied
06-06 17:04:49.907   616   620 E android.system.suspend@1.0-service: Error opening kernel wakelock stats for: wakeup29: Permission denied
06-06 17:04:49.907   616   620 E android.system.suspend@1.0-service: Error opening kernel wakelock stats for: wakeup57: Permission denied
06-06 17:04:49.908   616   620 E android.system.suspend@1.0-service: Error opening kernel wakelock stats for: wakeup19: Permission denied
06-06 17:04:49.909   616   620 E android.system.suspend@1.0-service: Error opening kernel wakelock stats for: wakeup3: Permission denied
06-06 17:04:49.909   616   620 E android.system.suspend@1.0-service: Error opening kernel wakelock stats for: wakeup37: Permission denied
06-06 17:04:49.910   616   620 E android.system.suspend@1.0-service: Error opening kernel wakelock stats for: wakeup65: Permission denied
06-06 17:04:49.910   616   620 E android.system.suspend@1.0-service: Error opening kernel wakelock stats for: wakeup27: Permission denied
06-06 17:04:49.911   616   620 E android.system.suspend@1.0-service: Error opening kernel wakelock stats for: wakeup17: Permission denied
06-06 17:04:49.912   616   620 E android.system.suspend@1.0-service: Error opening kernel wakelock stats for: wakeup45: Permission denied
06-06 17:04:49.912   616   620 E android.system.suspend@1.0-service: Error opening kernel wakelock stats for: wakeup1: Permission denied
06-06 17:04:49.913   616   620 E android.system.suspend@1.0-service: Error opening kernel wakelock stats for: wakeup35: Permission denied
06-06 17:04:49.913   616   620 E android.system.suspend@1.0-service: Error opening kernel wakelock stats for: wakeup63: Permission denied
06-06 17:04:49.914   616   620 E android.system.suspend@1.0-service: Error opening kernel wakelock stats for: wakeup25: Permission denied
06-06 17:04:49.915   616   620 E android.system.suspend@1.0-service: Error opening kernel wakelock stats for: wakeup15: Permission denied
06-06 17:04:49.915   616   620 E android.system.suspend@1.0-service: Error opening kernel wakelock stats for: wakeup43: Permission denied
06-06 17:04:49.916   616   620 E android.system.suspend@1.0-service: Error opening kernel wakelock stats for: wakeup33: Permission denied
06-06 17:04:49.917   616   620 E android.system.suspend@1.0-service: Error opening kernel wakelock stats for: wakeup61: Permission denied
06-06 17:04:49.917   616   620 E android.system.suspend@1.0-service: Error opening kernel wakelock stats for: wakeup23: Permission denied
06-06 17:04:49.918   616   620 E android.system.suspend@1.0-service: Error opening kernel wakelock stats for: wakeup8: Permission denied
06-06 17:04:49.918   616   620 E android.system.suspend@1.0-service: Error opening kernel wakelock stats for: wakeup13: Permission denied
06-06 17:04:49.918   616   620 E android.system.suspend@1.0-service: Error opening kernel wakelock stats for: wakeup41: Permission denied
06-06 17:04:49.919   616   620 E android.system.suspend@1.0-service: Error opening kernel wakelock stats for: wakeup31: Permission denied
06-06 17:04:49.919   616   620 E android.system.suspend@1.0-service: Error opening kernel wakelock stats for: wakeup21: Permission denied
06-06 17:04:49.919   616   620 E android.system.suspend@1.0-service: Error opening kernel wakelock stats for: wakeup6: Permission denied
06-06 17:04:49.920   616   620 E android.system.suspend@1.0-service: Error opening kernel wakelock stats for: wakeup68: Permission denied
06-06 17:04:50.084  5342  5342 D KeyguardUpdateMonitor: received broadcast android.intent.action.BATTERY_CHANGED
06-06 17:04:50.086 10065 10065 I BatteryInfoReceiver: ACTION_BATTERY_CHANGED
06-06 17:04:50.088 11580 11923 D PowerCheckerService: onBatteryChanged, mBatteryLevel = 56, status = 2, level = 56, plug = 2, scale = 100
06-06 17:04:50.133  5683  5683 D DeviceStatisticsService: chargerType=2 batteryLevel=56 totalBatteryCapacity=4802000
06-06 17:04:50.183 29946 29946 W TcmReceiver: type=1400 audit(0.0:10464330): avc: denied { write } for name="tcm" dev="tmpfs" ino=348 scontext=u:r:theme:s0 tcontext=u:object_r:vendor_dpmtcm_socket:s0 tclass=sock_file permissive=0
06-06 17:04:50.277  1803  2751 D MIUIInput: [MotionEvent] publisher action=0x0, 243523597, channel '326a72e GestureStubBottom (server)'
06-06 17:04:50.279  5189  5896 D GestureStubView: onTouch ACTION_DOWN sendMessageDelayed MSG_CHECK_GESTURE_STUB_TOUCHABLE
06-06 17:04:50.279  5189  5896 D GesturesBackController: onPointerEvent swipeStatus:16
06-06 17:04:50.280  5189  5896 D GesturesBackController: mSwipeStatus == SWIPE_STATUS_ANIMATING, processPointerEvent
06-06 17:04:50.364  1803  2751 D MIUIInput: [MotionEvent] publisher action=0x3, 243523686, channel '326a72e GestureStubBottom (server)'
06-06 17:04:50.364  1803  2751 D MIUIInput: [MotionEvent] publisher action=0x4, 243523597, channel 'de5e376 NavigationBar0 (server)'
06-06 17:04:50.364  5189  5896 D GestureStubView: currTime - mDownTime < MSG_CHECK_GESTURE_STUB_TOUCHABLE_TIMEOUT updateViewLayout UnTouchable, diffX:0.0 diffY:0.0
06-06 17:04:50.364  5189  5896 D GestureStubView: ACTION_UP: mIsGestureStarted: false mIsGestureAnimationEnabled: true
06-06 17:04:50.364  5189  5896 D GesturesBackController: onPointerEvent swipeStatus:8
06-06 17:04:50.364  5189  5896 D GesturesBackController: mSwipeStatus != SWIPE_STATUS_ANIMATING, processPointerEvent
06-06 17:04:50.364  1803  2751 D MIUIInput: [MotionEvent] publisher action=0x0, 243523597, channel 'b761c80 InputMethod (server)'
06-06 17:04:50.365  5189  5896 D GestureStubView: handleMessage MSG_SET_GESTURE_STUB_UNTOUCHABLE
06-06 17:04:50.365  5189  5896 D GestureStubView_Touch: setKeepHidden    old=false   new=true
06-06 17:04:50.365  5189  5896 D GestureStubView_Touch: updateTouchable    old=false   new=true
06-06 17:04:50.365  5189  5896 D GestureStubView_Touch:   updateTouchable---requestApplyInsets
06-06 17:04:50.397  1803  2751 D MIUIInput: [MotionEvent] publisher action=0x1, 243523685, channel 'b761c80 InputMethod (server)'
06-06 17:04:50.453  1803  5008 I MiuiNetworkPolicy: updateUidState uid = 9801, uidState = 3
06-06 17:04:50.454  1803  5008 I MiuiNetworkPolicy: updateUidState uid = 10102, uidState = 5
06-06 17:04:50.469  1803  2751 D MIUIInput: [MotionEvent] publisher action=0x4, 243523790, channel 'de5e376 NavigationBar0 (server)'
06-06 17:04:50.469  1803  2751 D MIUIInput: [MotionEvent] publisher action=0x0, 243523790, channel 'b761c80 InputMethod (server)'
06-06 17:04:50.544  1803  2751 D MIUIInput: [MotionEvent] publisher action=0x1, 243523864, channel 'b761c80 InputMethod (server)'
06-06 17:04:50.602 19819 29939 E ndroid.setting: Invalid ID 0x00000000.
06-06 17:04:50.609 19819 29939 I chatty  : uid=1000(system) SettingsFragmen identical 6 lines
06-06 17:04:50.609 19819 29939 E ndroid.setting: Invalid ID 0x00000000.
06-06 17:04:50.621  1803  2751 D MIUIInput: [MotionEvent] publisher action=0x4, 243523942, channel 'de5e376 NavigationBar0 (server)'
06-06 17:04:50.621  1803  2751 D MIUIInput: [MotionEvent] publisher action=0x0, 243523942, channel 'b761c80 InputMethod (server)'
06-06 17:04:50.629  1803  5008 D MiuiNetworkPolicy: updateLimit mLimitEnabled=true,enabled=false,mNetworkPriorityMode=255
06-06 17:04:50.694  1803  2751 D MIUIInput: [MotionEvent] publisher action=0x1, 243524016, channel 'b761c80 InputMethod (server)'
06-06 17:04:50.741 19819 29939 W Settings: Setting airplane_mode_on has moved from android.provider.Settings.System to android.provider.Settings.Global, returning read-only value.
06-06 17:04:50.745  5702  7318 D ExtTelephonyServiceImpl: enforceReadPrivilegedPermission for getCurrentUiccCardProvisioningStatus
06-06 17:04:50.748  5702  7318 D ExtTelephonyServiceImpl: enforceReadPrivilegedPermission for getCurrentUiccCardProvisioningStatus
06-06 17:04:50.752 19819 29939 E ndroid.setting: Invalid ID 0x00000000.
06-06 17:04:50.755  5702  7318 D ExtTelephonyServiceImpl: enforceReadPrivilegedPermission for getCurrentUiccCardProvisioningStatus
06-06 17:04:50.759  5702  7318 I chatty  : uid=1001(radio) Binder:5702_7 identical 1 line
06-06 17:04:50.766  5702  7318 D ExtTelephonyServiceImpl: enforceReadPrivilegedPermission for getCurrentUiccCardProvisioningStatus
06-06 17:04:50.767 19819 29939 E ndroid.setting: Invalid ID 0x00000000.
06-06 17:04:50.774  5702  7318 D ExtTelephonyServiceImpl: enforceReadPrivilegedPermission for getCurrentUiccCardProvisioningStatus
06-06 17:04:50.783  5702  7318 I chatty  : uid=1001(radio) Binder:5702_7 identical 2 lines
06-06 17:04:50.786  5702  7318 D ExtTelephonyServiceImpl: enforceReadPrivilegedPermission for getCurrentUiccCardProvisioningStatus
06-06 17:04:50.787 19819 29939 E ndroid.setting: Invalid ID 0x00000000.
06-06 17:04:50.790 19819 29939 E SettingsTree: hide because exception occurs when query: Network preferences
06-06 17:04:50.790 19819 29939 E SettingsTree: java.lang.NullPointerException: Attempt to invoke virtual method 'boolean java.lang.Boolean.booleanValue()' on a null object reference
06-06 17:04:50.790 19819 29939 E SettingsTree: 	at com.android.phone.settings.search.tree.SimInfoSettingsTree.getStatus(SimInfoSettingsTree.java:199)
06-06 17:04:50.790 19819 29939 E SettingsTree: 	at com.android.settingslib.search.SettingsTree.getStatusIgnoreException(SettingsTree.java:569)
06-06 17:04:50.790 19819 29939 E SettingsTree: 	at com.android.settingslib.search.SettingsTree.query(SettingsTree.java:554)
06-06 17:04:50.790 19819 29939 E SettingsTree: 	at com.android.settingslib.search.IndexTree.dispatchQuery(IndexTree.java:197)
06-06 17:04:50.790 19819 29939 E SettingsTree: 	at com.android.settingslib.search.IndexTree.dispatchQuery(IndexTree.java:206)
06-06 17:04:50.790 19819 29939 E SettingsTree: 	at com.android.settingslib.search.IndexTree.dispatchQuery(IndexTree.java:206)
06-06 17:04:50.790 19819 29939 E SettingsTree: 	at com.android.settingslib.search.IndexTree.dispatchQuery(IndexTree.java:206)
06-06 17:04:50.790 19819 29939 E SettingsTree: 	at com.android.settings.search.provider.SettingsTreeHelper.query(SettingsTreeHelper.java:120)
06-06 17:04:50.790 19819 29939 E SettingsTree: 	at com.android.settings.search.provider.SettingsProvider.query(SettingsProvider.java:72)
06-06 17:04:50.790 19819 29939 E SettingsTree: 	at android.content.ContentProvider.query(ContentProvider.java:1407)
06-06 17:04:50.790 19819 29939 E SettingsTree: 	at android.content.ContentProvider.query(ContentProvider.java:1503)
06-06 17:04:50.790 19819 29939 E SettingsTree: 	at android.content.ContentProvider$Transport.query(ContentProvider.java:283)
06-06 17:04:50.790 19819 29939 E SettingsTree: 	at android.content.ContentResolver.query(ContentResolver.java:1197)
06-06 17:04:50.790 19819 29939 E SettingsTree: 	at android.content.ContentResolver.query(ContentResolver.java:1128)
06-06 17:04:50.790 19819 29939 E SettingsTree: 	at android.content.ContentResolver.query(ContentResolver.java:1084)
06-06 17:04:50.790 19819 29939 E SettingsTree: 	at com.android.settings.search.SearchResult.getSearchResultList(SearchResult.java:45)
06-06 17:04:50.790 19819 29939 E SettingsTree: 	at com.android.settings.SettingsFragment$SearchHandler.handleMessage(SettingsFragment.java:763)
06-06 17:04:50.790 19819 29939 E SettingsTree: 	at android.os.Handler.dispatchMessage(Handler.java:106)
06-06 17:04:50.790 19819 29939 E SettingsTree: 	at android.os.Looper.loop(Looper.java:237)
06-06 17:04:50.790 19819 29939 E SettingsTree: 	at android.os.HandlerThread.run(HandlerThread.java:67)
06-06 17:04:50.792 19819 29939 W Settings: Setting airplane_mode_on has moved from android.provider.Settings.System to android.provider.Settings.Global, returning read-only value.
06-06 17:04:50.799 19819 29939 I chatty  : uid=1000(system) SettingsFragmen identical 8 lines
06-06 17:04:50.800 19819 29939 W Settings: Setting airplane_mode_on has moved from android.provider.Settings.System to android.provider.Settings.Global, returning read-only value.
06-06 17:04:50.816 19819 29939 I AodUtils: isAodAvailable: true
06-06 17:04:50.818 19819 29939 I chatty  : uid=1000(system) SettingsFragmen identical 16 lines
06-06 17:04:50.818 19819 29939 I AodUtils: isAodAvailable: true
06-06 17:04:50.822 30168 30254 I FG_LOG  : NiceGalleryProviderDelegate: NiceGalleryProviderDelegate call = getSettingsComponent
06-06 17:04:50.822  1803  5008 I MiuiNetworkPolicy: updateUidState uid = 10270, uidState = 3
06-06 17:04:50.823 19819 29939 I AodUtils: isAodAvailable: true
06-06 17:04:50.825 30168 30254 I FG_LOG  : NiceGalleryProviderDelegate: NiceGalleryProviderDelegate call = getSettingsComponent
06-06 17:04:50.827 30168 30254 I FG_LOG  : NiceGalleryProviderDelegate: NiceGalleryProviderDelegate call = getSettingsComponent
06-06 17:04:50.829 19819 29939 I AodUtils: isAodAvailable: true
06-06 17:04:50.829 19819 29939 I AodUtils: isAodAvailable: true
06-06 17:04:50.831 19819 29939 D DarkModeTimeModeUtil: isDarkModeEnable:
06-06 17:04:50.833 19819 29939 E ndroid.setting: Invalid ID 0x00000000.
06-06 17:04:50.833 19819 29939 E ndroid.setting: Invalid ID 0x00000000.
06-06 17:04:50.834 19819 29939 E SettingsTree: hide because exception occurs when query: Screen attention
06-06 17:04:50.834 19819 29939 E SettingsTree: java.lang.IllegalArgumentException: Preference key must be set
06-06 17:04:50.834 19819 29939 E SettingsTree: 	at com.android.settings.core.BasePreferenceController.<init>(BasePreferenceController.java:200)
06-06 17:04:50.834 19819 29939 E SettingsTree: 	at com.android.settings.core.TogglePreferenceController.<init>(TogglePreferenceController.java:37)
06-06 17:04:50.834 19819 29939 E SettingsTree: 	at com.android.settings.display.AdaptiveSleepPreferenceController.<init>(AdaptiveSleepPreferenceController.java:37)
06-06 17:04:50.834 19819 29939 E SettingsTree: 	at com.android.settings.search.tree.DisplaySettingsTree.getStatus(DisplaySettingsTree.java:326)
06-06 17:04:50.834 19819 29939 E SettingsTree: 	at com.android.settingslib.search.SettingsTree.getStatusIgnoreException(SettingsTree.java:569)
06-06 17:04:50.834 19819 29939 E SettingsTree: 	at com.android.settingslib.search.SettingsTree.query(SettingsTree.java:545)
06-06 17:04:50.834 19819 29939 E SettingsTree: 	at com.android.settingslib.search.IndexTree.dispatchQuery(IndexTree.java:197)
06-06 17:04:50.834 19819 29939 E SettingsTree: 	at com.android.settingslib.search.IndexTree.dispatchQuery(IndexTree.java:206)
06-06 17:04:50.834 19819 29939 E SettingsTree: 	at com.android.settingslib.search.IndexTree.dispatchQuery(IndexTree.java:206)
06-06 17:04:50.834 19819 29939 E SettingsTree: 	at com.android.settings.search.provider.SettingsTreeHelper.query(SettingsTreeHelper.java:120)
06-06 17:04:50.834 19819 29939 E SettingsTree: 	at com.android.settings.search.provider.SettingsProvider.query(SettingsProvider.java:72)
06-06 17:04:50.834 19819 29939 E SettingsTree: 	at android.content.ContentProvider.query(ContentProvider.java:1407)
06-06 17:04:50.834 19819 29939 E SettingsTree: 	at android.content.ContentProvider.query(ContentProvider.java:1503)
06-06 17:04:50.834 19819 29939 E SettingsTree: 	at android.content.ContentProvider$Transport.query(ContentProvider.java:283)
06-06 17:04:50.834 19819 29939 E SettingsTree: 	at android.content.ContentResolver.query(ContentResolver.java:1197)
06-06 17:04:50.834 19819 29939 E SettingsTree: 	at android.content.ContentResolver.query(ContentResolver.java:1128)
06-06 17:04:50.834 19819 29939 E SettingsTree: 	at android.content.ContentResolver.query(ContentResolver.java:1084)
06-06 17:04:50.834 19819 29939 E SettingsTree: 	at com.android.settings.search.SearchResult.getSearchResultList(SearchResult.java:45)
06-06 17:04:50.834 19819 29939 E SettingsTree: 	at com.android.settings.SettingsFragment$SearchHandler.handleMessage(SettingsFragment.java:763)
06-06 17:04:50.834 19819 29939 E SettingsTree: 	at android.os.Handler.dispatchMessage(Handler.java:106)
06-06 17:04:50.834 19819 29939 E SettingsTree: 	at android.os.Looper.loop(Looper.java:237)
06-06 17:04:50.834 19819 29939 E SettingsTree: 	at android.os.HandlerThread.run(HandlerThread.java:67)
06-06 17:04:50.836   949   949 D vendor.qti.vibrator: QTI Vibrator reporting capabilities: 7
06-06 17:04:50.836   949   949 I chatty  : uid=1000(system) vendor.qti.hard identical 1 line
06-06 17:04:50.841   949   949 D vendor.qti.vibrator: QTI Vibrator reporting capabilities: 7
06-06 17:04:50.866  5189  5896 D GestureStubView_Touch: setKeepHidden    old=true   new=false
06-06 17:04:50.866  5189  5896 D GestureStubView_Touch: updateTouchable    old=true   new=false
