06-06 17:04:21.124  5189  5955 E ActivityManagerWrapper: getRecentTasks: taskId=6377   userId=0   baseIntent=Intent { act=android.intent.action.MAIN cat=[android.intent.category.LAUNCHER] flg=0x10200000 cmp=com.android.settings/.MainSettings }
06-06 17:04:21.124  5189  5955 E ActivityManagerWrapper: getRecentTasks: taskId=6376   userId=0   baseIntent=Intent { act=android.intent.action.MAIN cat=[android.intent.category.LAUNCHER] flg=0x10200000 cmp=com.android.chrome/com.google.android.apps.chrome.Main }
06-06 17:04:21.124  5189  5955 E ActivityManagerWrapper: getRecentTasks: taskId=6346   userId=0   baseIntent=Intent { flg=0x10800000 cmp=com.android.settings/.Settings$UsbDetailsActivity }
06-06 17:04:21.124  5189  5955 E ActivityManagerWrapper: getRecentTasks: taskId=6331   userId=0   baseIntent=Intent { act=android.intent.action.VIEW cat=[android.intent.category.BROWSABLE] dat=https://drive.google.com/... flg=0x10890400 cmp=android/com.android.internal.app.ResolverActivity }
06-06 17:04:21.124  5189  5955 E ActivityManagerWrapper: getRecentTasks: taskId=6316   userId=0   baseIntent=Intent { flg=0x10800000 cmp=com.google.android.gms/.location.settings.LocationOffWarningActivity }
06-06 17:04:21.124  5189  5955 E ActivityManagerWrapper: getRecentTasks: taskId=6294   userId=0   baseIntent=Intent { act=com.facebook.orca.notify.SECURE_VIEW dat=fb-messenger://groupthreadfbid/4475769485875016 flg=0x10800000 cmp=com.facebook.orca/com.facebook.messenger.intents.SecureIntentHandlerActivity }
06-06 17:04:21.124  5189  5955 E ActivityManagerWrapper: getRecentTasks: taskId=6291   userId=0   baseIntent=Intent { flg=0x18800000 cmp=com.facebook.orca/com.facebook.messaging.sharing.broadcastflow.BroadcastFlowActivity }
06-06 17:04:21.126 19819 30862 W SharedPreferencesLogger: Tried to log unloggable object=Use system preference (Default)
06-06 17:04:21.133 19819 19819 D DevSettingsDashboard: All preferences added, reporting fully drawn
06-06 17:04:21.138 19819 30861 W SharedPreferencesLogger: Tried to log unloggable object=Use system preference (Default)
06-06 17:04:21.142 19819 19819 I BluetoothAbsoluteVolumePreferenceController: persist.vendor.bt.a2dp.absvolfeature is default
06-06 17:04:21.143 19819 30861 W SharedPreferencesLogger: Tried to log unloggable object=Use System Default: %1$d
06-06 17:04:21.152 19819 19819 D FiveGViceSAPreferenceController: onResume
06-06 17:04:21.153 19819 29856 D ControllerTask: Cannot find preference with key button_vice_sim_5g_sa_network in Controller FiveGViceSAPreferenceController
06-06 17:04:21.154 19819 29920 I BluetoothAbsoluteVolumePreferenceController: persist.vendor.bt.a2dp.absvolfeature is default
06-06 17:04:21.155 19819 30158 D ControllerTask: Cannot find preference with key miui_experience_optimization in Controller MiuiOptimizationController
06-06 17:04:21.157 19819 30861 W TileUtils: Found com.android.settings.Settings$WifiDisplaySettingsActivity for intent Intent { act=com.android.settings.action.SETTINGS pkg=com.android.settings } missing metadata com.android.settings.category
06-06 17:04:21.157 19819 19819 D DecorView[]: getWindowModeFromSystem  windowmode is 1
06-06 17:04:21.161  5189  5189 D RecentsImpl: mActivityStateObserver com.android.settings.SubSettings
06-06 17:04:21.166  5189  5189 W RecentsImpl: onResumed className=com.android.settings.SubSettings   mIsInAnotherPro=false   isKeyguardLocked=false
06-06 17:04:21.166  5189  5896 W RecentsImpl: disableTouchBySwipeStatusBar    disable=false
06-06 17:04:21.166  5189  5898 D RecentsImpl: showNavStubView
06-06 17:04:21.166  5189  5896 D GestureStubView_Touch: disableTouchBySwipeStatusBar    old=false   new=false
06-06 17:04:21.166  5189  5898 D NavStubView_Touch: setKeepHidden    old=false   new=false
06-06 17:04:21.166  5189  5896 D GestureStubView_Touch: disableTouchBySwipeStatusBar    old=false   new=false
06-06 17:04:21.166  5189  5896 W RecentsImpl: disableBackStubWindow    disableTouch=false
06-06 17:04:21.166  5189  5896 D GestureStubView_Touch: disableTouch    old=false   new=false
06-06 17:04:21.166  5189  5896 D GestureStubView_Touch: disableTouch    old=false   new=false
06-06 17:04:21.166  5189  5896 D RecentsImpl: showBackStubWindow  hasNavigationBar=true
06-06 17:04:21.166  5189  5896 D GestureStubView_Touch: setKeepHidden    old=false   new=false
06-06 17:04:21.166  5189  5896 W GestureStubView: adaptRotation   currentRotation=0   mRotation=0
06-06 17:04:21.167  5189  5896 D GestureStubView: resetRenderProperty: showGestureStub
06-06 17:04:21.167  5189  5896 D GestureStubView_Touch: disableTouch    old=false   new=false
06-06 17:04:21.167  5189  5896 D GestureStubView: showGestureStub
06-06 17:04:21.167  5189  5896 D GestureStubView_Touch: setKeepHidden    old=false   new=false
06-06 17:04:21.167  5189  5896 W GestureStubView: adaptRotation   currentRotation=0   mRotation=0
06-06 17:04:21.167  5189  5896 D GestureStubView: resetRenderProperty: showGestureStub
06-06 17:04:21.167  5189  5896 D GestureStubView_Touch: disableTouch    old=false   new=false
06-06 17:04:21.167  5189  5896 D GestureStubView: showGestureStub
06-06 17:04:21.168   990  2773 D FrameIndicator: support status: 1 0x7a29ba1018 0x7a29ba14c4
06-06 17:04:21.187 19819 19819 D FrameIndicator: support status: 1 0x79591e7018 0x79591e74c4
06-06 17:04:21.188 19819 19819 D FrameIndicator: support status: 1 0x79591e7018 0x79591e74c4
06-06 17:04:21.188  5189  5896 D GestureStubView: gatherTransparentRegion: need render w:54  h:1440
06-06 17:04:21.192  5189  5896 D GestureStubView: gatherTransparentRegion: need render w:54  h:1440
06-06 17:04:21.193 19819 30862 D SettingsActivity: No enabled state changed, skipping updateCategory call
06-06 17:04:21.199   921   921 W /vendor/bin/hw/vendor.qti.hardware.perf@2.2-service: type=1400 audit(0.0:10460244): avc: denied { search } for comm=41646170744C61756E636820566D name="1803" dev="proc" ino=16164 scontext=u:r:vendor_hal_perf_default:s0 tcontext=u:r:system_server:s0 tclass=dir permissive=0
06-06 17:04:21.199   921   921 W /vendor/bin/hw/vendor.qti.hardware.perf@2.2-service: type=1400 audit(0.0:10460243): avc: denied { search } for comm=41646170744C61756E636820566D name="1803" dev="proc" ino=16164 scontext=u:r:vendor_hal_perf_default:s0 tcontext=u:r:system_server:s0 tclass=dir permissive=0
06-06 17:04:21.199   921   921 W /vendor/bin/hw/vendor.qti.hardware.perf@2.2-service: type=1400 audit(0.0:10460245): avc: denied { search } for comm=41646170744C61756E636820566D name="1814" dev="proc" ino=30632247 scontext=u:r:vendor_hal_perf_default:s0 tcontext=u:r:system_server:s0 tclass=dir permissive=0
06-06 17:04:21.199   921   921 W /vendor/bin/hw/vendor.qti.hardware.perf@2.2-service: type=1400 audit(0.0:10460246): avc: denied { search } for comm=41646170744C61756E636820566D name="1814" dev="proc" ino=30632247 scontext=u:r:vendor_hal_perf_default:s0 tcontext=u:r:system_server:s0 tclass=dir permissive=0
06-06 17:04:21.199   921   921 W /vendor/bin/hw/vendor.qti.hardware.perf@2.2-service: type=1400 audit(0.0:10460247): avc: denied { search } for comm=41646170744C61756E636820566D name="1815" dev="proc" ino=30632248 scontext=u:r:vendor_hal_perf_default:s0 tcontext=u:r:system_server:s0 tclass=dir permissive=0
06-06 17:04:21.253 19819 30862 W SharedPreferencesLogger: Tried to log unloggable object=
06-06 17:04:21.255 19819 30861 W SharedPreferencesLogger: Tried to log unloggable object=disabled
06-06 17:04:21.256   921  7135 E ANDR-PERF-LM: ThreadHelper: thread_callback() 145: More than one pending updates!!! This should not happen. MeterMgr should avoid this case.
06-06 17:04:21.257  1803  1902 I ActivityTaskManager: Displayed com.android.settings/.SubSettings: +267ms
06-06 17:04:21.259  1803  1902 I ActivityTaskManager: Fully drawn com.android.settings/.SubSettings: +267ms
06-06 17:04:21.260 19819 30862 W SharedPreferencesLogger: Tried to log unloggable object=map12
06-06 17:04:21.262 19819 30862 W SharedPreferencesLogger: Tried to log unloggable object=avrcp14
06-06 17:04:21.267  1803 11137 D MIUIInput: [FoucsChange]: Display  0 FocusedWindow From null(0,0)  to Window{d7558ad mode=0 rootTaskId=6377 u0 com.android.settings/com.android.settings.SubSettings}(1,1)
06-06 17:04:21.270 19819 30861 W SharedPreferencesLogger: Tried to log unloggable object=Warn
06-06 17:04:21.272 19819 30862 W SharedPreferencesLogger: Tried to log unloggable object=false
06-06 17:04:21.274 19819 30862 W SharedPreferencesLogger: Tried to log unloggable object=package_device_default
06-06 17:04:21.282  5702  5702 E PhoneInterfaceManager: [PhoneIntfMgr] getAllowedCarriers: CommandException: com.android.internal.telephony.CommandException: REQUEST_NOT_SUPPORTED
06-06 17:04:21.290  5702  5702 E PhoneInterfaceManager: [PhoneIntfMgr] getAllowedCarriers: CommandException: com.android.internal.telephony.CommandException: REQUEST_NOT_SUPPORTED
06-06 17:04:21.294 19819 30862 W SharedPreferencesLogger: Tried to log unloggable object=false
06-06 17:04:21.296 19819 30862 W SharedPreferencesLogger: Tried to log unloggable object=no
06-06 17:04:21.296 19819 30861 W SharedPreferencesLogger: Tried to log unloggable object=hide
06-06 17:04:21.332  9490  9490 I GoogleInputMethodService: GoogleInputMethodService.onFinishInput():3204
06-06 17:04:21.333  9490  9490 I GoogleInputMethodService: GoogleInputMethodService.updateDeviceLockedStatus():2100 checkRepeatedly = false, unlocked = true
06-06 17:04:21.334  9490  9490 I GoogleInputMethodService: GoogleInputMethodService.onStartInput():1903 onStartInput(EditorInfo{inputType=0x0(NULL) imeOptions=0x0 privateImeOptions=null actionName=UNSPECIFIED actionLabel=null actionId=0 initialSelStart=-1 initialSelEnd=-1 initialCapsMode=0x0 hintText=null label=null packageName=com.android.settings fieldId=-1 fieldName=null extras=null}, false)
06-06 17:04:21.335  9490  9490 I GoogleInputMethodService: GoogleInputMethodService.updateDeviceLockedStatus():2100 checkRepeatedly = true, unlocked = true
06-06 17:04:21.395   756   756 I Zygote  : Process 26439 exited due to signal 9 (Killed)
06-06 17:04:21.398  1803  1928 I libprocessgroup: Successfully killed process cgroup uid 10101 pid 26439 in 37ms
06-06 17:04:21.401  1803  5008 I MiuiNetworkPolicy: removeUidState uid = 10101
06-06 17:04:21.429   911 32324 I WifiHAL : event received NL80211_CMD_VENDOR, vendor_id = 0x1374, subcmd = 0xd
06-06 17:04:21.429  1551  1551 I cnss-daemon: nl80211 response handler invoked
06-06 17:04:21.429  1551  1551 I cnss-daemon: nl80211_response_handler: cmd 103, vendorID 4980, subcmd 13  received
06-06 17:04:21.811  1803  5008 I MiuiNetworkPolicy: updateUidState uid = 10208, uidState = 10
06-06 17:04:21.811  1803  5008 I MiuiNetworkPolicy: updateUidState uid = 10208, uidState = 19
06-06 17:04:21.812 29857 29857 I MemoryOptimizationService: start handleMemoryIntent ->
06-06 17:04:21.813 29857 29857 I MemoryOptimizationService: optimized Pkg Name -> com.android.settings
06-06 17:04:21.813 29857 29857 I MemoryOptimizationService: Optimized pacakge map contains key.
06-06 17:04:21.813 29857 29857 I MemoryOptimizationService: Old data is removed [Handler (com.android.settings.services.MemoryOptimizationService$MemoryHandler) {de8f87e}] -> com.android.settings
06-06 17:04:21.813 29857 29857 I MemoryOptimizationService: Send message delayed -> com.android.settings , 30000
06-06 17:04:21.858   756   756 I Zygote  : Process 28737 exited due to signal 9 (Killed)
06-06 17:04:21.861  1803  1928 I libprocessgroup: Successfully killed process cgroup uid 10206 pid 28737 in 37ms
06-06 17:04:21.863  1803  5008 I MiuiNetworkPolicy: removeUidState uid = 10206
06-06 17:04:22.128  8866 12214 I com.miui.daemo: oneway function results will be dropped but finished with status OK and parcel size 4
06-06 17:04:22.129  8866 12214 I com.miui.daemo: oneway function results will be dropped but finished with status OK and parcel size 4
06-06 17:04:22.162   921  7070 E ANDR-PERF-LM: VmRssMeter:: start() 447: Could not find pid, can not collect vmrss data
06-06 17:04:22.162   921  7071 E ANDR-PERF-LM: VmRssMeter:: start() 447: Could not find pid, can not collect vmrss data
06-06 17:04:22.162   921  7071 E ANDR-PERF-LM: AdaptiveLaunch: writeToDataBase() 64: Meter aborted or could not get meter data for this run
06-06 17:04:22.260  1803  5008 I MiuiNetworkPolicy: updateUidState uid = 99230, uidState = 13
06-06 17:04:22.357  1803  2751 D MIUIInput: [MotionEvent] publisher action=0x4, 243495677, channel 'de5e376 NavigationBar0 (server)'
06-06 17:04:22.357  1803  2751 D MIUIInput: [MotionEvent] publisher action=0x0, 243495677, channel 'd7558ad com.android.settings/com.android.settings.SubSettings (server)'
06-06 17:04:22.384   921   921 E ANDR-PERF-MPCTL: Active req limit reached, No optimizations performed
06-06 17:04:22.385   921   921 E ANDR-PERF-MPCTL: Active req limit reached, No optimizations performed
06-06 17:04:22.451  1803  2751 D MIUIInput: [MotionEvent] publisher action=0x1, 243495773, channel 'd7558ad com.android.settings/com.android.settings.SubSettings (server)'
06-06 17:04:22.453   921   921 E ANDR-PERF-MPCTL: Active req limit reached, No optimizations performed
06-06 17:04:22.455   921   921 E ANDR-PERF-MPCTL: Active req limit reached, No optimizations performed
06-06 17:04:22.659 29946 29946 W TcmReceiver: type=1400 audit(0.0:10462254): avc: denied { write } for name="tcm" dev="tmpfs" ino=348 scontext=u:r:theme:s0 tcontext=u:object_r:vendor_dpmtcm_socket:s0 tclass=sock_file permissive=0
06-06 17:04:22.698  1803  2751 D MIUIInput: [MotionEvent] publisher action=0x4, 243496019, channel 'de5e376 NavigationBar0 (server)'
06-06 17:04:22.698  1803  2751 D MIUIInput: [MotionEvent] publisher action=0x0, 243496019, channel 'd7558ad com.android.settings/com.android.settings.SubSettings (server)'
06-06 17:04:22.893 19819 19819 W Choreographer: OPTS_INPUT: First frame was drawed before optimized, so skip!
06-06 17:04:22.894   921   921 E ANDR-PERF-MPCTL: Active req limit reached, No optimizations performed
06-06 17:04:22.895   921   921 E ANDR-PERF-MPCTL: Active req limit reached, No optimizations performed
06-06 17:04:23.009  1803  5008 I MiuiNetworkPolicy: updateUidState uid = 10262, uidState = 19
06-06 17:04:23.009  1803  5008 I MiuiNetworkPolicy: updateUidState uid = 10208, uidState = 19
06-06 17:04:23.009  1803  5008 I MiuiNetworkPolicy: updateUidState uid = 10118, uidState = 8
06-06 17:04:23.032  1803  1803 D CompatibilityInfo: mCompatibilityFlags - 0
06-06 17:04:23.032  1803  1803 D CompatibilityInfo: applicationDensity - 440
06-06 17:04:23.032  1803  1803 D CompatibilityInfo: applicationScale - 1.0
06-06 17:04:23.034  1803  5008 I MiuiNetworkPolicy: updateUidState uid = 10154, uidState = 8
06-06 17:04:23.034  1803  1803 D CompatibilityInfo: mCompatibilityFlags - 0
06-06 17:04:23.034  1803  1803 D CompatibilityInfo: applicationDensity - 440
06-06 17:04:23.034  1803  1803 D CompatibilityInfo: applicationScale - 1.0
06-06 17:04:23.036  1803  1803 D CompatibilityInfo: mCompatibilityFlags - 0
06-06 17:04:23.036  1803  1803 D CompatibilityInfo: applicationDensity - 440
06-06 17:04:23.036  1803  1803 D CompatibilityInfo: applicationScale - 1.0
06-06 17:04:23.039  1803  1803 D CompatibilityInfo: mCompatibilityFlags - 0
06-06 17:04:23.039  1803  1803 D CompatibilityInfo: applicationDensity - 440
06-06 17:04:23.039  1803  1803 D CompatibilityInfo: applicationScale - 1.0
06-06 17:04:23.045  1803  5008 I MiuiNetworkPolicy: updateUidState uid = 10207, uidState = 8
06-06 17:04:23.046  7957  7957 I Finsky  : [2] rsq.onStartJob(4): SCH: job service start with id 9096.
06-06 17:04:23.060 25213 25267 E ##XLogger##: com.miui.cloudservice.cloudcontrol.@IPV6@SourceFile:2, thread:30858--cloud config is not expired , request canceled
06-06 17:04:23.062 25213 30870 D ##XLogger##: com.miui.cloudservice.cta.@IPV6@SourceFile:9, thread:30875--CTAStateCheckHelper, not valid time to check cta state
06-06 17:04:23.067 25213 30869 D ##XLogger##: com.miui.cloudservice.sync.banner.@IPV6@SourceFile:1, thread:30874--BannerQueryTask, requestServerBannerInfo()
06-06 17:04:23.069 25213 30869 I ##XLogger##: com.miui.cloudservice.sync.banner.@IPV6@SourceFile:14, thread:30874--BannerQueryTask, last request time 1654451823812, now: 1654506263068
06-06 17:04:23.071 25213 30869 D ##XLogger##: com.miui.cloudservice.sync.banner.@IPV6@SourceFile:3, thread:30874--BannerQueryTask, locale:en_US
06-06 17:04:23.089  7957 30676 I Finsky  : [30634] rrf.a(77): SCH: Satisfied jobs for 9096 are: 12-1
06-06 17:04:23.092  7957 30871 I Finsky  : [30640] rhr.accept(21): SCH: Job 12-1 starting
06-06 17:04:23.094  7957  7957 I Finsky  : [2] ContentSyncJob.v(3): [ContentSync] job started
06-06 17:04:23.103 25213 30869 I ##XLogger##: d.g.h.e.a.@IPV6@SourceFile:30, thread:30874--Micloud, Original URL: http://statusapi.micloud.xiaomi.net/mic/status/v2/user/banners.
06-06 17:04:23.113  1803  2751 D MIUIInput: [MotionEvent] publisher action=0x1, 243496435, channel 'd7558ad com.android.settings/com.android.settings.SubSettings (server)'
06-06 17:04:23.113 25213 30869 I ##XLogger##: d.g.h.e.a.@IPV6@SourceFile:35, thread:30874--Micloud, New URL: https://us.statusapi.micloud.xiaomi.net.
06-06 17:04:23.114   921   921 E ANDR-PERF-MPCTL: Active req limit reached, No optimizations performed
06-06 17:04:23.115 25213 30869 I ##XLogger##: d.g.h.e.a.@IPV6@SourceFile:39, thread:30874--Micloud, Final URL: https://us.statusapi.micloud.xiaomi.net/mic/status/v2/user/banners.
06-06 17:04:23.115   921   921 E ANDR-PERF-MPCTL: Active req limit reached, No optimizations performed
06-06 17:04:23.145   756   756 D Zygote  : Forked child process 30874
06-06 17:04:23.161 30874 30874 E :accountservic: Not starting debugger since process cannot load the jdwp agent.
06-06 17:04:23.173  1803 10327 D CompatibilityInfo: mCompatibilityFlags - 0
06-06 17:04:23.173  1803 10327 D CompatibilityInfo: applicationDensity - 440
06-06 17:04:23.173  1803 10327 D CompatibilityInfo: applicationScale - 1.0
06-06 17:04:23.174  1803 10327 D CompatibilityInfo: mCompatibilityFlags - 0
06-06 17:04:23.175  1803 10327 D CompatibilityInfo: applicationDensity - 440
06-06 17:04:23.175  1803 10327 D CompatibilityInfo: applicationScale - 1.0
06-06 17:04:23.176  1803  5008 I MiuiNetworkPolicy: updateUidState uid = 10167, uidState = 8
06-06 17:04:23.278 30874 30874 I Perf    : Connecting to perf service.
06-06 17:04:23.293 30874 30874 I MiuiForceDarkConfig: MiuiForceDarkConfig setConfig density:2.750000, mainRule:0, secondaryRule:0, tertiaryRule:0
06-06 17:04:23.296 30874 30874 D NetworkSecurityConfig: Using Network Security Config from resource network_security_config debugBuild: false
06-06 17:04:23.299 30874 30874 D NetworkSecurityConfig: Using Network Security Config from resource network_security_config debugBuild: false
06-06 17:04:23.318 30874 30874 D AutoDensity: autodensity debugEnable =
06-06 17:04:23.335 30874 30874 W com.facebook.UserSettingsManager: Please set a value for AutoLogAppEventsEnabled. Set the flag to TRUE if you want to collect app install, app launch and in-app purchase events automatically. To request user consent before collecting data, set the flag value to FALSE, then change to TRUE once user consent is received. Learn more: https://developers.facebook.com/docs/app-events/getting-started-app-events-android#disable-auto-events.
06-06 17:04:23.335 30874 30874 W com.facebook.UserSettingsManager: You haven't set a value for AdvertiserIDCollectionEnabled. Set the flag to TRUE if you want to collect Advertiser ID for better advertising and analytics results. To request user consent before collecting data, set the flag value to FALSE, then change to TRUE once user consent is received. Learn more: https://developers.facebook.com/docs/app-events/getting-started-app-events-android#disable-auto-events.
06-06 17:04:23.347 30874 30907 I DpmTcmClient: RegisterTcmMonitor from: $Proxy1
06-06 17:04:23.375 25213 25213 I RemoteMethodInvoker: RemoteMethodInvoker connects remote service .XiaomiAccountService
06-06 17:04:23.382  1803  2751 D MIUIInput: [MotionEvent] publisher action=0x4, 243496704, channel 'de5e376 NavigationBar0 (server)'
06-06 17:04:23.382  1803  2751 D MIUIInput: [MotionEvent] publisher action=0x0, 243496704, channel 'd7558ad com.android.settings/com.android.settings.SubSettings (server)'
06-06 17:04:23.383 30874 30874 E :accountservic: Invalid ID 0x00000000.
06-06 17:04:23.389 30874 30874 D miuisdk : current sdk level is 24
06-06 17:04:23.392  1803  5008 I MiuiNetworkPolicy: updateUidState uid = 10167, uidState = 10
06-06 17:04:23.395 30874 30874 W pool-7-thread-1: type=1400 audit(0.0:10462255): avc: denied { write } for name="tasks" dev="cgroup" ino=21 scontext=u:r:platform_app:s0:c512,c768 tcontext=u:object_r:cgroup:s0 tclass=file permissive=0 app=com.xiaomi.account
06-06 17:04:23.400  1803  5008 I MiuiNetworkPolicy: updateUidState uid = 10167, uidState = 19
06-06 17:04:23.403 30874 30874 I AccountConfigHelper: checkRequestConfigInfo>>>force request config
06-06 17:04:23.411 30874 30874 I AccountConfigHelper: updateLastRequestConfigTime>>>
06-06 17:04:23.423  1803 10327 D CompatibilityInfo: mCompatibilityFlags - 0
06-06 17:04:23.423  1803 10327 D CompatibilityInfo: applicationDensity - 440
06-06 17:04:23.423  1803 10327 D CompatibilityInfo: applicationScale - 1.0
06-06 17:04:23.426  1803  5008 I MiuiNetworkPolicy: updateUidState uid = 10167, uidState = 8
06-06 17:04:23.428  1551  1551 I cnss-daemon: nl80211 response handler invoked
06-06 17:04:23.428  1551  1551 I cnss-daemon: nl80211_response_handler: cmd 103, vendorID 4980, subcmd 13  received
06-06 17:04:23.428  7957 30873 I Finsky  : [30642] fpt.i(1): Completed 0 account content syncs with 0 successful.
06-06 17:04:23.429   911 32324 I WifiHAL : event received NL80211_CMD_VENDOR, vendor_id = 0x1374, subcmd = 0xd
06-06 17:04:23.429  7957  7957 I Finsky  : [2] ContentSyncJob.a(1): [ContentSync] Installation state replication succeeded.
06-06 17:04:23.429  7957  7957 I Finsky  : [2] rra.r(4): SCH: jobFinished: 12-1. TimeElapsed: 337ms.
06-06 17:04:23.436  1803  5008 I MiuiNetworkPolicy: updateUidState uid = 10167, uidState = 10
06-06 17:04:23.439  1803  5008 I MiuiNetworkPolicy: updateUidState uid = 10167, uidState = 19
06-06 17:04:23.448 25213 25225 W ui.cloudservic: Reducing the number of considered missed Gc histogram windows from 108 to 100
06-06 17:04:23.469  7957  8031 I Finsky  : [30438] rkv.accept(45): SCH: Scheduling phonesky job Id: 1-1337, CT: 1654479293269, Constraints: [{ L: 39371328, D: 82571328, C: 1, I: 1, N: 1 }]
06-06 17:04:23.470  7957  8031 I Finsky  : [30438] rkv.accept(45): SCH: Scheduling phonesky job Id: 34-300, CT: 1654484496167, Constraints: [{ L: 79199510, D: 1375199510, C: 1, I: 1, N: 1 }]
06-06 17:04:23.498  7957  8011 I Finsky  : [30424] rqw.apply(85): SCH: Scheduling 1 system job(s)
06-06 17:04:23.499  7957  8011 I Finsky  : [30424] rqw.apply(91): SCH: Scheduling system job Id: 9100, L: 12401099, D: 55601099, C: false, I: false, N: 1
06-06 17:04:23.532  7957 30871 I Finsky  : [30640] rsq.a(16): SCH: job service finished with id 9096.
06-06 17:04:23.536  1803  5008 I MiuiNetworkPolicy: updateUidState uid = 10207, uidState = 10
06-06 17:04:23.547  1803  5008 I MiuiNetworkPolicy: updateUidState uid = 10207, uidState = 19
06-06 17:04:23.567  1803  1817 I system_server: Background concurrent copying GC freed 403147(21MB) AllocSpace objects, 20(720KB) LOS objects, 25% free, 71MB/95MB, paused 77us total 189.668ms
06-06 17:04:23.574  1803  1819 W System  : A resource failed to call release.
06-06 17:04:23.574  1803  1819 I chatty  : uid=1000(system) FinalizerDaemon identical 1 line
06-06 17:04:23.574  1803  1819 W System  : A resource failed to call release.
06-06 17:04:23.574  1803  1819 W System  : A resource failed to call close.
06-06 17:04:23.575 19819 19819 W Choreographer: OPTS_INPUT: First frame was drawed before optimized, so skip!
06-06 17:04:23.578   921   921 E ANDR-PERF-MPCTL: Active req limit reached, No optimizations performed
06-06 17:04:23.579   921   921 E ANDR-PERF-MPCTL: Active req limit reached, No optimizations performed
06-06 17:04:23.582  1803  1819 W System  : A resource failed to call release.
06-06 17:04:23.582  1803  1819 W System  : A resource failed to call release.
06-06 17:04:23.699 29946 29946 W TcmReceiver: type=1400 audit(0.0:10462256): avc: denied { write } for name="tcm" dev="tmpfs" ino=348 scontext=u:r:theme:s0 tcontext=u:object_r:vendor_dpmtcm_socket:s0 tclass=sock_file permissive=0
06-06 17:04:23.727  1803  5008 I MiuiNetworkPolicy: updateUidState uid = 99230, uidState = 10
06-06 17:04:23.735  1803  5008 I MiuiNetworkPolicy: updateUidState uid = 99230, uidState = 13
06-06 17:04:23.768 30874 30874 I AccountConfigManager: AccountConfigManager>>>service info
06-06 17:04:23.773 30874 30874 I AccountConfigManager: setAccountConfigInfo>>>set new request config info
06-06 17:04:23.796  1803  9602 D CompatibilityInfo: mCompatibilityFlags - 0
06-06 17:04:23.796  1803  9602 D CompatibilityInfo: applicationDensity - 440
06-06 17:04:23.796  1803  9602 D CompatibilityInfo: applicationScale - 1.0
06-06 17:04:23.798  1803  5008 I MiuiNetworkPolicy: updateUidState uid = 99230, uidState = 10
06-06 17:04:23.817  1803  5008 I MiuiNetworkPolicy: updateUidState uid = 99230, uidState = 13
06-06 17:04:23.827  1803  5008 I MiuiNetworkPolicy: updateUidState uid = 99230, uidState = 13
06-06 17:04:23.829 25213 30869 D ##XLogger##: com.miui.cloudservice.sync.banner.@IPV6@SourceFile:6, thread:30874--BannerQueryTask, response: {"result":"ok","retriable":false,"code":0,"data":{"hasBanner":true,"bannerInfo":{"expiredInterval":791196135517,"eTag":"201711","banners":[{"picUrlLarge":"https://cdn.cnbj1.fds.api.mi-img.com/micloud-operation/1000X250.png","useSSO":false,"clickContent":"https://cnbj1.fds.api.xiaomi.com/mih5/page/d-1562662232023/index.html","showNotification":false,"id":"fix_client_banner_bug_201711","picUrlSmall":"https://cdn.cnbj1.fds.api.mi-img.com/micloud-operation/490X250.png","clickType":"Intent","pictures":{"picUrlLarge":"https://cdn.cnbj1.fds.api.mi-img.com/micloud-operation/1000X250.png","picUrlSmall":"https://cdn.cnbj1.fds.api.mi-img.com/micloud-operation/490X250.png"},"clickAction":"android.intent.action.VIEW"}]}},"description":"","ts":1654506264485}
06-06 17:04:23.845  1803  5008 I MiuiNetworkPolicy: updateUidState uid = 10154, uidState = 10
06-06 17:04:23.864  1803  5008 I MiuiNetworkPolicy: updateUidState uid = 10154, uidState = 19
06-06 17:04:23.876 25213 25227 W System  : A resource failed to call close.
06-06 17:04:23.904   756   756 I Zygote  : Process 26568 exited due to signal 9 (Killed)
06-06 17:04:23.906  1803  1928 I libprocessgroup: Successfully killed process cgroup uid 10286 pid 26568 in 43ms
06-06 17:04:23.908  1803  5008 I MiuiNetworkPolicy: removeUidState uid = 10286
06-06 17:04:23.919  1803  2751 D MIUIInput: [MotionEvent] publisher action=0x1, 243497241, channel 'd7558ad com.android.settings/com.android.settings.SubSettings (server)'
06-06 17:04:23.920   921   921 E ANDR-PERF-MPCTL: Active req limit reached, No optimizations performed
06-06 17:04:23.921   921   921 E ANDR-PERF-MPCTL: Active req limit reached, No optimizations performed
06-06 17:04:23.983  1803  5910 D CompatibilityInfo: mCompatibilityFlags - 0
06-06 17:04:23.983  1803  5910 D CompatibilityInfo: applicationDensity - 440
06-06 17:04:23.983  1803  5910 D CompatibilityInfo: applicationScale - 1.0
06-06 17:04:23.984  1803  5008 I MiuiNetworkPolicy: updateUidState uid = 99230, uidState = 10
06-06 17:04:23.987  1803  5008 I MiuiNetworkPolicy: updateUidState uid = 99230, uidState = 13
06-06 17:04:23.991  1803  5008 I MiuiNetworkPolicy: updateUidState uid = 99230, uidState = 10
06-06 17:04:23.993  1803  5008 I MiuiNetworkPolicy: updateUidState uid = 99230, uidState = 13
06-06 17:04:24.252  1803  2751 D MIUIInput: [MotionEvent] publisher action=0x4, 243497573, channel 'de5e376 NavigationBar0 (server)'
06-06 17:04:24.252  1803  2751 D MIUIInput: [MotionEvent] publisher action=0x0, 243497573, channel 'd7558ad com.android.settings/com.android.settings.SubSettings (server)'
06-06 17:04:24.320 19819 19819 W Choreographer: OPTS_INPUT: First frame was drawed before optimized, so skip!
06-06 17:04:24.321   921   921 E ANDR-PERF-MPCTL: Active req limit reached, No optimizations performed
06-06 17:04:24.321   921   921 E ANDR-PERF-MPCTL: Active req limit reached, No optimizations performed
06-06 17:04:24.629  1803  5008 I MiuiNetworkPolicy: updateUidState uid = 10207, uidState = 19
06-06 17:04:24.700  1803  2751 D MIUIInput: [MotionEvent] publisher action=0x1, 243498021, channel 'd7558ad com.android.settings/com.android.settings.SubSettings (server)'
06-06 17:04:24.701   921   921 E ANDR-PERF-MPCTL: Active req limit reached, No optimizations performed
06-06 17:04:24.735 29946 29946 W TcmReceiver: type=1400 audit(0.0:10462257): avc: denied { write } for name="tcm" dev="tmpfs" ino=348 scontext=u:r:theme:s0 tcontext=u:object_r:vendor_dpmtcm_socket:s0 tclass=sock_file permissive=0
06-06 17:04:24.857  8866 12214 I com.miui.daemo: oneway function results will be dropped but finished with status OK and parcel size 4
06-06 17:04:24.858  8866 12214 I com.miui.daemo: oneway function results will be dropped but finished with status OK and parcel size 4
06-06 17:04:25.102  9490  9676 I VoiceInputManagerWrapper: VoiceInputManagerWrapper.shutdownVoiceInternal():95 shutdownVoiceInternal()
06-06 17:04:25.435  1551  1551 I cnss-daemon: nl80211 response handler invoked
06-06 17:04:25.435  1551  1551 I cnss-daemon: nl80211_response_handler: cmd 103, vendorID 4980, subcmd 13  received
06-06 17:04:25.435   911 32324 I WifiHAL : event received NL80211_CMD_VENDOR, vendor_id = 0x1374, subcmd = 0xd
06-06 17:04:25.444 15576 15576 D SecurityCenter: ImageLoader clear memory info
06-06 17:04:25.628  1803  5008 D MiuiNetworkPolicy: updateLimit mLimitEnabled=false,enabled=true,mNetworkPriorityMode=255
06-06 17:04:25.703  8866 12214 I com.miui.daemo: oneway function results will be dropped but finished with status OK and parcel size 4
06-06 17:04:25.739 29946 29946 W TcmReceiver: type=1400 audit(0.0:10462258): avc: denied { write } for name="tcm" dev="tmpfs" ino=348 scontext=u:r:theme:s0 tcontext=u:object_r:vendor_dpmtcm_socket:s0 tclass=sock_file permissive=0
06-06 17:04:26.568  1803  2751 D MIUIInput: [MotionEvent] publisher action=0x0, 243499890, channel 'c01dee7 GestureStubBottom (server)'
06-06 17:04:26.570  5189  5896 D GestureStubView: onTouch ACTION_DOWN sendMessageDelayed MSG_CHECK_GESTURE_STUB_TOUCHABLE
06-06 17:04:26.570  5189  5896 D GesturesBackController: onPointerEvent swipeStatus:16
06-06 17:04:26.570  5189  5896 D GesturesBackController: mSwipeStatus == SWIPE_STATUS_ANIMATING, processPointerEvent
06-06 17:04:26.590  5189  5896 D GesturesBackController: onPointerEvent swipeStatus:8
06-06 17:04:26.590  5189  5896 D GestureStubView: onSwipeStart: needAnimation: true
06-06 17:04:26.590  5189  5896 D GestureStubView: renderView
06-06 17:04:26.591  5189  5896 D GesturesBackController: onPointerEvent MotionEvent.ACTION_MOVE processMiuiGestures
06-06 17:04:26.591  5189  5896 D GesturesBackController: mSwipeStatus != SWIPE_STATUS_ANIMATING, processPointerEvent
06-06 17:04:26.602   921   921 E ANDR-PERF-MPCTL: Active req limit reached, No optimizations performed
06-06 17:04:26.603   921   921 E ANDR-PERF-MPCTL: Active req limit reached, No optimizations performed
06-06 17:04:26.610   990   990 W BufferQueueLayer: [com.android.settings/com.android.settings.SubSettings#0] Timestamp 243499907510600 seems implausible relative to expectedPresent 0
06-06 17:04:26.610   990   990 W BufferQueueLayer: [GestureStubLeft#0] Timestamp 243499931511485 seems implausible relative to expectedPresent 0
06-06 17:04:26.611   990   990 W BufferQueueLayer: [com.android.settings/com.android.settings.SubSettings#0] Timestamp 243499907510600 seems implausible relative to expectedPresent 0
06-06 17:04:26.611   990   990 W BufferQueueLayer: [GestureStubLeft#0] Timestamp 243499931511485 seems implausible relative to expectedPresent 0
06-06 17:04:26.611  5189  5896 D GesturesBackController: onPointerEvent swipeStatus:2
06-06 17:04:26.611  5189  5896 D GesturesBackController: onPointerEvent MotionEvent.ACTION_MOVE processMiuiGestures
06-06 17:04:26.612  5189  5896 D GesturesBackController: mSwipeStatus != SWIPE_STATUS_ANIMATING, processPointerEvent
06-06 17:04:26.628  5189  5896 D GesturesBackController: onPointerEvent swipeStatus:2
06-06 17:04:26.628  5189  5896 D GesturesBackController: onPointerEvent MotionEvent.ACTION_MOVE processMiuiGestures
06-06 17:04:26.628  5189  5896 D GesturesBackController: mSwipeStatus != SWIPE_STATUS_ANIMATING, processPointerEvent
06-06 17:04:26.645  5189  5896 D GesturesBackController: onPointerEvent swipeStatus:2
06-06 17:04:26.645  5189  5896 D GesturesBackController: onPointerEvent MotionEvent.ACTION_MOVE processMiuiGestures
06-06 17:04:26.645  5189  5896 D GesturesBackController: mSwipeStatus != SWIPE_STATUS_ANIMATING, processPointerEvent
06-06 17:04:26.662  5189  5896 D GesturesBackController: onPointerEvent swipeStatus:2
06-06 17:04:26.662  5189  5896 D GesturesBackController: onPointerEvent MotionEvent.ACTION_MOVE processMiuiGestures
06-06 17:04:26.662  5189  5896 D GesturesBackController: mSwipeStatus != SWIPE_STATUS_ANIMATING, processPointerEvent
06-06 17:04:26.679  5189  5896 D GesturesBackController: onPointerEvent swipeStatus:2
06-06 17:04:26.679  5189  5896 D GesturesBackController: onPointerEvent MotionEvent.ACTION_MOVE processMiuiGestures
06-06 17:04:26.679  5189  5896 D GesturesBackController: mSwipeStatus != SWIPE_STATUS_ANIMATING, processPointerEvent
06-06 17:04:26.696  5189  5896 D GesturesBackController: onPointerEvent swipeStatus:2
06-06 17:04:26.696  5189  5896 D GesturesBackController: onPointerEvent MotionEvent.ACTION_MOVE processMiuiGestures
06-06 17:04:26.696  5189  5896 D GesturesBackController: mSwipeStatus != SWIPE_STATUS_ANIMATING, processPointerEvent
06-06 17:04:26.711  1803  2751 D MIUIInput: [MotionEvent] publisher action=0x1, 243500033, channel 'c01dee7 GestureStubBottom (server)'
06-06 17:04:26.711  5189  5896 D GesturesBackController: onPointerEvent swipeStatus:2
06-06 17:04:26.711  5189  5896 D GesturesBackController: onPointerEvent MotionEvent.ACTION_MOVE processMiuiGestures
06-06 17:04:26.712  5189  5896 D GesturesBackController: mSwipeStatus != SWIPE_STATUS_ANIMATING, processPointerEvent
06-06 17:04:26.712  5189  5896 D GestureStubView: ACTION_UP: mIsGestureStarted: true mIsGestureAnimationEnabled: true
06-06 17:04:26.712  5189  5896 D GesturesBackController: onPointerEvent swipeStatus:2
06-06 17:04:26.712  5189  5896 D GestureStubView: onSwipeStop
06-06 17:04:26.712  5189  5896 D GestureStubView: injectKeyEvent keyCode:4
06-06 17:04:26.715  5189  5896 D GesturesBackController: onPointerEvent MotionEvent.ACTION_UP stopGestures isFinish:true speed:2
06-06 17:04:26.715  5189  5896 D GesturesBackController: mSwipeStatus != SWIPE_STATUS_ANIMATING, processPointerEvent
06-06 17:04:26.715   921   921 E ANDR-PERF-MPCTL: Active req limit reached, No optimizations performed
06-06 17:04:26.717  1803  2751 D MIUIInput: [KeyEvent] publisher action:0x0,  keyCode:4 , 243500034,channel 'd7558ad com.android.settings/com.android.settings.SubSettings (server)'
06-06 17:04:26.717 19819 19819 D MIUIInput: [KeyEvent] ViewRootImpl KeyEvent { action=ACTION_DOWN, keyCode=KEYCODE_BACK, scanCode=0, metaState=0, flags=0x8, repeatCount=0, eventTime=243500034, downTime=243500034, deviceId=-1, source=0x101, displayId=0 }
06-06 17:04:26.717  1803  1866 W ActivityManager: Sending non-protected broadcast miui.intent.KEYCODE_BACK from system 1803:system/1000 pkg android. Callers=com.android.server.am.ActivityManagerService.broadcastIntentLocked:17079 com.android.server.am.ActivityManagerService.broadcastIntentLocked:16496 com.android.server.am.ActivityManagerService.broadcastIntentWithFeature:17334 android.app.ContextImpl.sendBroadcastAsUser:1300 com.android.server.policy.BaseMiuiPhoneWindowManager$16.run:2799
06-06 17:04:26.718  1803  1866 W ActivityManager: Sending non-protected broadcast miui.intent.KEYCODE_BACK from system 1803:system/1000 pkg android. Callers=com.android.server.am.ActivityManagerService.broadcastIntentLocked:17177 com.android.server.am.ActivityManagerService.broadcastIntentLocked:16496 com.android.server.am.ActivityManagerService.broadcastIntentWithFeature:17334 android.app.ContextImpl.sendBroadcastAsUser:1300 com.android.server.policy.BaseMiuiPhoneWindowManager$16.run:2799
06-06 17:04:26.718  1803  2751 D MIUIInput: [KeyEvent] publisher action:0x1,  keyCode:4 , 243500034,channel 'd7558ad com.android.settings/com.android.settings.SubSettings (server)'
06-06 17:04:26.718 19819 19819 D MIUIInput: [KeyEvent] ViewRootImpl KeyEvent { action=ACTION_UP, keyCode=KEYCODE_BACK, scanCode=0, metaState=0, flags=0x8, repeatCount=0, eventTime=243500034, downTime=243500034, deviceId=-1, source=0x101, displayId=0 }
06-06 17:04:26.719  1803  1866 W ActivityManager: Sending non-protected broadcast miui.intent.KEYCODE_BACK from system 1803:system/1000 pkg android. Callers=com.android.server.am.ActivityManagerService.broadcastIntentLocked:17079 com.android.server.am.ActivityManagerService.broadcastIntentLocked:16496 com.android.server.am.ActivityManagerService.broadcastIntentWithFeature:17334 android.app.ContextImpl.sendBroadcastAsUser:1300 com.android.server.policy.BaseMiuiPhoneWindowManager$16.run:2799
06-06 17:04:26.719  1803  1866 W ActivityManager: Sending non-protected broadcast miui.intent.KEYCODE_BACK from system 1803:system/1000 pkg android. Callers=com.android.server.am.ActivityManagerService.broadcastIntentLocked:17177 com.android.server.am.ActivityManagerService.broadcastIntentLocked:16496 com.android.server.am.ActivityManagerService.broadcastIntentWithFeature:17334 android.app.ContextImpl.sendBroadcastAsUser:1300 com.android.server.policy.BaseMiuiPhoneWindowManager$16.run:2799
06-06 17:04:26.720  5189  5940 D LauncherFsGestureCompat: componentName is com.android.settings/.SubSettings
06-06 17:04:26.736  1803  5910 D ActivityTrigger: ActivityTrigger activityPauseTrigger
06-06 17:04:26.745  5189  5189 D EventBus: No subscribers registered for event class com.miui.home.recents.messages.TaskSnapshotChangedEvent
06-06 17:04:26.745  5189  5189 D EventBus: No subscribers registered for event class org.greenrobot.eventbus.NoSubscriberEvent
06-06 17:04:26.749 19819 19819 D FiveGViceSAPreferenceController: onPause
06-06 17:04:26.759  1803  5075 D ProcessManager: skip notify foregroundAppInfo:ApplicationInfo{7975040 com.android.settings}
06-06 17:04:26.763  1803  5910 D MIUIInput: [FoucsChange]: Display  0 FocusedWindow From Window{d7558ad mode=0 rootTaskId=6377 u0 com.android.settings/com.android.settings.SubSettings}(1,1)  to null(0,0)
06-06 17:04:26.772  1803 10327 D CompatibilityInfo: mCompatibilityFlags - 0
06-06 17:04:26.772  1803 10327 D CompatibilityInfo: applicationDensity - 440
06-06 17:04:26.772  1803 10327 D CompatibilityInfo: applicationScale - 1.0
06-06 17:04:26.774  1803  5008 I MiuiNetworkPolicy: updateUidState uid = 10208, uidState = 3
06-06 17:04:26.778 19819 19819 I MiuiSettings: onResume: needUpdateHeader: false, and vpnConfiguredStatus = : 0
06-06 17:04:26.782  5189  5189 D RecentsImpl: mActivityStateObserver com.android.settings.MiuiSettings
06-06 17:04:26.779 29946 29946 W TcmReceiver: type=1400 audit(0.0:10462259): avc: denied { write } for name="tcm" dev="tmpfs" ino=348 scontext=u:r:theme:s0 tcontext=u:object_r:vendor_dpmtcm_socket:s0 tclass=sock_file permissive=0
06-06 17:04:26.783   990  2773 D FrameIndicator: support status: 1 0x7a29ba1018 0x7a29ba14c4
06-06 17:04:26.787  5189  5189 W RecentsImpl: onResumed className=com.android.settings.MiuiSettings   mIsInAnotherPro=false   isKeyguardLocked=false
06-06 17:04:26.787  5189  5896 W RecentsImpl: disableTouchBySwipeStatusBar    disable=false
06-06 17:04:26.787  5189  5898 D RecentsImpl: showNavStubView
06-06 17:04:26.787  5189  5896 D GestureStubView_Touch: disableTouchBySwipeStatusBar    old=false   new=false
06-06 17:04:26.787  5189  5898 D NavStubView_Touch: setKeepHidden    old=false   new=false
06-06 17:04:26.787  5189  5896 D GestureStubView_Touch: disableTouchBySwipeStatusBar    old=false   new=false
06-06 17:04:26.787  5189  5896 W RecentsImpl: disableBackStubWindow    disableTouch=false
06-06 17:04:26.787  5189  5896 D GestureStubView_Touch: disableTouch    old=false   new=false
06-06 17:04:26.787  5189  5896 D GestureStubView_Touch: disableTouch    old=false   new=false
06-06 17:04:26.787  5189  5896 D RecentsImpl: showBackStubWindow  hasNavigationBar=true
06-06 17:04:26.788  5189  5896 D GestureStubView_Touch: setKeepHidden    old=false   new=false
06-06 17:04:26.788  5189  5896 W GestureStubView: adaptRotation   currentRotation=0   mRotation=0
06-06 17:04:26.788 19819 19819 D FrameIndicator: support status: 1 0x79591e7018 0x79591e74c4
06-06 17:04:26.788  5189  5896 D GestureStubView: resetRenderProperty: showGestureStub
06-06 17:04:26.788  5189  5896 D GestureStubView_Touch: disableTouch    old=false   new=false
06-06 17:04:26.788  5189  5896 D GestureStubView: showGestureStub
06-06 17:04:26.788 19819 19819 D FrameIndicator: support status: 1 0x79591e7018 0x79591e74c4
06-06 17:04:26.801  5189  5896 D GestureStubView: gatherTransparentRegion: need render w:54  h:1440
06-06 17:04:26.814 29887 29906 D SuggestionParser: Day 91 for com.android.settings.suggested.category.DEFERRED_SETUP
06-06 17:04:26.815  5189  5896 W GestureStubView: adaptRotation   currentRotation=0   mRotation=0
06-06 17:04:26.815 29887 29906 D CandidateSuggestionFilter: filterCandidates duration: 0
06-06 17:04:26.816 29887 29906 D SuggestionParser: Day 83 for com.android.settings.suggested.category.HIGH_PRIORITY
06-06 17:04:26.816  5189  5896 D GestureStubView: resetRenderProperty: MSG_RESET_ANIMATING_STATUS
06-06 17:04:26.816  5189  5896 D GestureStubView: reset animating status
06-06 17:04:26.817 29887 29906 D CandidateSuggestionFilter: filterCandidates duration: 0
06-06 17:04:26.817 29887 29906 D SuggestionParser: Day 83 for com.android.settings.suggested.category.FIRST_IMPRESSION
06-06 17:04:26.826 29887 29930 I ActivityThread: com.android.settings.suggestions.status acquiringCount 2
06-06 17:04:26.826 29887 29927 I ActivityThread: com.android.settings.suggestions.status acquiringCount 3
06-06 17:04:26.826 29887 29926 I ActivityThread: com.android.settings.suggestions.status acquiringCount 4
06-06 17:04:26.827 29887 30159 I ActivityThread: com.android.settings.suggestions.status acquiringCount 5
06-06 17:04:26.828 19819 30299 D SugstStatusProvider: Suggestion com.android.settings/com.android.settings.wifi.calling.WifiCallingSuggestionActivity complete: true
06-06 17:04:26.830 29887 29928 D CandidateSuggestionFilter: Suggestion state result Bundle[{candidate_is_complete=true}]
06-06 17:04:26.831  1803 10327 D MIUIInput: [FoucsChange]: Display  0 FocusedWindow From null(0,0)  to Window{5ea37ad mode=0 rootTaskId=6377 u0 com.android.settings/com.android.settings.MainSettings}(1,1)
06-06 17:04:26.831 19819 30299 D SugstStatusProvider: Suggestion com.android.settings/com.android.settings.wallpaper.WallpaperSuggestionActivity complete: true
06-06 17:04:26.844 29887 29931 D CandidateSuggestionFilter: Suggestion state result Bundle[{candidate_is_complete=true}]
06-06 17:04:26.844  9490  9490 I GoogleInputMethodService: GoogleInputMethodService.onFinishInput():3204
06-06 17:04:26.846  5189  5896 D GestureStubView: gatherTransparentRegion: need render w:54  h:1440
06-06 17:04:26.847  9490  9490 I GoogleInputMethodService: GoogleInputMethodService.updateDeviceLockedStatus():2100 checkRepeatedly = false, unlocked = true
06-06 17:04:26.847  9490  9490 I GoogleInputMethodService: GoogleInputMethodService.onStartInput():1903 onStartInput(EditorInfo{inputType=0x1(Normal) imeOptions=0x8000005 privateImeOptions=null actionName=NEXT actionLabel=null actionId=0 initialSelStart=9 initialSelEnd=9 initialCapsMode=0x0 hintText=null label=null packageName=com.android.settings fieldId=16908297 fieldName=null extras=null}, false)
06-06 17:04:26.848  9490  9490 I GoogleInputMethodService: GoogleInputMethodService.updateDeviceLockedStatus():2100 checkRepeatedly = true, unlocked = true
06-06 17:04:26.857  1803  5008 I MiuiNetworkPolicy: updateUidState uid = 9801, uidState = 19
06-06 17:04:26.858 19819 29935 D SugstStatusProvider: Suggestion com.android.settings/com.android.settings.wallpaper.StyleSuggestionActivity complete: false
06-06 17:04:26.859 19819 29827 D SugstStatusProvider: Suggestion com.android.settings/com.android.settings.notification.zen.ZenSuggestionActivity complete: true
06-06 17:04:26.859 29887 30159 D CandidateSuggestionFilter: Suggestion state result Bundle[{candidate_is_complete=false}]
06-06 17:04:26.859 19819 29933 D SugstStatusProvider: Suggestion com.android.settings/com.android.settings.password.ScreenLockSuggestionActivity complete: true
06-06 17:04:26.859 29887 29925 D CandidateSuggestionFilter: Suggestion state result Bundle[{candidate_is_complete=true}]
06-06 17:04:26.859 29887 29930 D CandidateSuggestionFilter: Suggestion state result Bundle[{candidate_is_complete=true}]
06-06 17:04:26.861 19819 29933 D SugstStatusProvider: Suggestion com.android.settings/com.android.settings.Settings$NightDisplaySuggestionActivity complete: false
06-06 17:04:26.861 29887 29926 D CandidateSuggestionFilter: Suggestion state result Bundle[{candidate_is_complete=false}]
06-06 17:04:26.861 19819 29827 D SugstStatusProvider: Suggestion com.android.settings/com.android.settings.biometrics.fingerprint.FingerprintEnrollSuggestionActivity complete: true
06-06 17:04:26.862  5189  5940 D RecentsModel: onTaskStackChangedBackground
06-06 17:04:26.862  5189  5955 D RecentsModel: onTaskStackChangedBackground    MSG_TASK_STACK_CHANGE
06-06 17:04:26.862  5189  5955 D RecentsModel: preloadRecents
06-06 17:04:26.862  5189  5955 W RecentsModel: getRunningTask
06-06 17:04:26.863  5189  5896 D GestureStubView: gatherTransparentRegion: need render w:54  h:1440
06-06 17:04:26.863 29887 29927 D CandidateSuggestionFilter: Suggestion state result Bundle[{candidate_is_complete=true}]
06-06 17:04:26.864 29887 29906 D CandidateSuggestionFilter: filterCandidates duration: 40
06-06 17:04:26.865  5189  5955 W RecentsModel: getRunningTask   taskInfo=TaskInfo{userId=0 pcFlags:0 stackId=6377 taskId=6377 displayId=0 isRunning=true baseIntent=Intent { act=android.intent.action.MAIN cat=[android.intent.category.LAUNCHER] flg=0x10200000 cmp=com.android.settings/.MainSettings } baseActivity=ComponentInfo{com.android.settings/com.android.settings.MainSettings} topActivity=ComponentInfo{com.android.settings/com.android.settings.MiuiSettings} origActivity=ComponentInfo{com.android.settings/com.android.settings.MainSettings} realActivity=ComponentInfo{com.android.settings/com.android.settings.MiuiSettings} numActivities=1 lastActiveTime=518539321 supportsSplitScreenMultiWindow=true resizeMode=1 isResizeable=true token=android.window.WindowContainerToken@e4f5628 topActivityType=1 pictureInPictureParams=null topActivityInfo=ActivityInfo{b0a15e9 com.android.settings.MainSettings} windowMode=1 requestedOrientation=1
06-06 17:04:26.865  5189  5955 W RecentsModel: getTaskInfoIgnoreHomeAndFreeform   taskInfo=ComponentInfo{com.android.settings/com.android.settings.MainSettings}
06-06 17:04:26.865  5189  5955 E ActivityManagerWrapper: get all recent tasks force including 6377
06-06 17:04:26.865 29887 29906 D CandidateSuggestion: Metadata null or has no info about summary_uri
06-06 17:04:26.867  5189  5955 E ActivityManagerWrapper: getRecentTasks: size=7
06-06 17:04:26.867  5189  5955 E ActivityManagerWrapper: getRecentTasks: taskId=6377   userId=0   baseIntent=Intent { act=android.intent.action.MAIN cat=[android.intent.category.LAUNCHER] flg=0x10200000 cmp=com.android.settings/.MainSettings }
06-06 17:04:26.867  5189  5955 E ActivityManagerWrapper: getRecentTasks: taskId=6376   userId=0   baseIntent=Intent { act=android.intent.action.MAIN cat=[android.intent.category.LAUNCHER] flg=0x10200000 cmp=com.android.chrome/com.google.android.apps.chrome.Main }
06-06 17:04:26.867  5189  5955 E ActivityManagerWrapper: getRecentTasks: taskId=6346   userId=0   baseIntent=Intent { flg=0x10800000 cmp=com.android.settings/.Settings$UsbDetailsActivity }
06-06 17:04:26.867  5189  5955 E ActivityManagerWrapper: getRecentTasks: taskId=6331   userId=0   baseIntent=Intent { act=android.intent.action.VIEW cat=[android.intent.category.BROWSABLE] dat=https://drive.google.com/... flg=0x10890400 cmp=android/com.android.internal.app.ResolverActivity }
06-06 17:04:26.867  5189  5955 E ActivityManagerWrapper: getRecentTasks: taskId=6316   userId=0   baseIntent=Intent { flg=0x10800000 cmp=com.google.android.gms/.location.settings.LocationOffWarningActivity }
06-06 17:04:26.867  5189  5955 E ActivityManagerWrapper: getRecentTasks: taskId=6294   userId=0   baseIntent=Intent { act=com.facebook.orca.notify.SECURE_VIEW dat=fb-messenger://groupthreadfbid/4475769485875016 flg=0x10800000 cmp=com.facebook.orca/com.facebook.messenger.intents.SecureIntentHandlerActivity }
06-06 17:04:26.867  5189  5955 E ActivityManagerWrapper: getRecentTasks: taskId=6291   userId=0   baseIntent=Intent { flg=0x18800000 cmp=com.facebook.orca/com.facebook.messaging.sharing.broadcastflow.BroadcastFlowActivity }
06-06 17:04:26.868 29887 29906 D CandidateSuggestion: Metadata null or has no info about summary_uri
06-06 17:04:26.870 19819 19819 D WifiStatusController: do refresh state background.
06-06 17:04:26.871 29887 29906 D CandidateSuggestion: Metadata null or has no info about summary_uri
06-06 17:04:26.872 29887 29906 D CandidateSuggestionFilter: filterCandidates duration: 0
06-06 17:04:26.872 19819 30158 D WifiStatusController: getWifiState complete .
