06-06 17:05:31.067 11580 11923 D PowerCheckerService: onBatteryChanged, mBatteryLevel = 56, status = 2, level = 57, plug = 2, scale = 100
06-06 17:05:31.083  1803  5008 I MiuiNetworkPolicy: updateUidState uid = 10198, uidState = 19
06-06 17:05:31.095  5683  5683 D DeviceStatisticsService: chargerType=2 batteryLevel=57 totalBatteryCapacity=4802000
06-06 17:05:31.100   548   548 I hwservicemanager: getTransport: Cannot find entry android.hardware.power.stats@1.0::IPowerStats/default in either framework or device manifest.
06-06 17:05:31.101   548   548 I hwservicemanager: getTransport: Cannot find entry android.hardware.power@1.0::IPower/default in either framework or device manifest.
06-06 17:05:31.101  1803  2008 E BatteryStatsService: Unable to load Power Hal or power.stats HAL
06-06 17:05:31.101   548   548 I hwservicemanager: getTransport: Cannot find entry android.hardware.power.stats@1.0::IPowerStats/default in either framework or device manifest.
06-06 17:05:31.102   548   548 I hwservicemanager: getTransport: Cannot find entry android.hardware.power@1.0::IPower/default in either framework or device manifest.
06-06 17:05:31.102  1803  2008 E BatteryStatsService: Unable to load Power Hal or power.stats HAL
06-06 17:05:31.115   616   620 E android.system.suspend@1.0-service: Error opening kernel wakelock stats for: wakeup58: Permission denied
06-06 17:05:31.111   616   616 W Binder:616_1: type=1400 audit(0.0:10476415): avc: denied { read } for name="wakeup58" dev="sysfs" ino=77246 scontext=u:r:system_suspend:s0 tcontext=u:object_r:sysfs:s0 tclass=dir permissive=0
06-06 17:05:31.116   616   620 E android.system.suspend@1.0-service: Error opening kernel wakelock stats for: wakeup38: Permission denied
06-06 17:05:31.111   616   616 W Binder:616_1: type=1400 audit(0.0:10476417): avc: denied { read } for name="wakeup38" dev="sysfs" ino=64368 scontext=u:r:system_suspend:s0 tcontext=u:object_r:sysfs:s0 tclass=dir permissive=0
06-06 17:05:31.116   616   620 E android.system.suspend@1.0-service: Error opening kernel wakelock stats for: wakeup66: Permission denied
06-06 17:05:31.111   616   616 W Binder:616_1: type=1400 audit(0.0:10476418): avc: denied { read } for name="wakeup66" dev="sysfs" ino=77563 scontext=u:r:system_suspend:s0 tcontext=u:object_r:sysfs:s0 tclass=dir permissive=0
06-06 17:05:31.116   616   620 E android.system.suspend@1.0-service: Error opening kernel wakelock stats for: wakeup28: Permission denied
06-06 17:05:31.111   616   616 W Binder:616_1: type=1400 audit(0.0:10476419): avc: denied { read } for name="wakeup28" dev="sysfs" ino=59707 scontext=u:r:system_suspend:s0 tcontext=u:object_r:sysfs:s0 tclass=dir permissive=0
06-06 17:05:31.117   616   620 E android.system.suspend@1.0-service: Error opening kernel wakelock stats for: wakeup56: Permission denied
06-06 17:05:31.111   616   616 W Binder:616_1: type=1400 audit(0.0:10476420): avc: denied { read } for name="wakeup56" dev="sysfs" ino=77170 scontext=u:r:system_suspend:s0 tcontext=u:object_r:sysfs:s0 tclass=dir permissive=0
06-06 17:05:31.117   616   620 E android.system.suspend@1.0-service: Error opening kernel wakelock stats for: wakeup18: Permission denied
06-06 17:05:31.111   616   616 W Binder:616_1: type=1400 audit(0.0:10476421): avc: denied { read } for name="wakeup18" dev="sysfs" ino=58130 scontext=u:r:system_suspend:s0 tcontext=u:object_r:sysfs:s0 tclass=dir permissive=0
06-06 17:05:31.117   616   620 E android.system.suspend@1.0-service: Error opening kernel wakelock stats for: wakeup2: Permission denied
06-06 17:05:31.111   616   616 W Binder:616_1: type=1400 audit(0.0:10476422): avc: denied { read } for name="wakeup2" dev="sysfs" ino=41118 scontext=u:r:system_suspend:s0 tcontext=u:object_r:sysfs:s0 tclass=dir permissive=0
06-06 17:05:31.118   616   620 E android.system.suspend@1.0-service: Error opening kernel wakelock stats for: wakeup36: Permission denied
06-06 17:05:31.115   616   616 W Binder:616_1: type=1400 audit(0.0:10476423): avc: denied { read } for name="wakeup36" dev="sysfs" ino=64292 scontext=u:r:system_suspend:s0 tcontext=u:object_r:sysfs:s0 tclass=dir permissive=0
06-06 17:05:31.118   616   620 E android.system.suspend@1.0-service: Error opening kernel wakelock stats for: wakeup64: Permission denied
06-06 17:05:31.119   616   620 E android.system.suspend@1.0-service: Error opening kernel wakelock stats for: wakeup26: Permission denied
06-06 17:05:31.119   616   620 E android.system.suspend@1.0-service: Error opening kernel wakelock stats for: wakeup82: Permission denied
06-06 17:05:31.120   616   620 E android.system.suspend@1.0-service: Error opening kernel wakelock stats for: wakeup0: Permission denied
06-06 17:05:31.120   616   620 E android.system.suspend@1.0-service: Error opening kernel wakelock stats for: wakeup34: Permission denied
06-06 17:05:31.120   616   620 E android.system.suspend@1.0-service: Error opening kernel wakelock stats for: wakeup62: Permission denied
06-06 17:05:31.121   616   620 E android.system.suspend@1.0-service: Error opening kernel wakelock stats for: wakeup24: Permission denied
06-06 17:05:31.121   616   620 E android.system.suspend@1.0-service: Error opening kernel wakelock stats for: wakeup9: Permission denied
06-06 17:05:31.121   616   620 E android.system.suspend@1.0-service: Error opening kernel wakelock stats for: wakeup14: Permission denied
06-06 17:05:31.122   616   620 E android.system.suspend@1.0-service: Error opening kernel wakelock stats for: wakeup42: Permission denied
06-06 17:05:31.122   616   620 E android.system.suspend@1.0-service: Error opening kernel wakelock stats for: wakeup99: Permission denied
06-06 17:05:31.122   616   620 E android.system.suspend@1.0-service: Error opening kernel wakelock stats for: wakeup32: Permission denied
06-06 17:05:31.123   616   620 E android.system.suspend@1.0-service: Error opening kernel wakelock stats for: wakeup60: Permission denied
06-06 17:05:31.123   616   620 E android.system.suspend@1.0-service: Error opening kernel wakelock stats for: wakeup22: Permission denied
06-06 17:05:31.123   616   620 E android.system.suspend@1.0-service: Error opening kernel wakelock stats for: wakeup7: Permission denied
06-06 17:05:31.123   616   620 E android.system.suspend@1.0-service: Error opening kernel wakelock stats for: wakeup12: Permission denied
06-06 17:05:31.124   616   620 E android.system.suspend@1.0-service: Error opening kernel wakelock stats for: wakeup40: Permission denied
06-06 17:05:31.124   616   620 E android.system.suspend@1.0-service: Error opening kernel wakelock stats for: wakeup69: Permission denied
06-06 17:05:31.124   616   620 E android.system.suspend@1.0-service: Error opening kernel wakelock stats for: wakeup30: Permission denied
06-06 17:05:31.125   616   620 E android.system.suspend@1.0-service: Error opening kernel wakelock stats for: wakeup59: Permission denied
06-06 17:05:31.125   616   620 E android.system.suspend@1.0-service: Error opening kernel wakelock stats for: wakeup20: Permission denied
06-06 17:05:31.125   616   620 E android.system.suspend@1.0-service: Error opening kernel wakelock stats for: wakeup5: Permission denied
06-06 17:05:31.126   616   620 E android.system.suspend@1.0-service: Error opening kernel wakelock stats for: wakeup39: Permission denied
06-06 17:05:31.126   616   620 E android.system.suspend@1.0-service: Error opening kernel wakelock stats for: wakeup67: Permission denied
06-06 17:05:31.126   616   620 E android.system.suspend@1.0-service: Error opening kernel wakelock stats for: wakeup29: Permission denied
06-06 17:05:31.127   616   620 E android.system.suspend@1.0-service: Error opening kernel wakelock stats for: wakeup57: Permission denied
06-06 17:05:31.127   616   620 E android.system.suspend@1.0-service: Error opening kernel wakelock stats for: wakeup19: Permission denied
06-06 17:05:31.127   616   620 E android.system.suspend@1.0-service: Error opening kernel wakelock stats for: wakeup3: Permission denied
06-06 17:05:31.128   616   620 E android.system.suspend@1.0-service: Error opening kernel wakelock stats for: wakeup37: Permission denied
06-06 17:05:31.128   616   620 E android.system.suspend@1.0-service: Error opening kernel wakelock stats for: wakeup65: Permission denied
06-06 17:05:31.128   616   620 E android.system.suspend@1.0-service: Error opening kernel wakelock stats for: wakeup27: Permission denied
06-06 17:05:31.129   616   620 E android.system.suspend@1.0-service: Error opening kernel wakelock stats for: wakeup17: Permission denied
06-06 17:05:31.129   616   620 E android.system.suspend@1.0-service: Error opening kernel wakelock stats for: wakeup45: Permission denied
06-06 17:05:31.129   616   620 E android.system.suspend@1.0-service: Error opening kernel wakelock stats for: wakeup1: Permission denied
06-06 17:05:31.130   616   620 E android.system.suspend@1.0-service: Error opening kernel wakelock stats for: wakeup35: Permission denied
06-06 17:05:31.130   616   620 E android.system.suspend@1.0-service: Error opening kernel wakelock stats for: wakeup63: Permission denied
06-06 17:05:31.130   616   620 E android.system.suspend@1.0-service: Error opening kernel wakelock stats for: wakeup25: Permission denied
06-06 17:05:31.131   616   620 E android.system.suspend@1.0-service: Error opening kernel wakelock stats for: wakeup15: Permission denied
06-06 17:05:31.131   616   620 E android.system.suspend@1.0-service: Error opening kernel wakelock stats for: wakeup43: Permission denied
06-06 17:05:31.132   616   620 E android.system.suspend@1.0-service: Error opening kernel wakelock stats for: wakeup33: Permission denied
06-06 17:05:31.132   616   620 E android.system.suspend@1.0-service: Error opening kernel wakelock stats for: wakeup61: Permission denied
06-06 17:05:31.132   616   620 E android.system.suspend@1.0-service: Error opening kernel wakelock stats for: wakeup23: Permission denied
06-06 17:05:31.133   616   620 E android.system.suspend@1.0-service: Error opening kernel wakelock stats for: wakeup8: Permission denied
06-06 17:05:31.133   616   620 E android.system.suspend@1.0-service: Error opening kernel wakelock stats for: wakeup13: Permission denied
06-06 17:05:31.133   616   620 E android.system.suspend@1.0-service: Error opening kernel wakelock stats for: wakeup41: Permission denied
06-06 17:05:31.134   616   620 E android.system.suspend@1.0-service: Error opening kernel wakelock stats for: wakeup31: Permission denied
06-06 17:05:31.134   616   620 E android.system.suspend@1.0-service: Error opening kernel wakelock stats for: wakeup21: Permission denied
06-06 17:05:31.134   616   620 E android.system.suspend@1.0-service: Error opening kernel wakelock stats for: wakeup6: Permission denied
06-06 17:05:31.135   616   620 E android.system.suspend@1.0-service: Error opening kernel wakelock stats for: wakeup68: Permission denied
06-06 17:05:31.136   548   548 I hwservicemanager: getTransport: Cannot find entry android.hardware.power.stats@1.0::IPowerStats/default in either framework or device manifest.
06-06 17:05:31.138   548   548 I hwservicemanager: getTransport: Cannot find entry android.hardware.power@1.0::IPower/default in either framework or device manifest.
06-06 17:05:31.138  1803  2008 E BatteryStatsService: Unable to load Power Hal or power.stats HAL
06-06 17:05:31.141  1803  8924 D CompatibilityInfo: mCompatibilityFlags - 0
06-06 17:05:31.141  1803  8924 D CompatibilityInfo: applicationDensity - 440
06-06 17:05:31.141  1803  8924 D CompatibilityInfo: applicationScale - 1.0
06-06 17:05:31.194   616   620 E android.system.suspend@1.0-service: Error opening kernel wakelock stats for: wakeup58: Permission denied
06-06 17:05:31.194   616   620 E android.system.suspend@1.0-service: Error opening kernel wakelock stats for: wakeup4: Permission denied
06-06 17:05:31.195   616   620 E android.system.suspend@1.0-service: Error opening kernel wakelock stats for: wakeup38: Permission denied
06-06 17:05:31.195   616   620 E android.system.suspend@1.0-service: Error opening kernel wakelock stats for: wakeup66: Permission denied
06-06 17:05:31.195   616   620 E android.system.suspend@1.0-service: Error opening kernel wakelock stats for: wakeup28: Permission denied
06-06 17:05:31.196   616   620 E android.system.suspend@1.0-service: Error opening kernel wakelock stats for: wakeup56: Permission denied
06-06 17:05:31.196   616   620 E android.system.suspend@1.0-service: Error opening kernel wakelock stats for: wakeup18: Permission denied
06-06 17:05:31.196   616   620 E android.system.suspend@1.0-service: Error opening kernel wakelock stats for: wakeup2: Permission denied
06-06 17:05:31.197   616   620 E android.system.suspend@1.0-service: Error opening kernel wakelock stats for: wakeup36: Permission denied
06-06 17:05:31.197   616   620 E android.system.suspend@1.0-service: Error opening kernel wakelock stats for: wakeup64: Permission denied
06-06 17:05:31.197   616   620 E android.system.suspend@1.0-service: Error opening kernel wakelock stats for: wakeup26: Permission denied
06-06 17:05:31.198   616   620 E android.system.suspend@1.0-service: Error opening kernel wakelock stats for: wakeup82: Permission denied
06-06 17:05:31.199   616   620 E android.system.suspend@1.0-service: Error opening kernel wakelock stats for: wakeup0: Permission denied
06-06 17:05:31.199   616   620 E android.system.suspend@1.0-service: Error opening kernel wakelock stats for: wakeup34: Permission denied
06-06 17:05:31.199   616   620 E android.system.suspend@1.0-service: Error opening kernel wakelock stats for: wakeup62: Permission denied
06-06 17:05:31.200   616   620 E android.system.suspend@1.0-service: Error opening kernel wakelock stats for: wakeup24: Permission denied
06-06 17:05:31.200   616   620 E android.system.suspend@1.0-service: Error opening kernel wakelock stats for: wakeup9: Permission denied
06-06 17:05:31.200   616   620 E android.system.suspend@1.0-service: Error opening kernel wakelock stats for: wakeup14: Permission denied
06-06 17:05:31.201   616   620 E android.system.suspend@1.0-service: Error opening kernel wakelock stats for: wakeup42: Permission denied
06-06 17:05:31.201   616   620 E android.system.suspend@1.0-service: Error opening kernel wakelock stats for: wakeup99: Permission denied
06-06 17:05:31.201   616   620 E android.system.suspend@1.0-service: Error opening kernel wakelock stats for: wakeup32: Permission denied
06-06 17:05:31.201   616   620 E android.system.suspend@1.0-service: Error opening kernel wakelock stats for: wakeup60: Permission denied
06-06 17:05:31.202   616   620 E android.system.suspend@1.0-service: Error opening kernel wakelock stats for: wakeup22: Permission denied
06-06 17:05:31.202   616   620 E android.system.suspend@1.0-service: Error opening kernel wakelock stats for: wakeup7: Permission denied
06-06 17:05:31.202   616   620 E android.system.suspend@1.0-service: Error opening kernel wakelock stats for: wakeup12: Permission denied
06-06 17:05:31.203   616   620 E android.system.suspend@1.0-service: Error opening kernel wakelock stats for: wakeup40: Permission denied
06-06 17:05:31.203   616   620 E android.system.suspend@1.0-service: Error opening kernel wakelock stats for: wakeup69: Permission denied
06-06 17:05:31.203   616   620 E android.system.suspend@1.0-service: Error opening kernel wakelock stats for: wakeup30: Permission denied
06-06 17:05:31.204   616   620 E android.system.suspend@1.0-service: Error opening kernel wakelock stats for: wakeup59: Permission denied
06-06 17:05:31.204   616   620 E android.system.suspend@1.0-service: Error opening kernel wakelock stats for: wakeup20: Permission denied
06-06 17:05:31.204   616   620 E android.system.suspend@1.0-service: Error opening kernel wakelock stats for: wakeup5: Permission denied
06-06 17:05:31.205   616   620 E android.system.suspend@1.0-service: Error opening kernel wakelock stats for: wakeup39: Permission denied
06-06 17:05:31.205   616   620 E android.system.suspend@1.0-service: Error opening kernel wakelock stats for: wakeup67: Permission denied
06-06 17:05:31.205   616   620 E android.system.suspend@1.0-service: Error opening kernel wakelock stats for: wakeup29: Permission denied
06-06 17:05:31.206   616   620 E android.system.suspend@1.0-service: Error opening kernel wakelock stats for: wakeup57: Permission denied
06-06 17:05:31.206   616   620 E android.system.suspend@1.0-service: Error opening kernel wakelock stats for: wakeup19: Permission denied
06-06 17:05:31.206   616   620 E android.system.suspend@1.0-service: Error opening kernel wakelock stats for: wakeup3: Permission denied
06-06 17:05:31.206   616   620 E android.system.suspend@1.0-service: Error opening kernel wakelock stats for: wakeup37: Permission denied
06-06 17:05:31.207   616   620 E android.system.suspend@1.0-service: Error opening kernel wakelock stats for: wakeup65: Permission denied
06-06 17:05:31.207   616   620 E android.system.suspend@1.0-service: Error opening kernel wakelock stats for: wakeup27: Permission denied
06-06 17:05:31.207   616   620 E android.system.suspend@1.0-service: Error opening kernel wakelock stats for: wakeup17: Permission denied
06-06 17:05:31.207   616   620 E android.system.suspend@1.0-service: Error opening kernel wakelock stats for: wakeup45: Permission denied
06-06 17:05:31.207   616   620 E android.system.suspend@1.0-service: Error opening kernel wakelock stats for: wakeup1: Permission denied
06-06 17:05:31.208   616   620 E android.system.suspend@1.0-service: Error opening kernel wakelock stats for: wakeup35: Permission denied
06-06 17:05:31.208   616   620 E android.system.suspend@1.0-service: Error opening kernel wakelock stats for: wakeup63: Permission denied
06-06 17:05:31.208   616   620 E android.system.suspend@1.0-service: Error opening kernel wakelock stats for: wakeup25: Permission denied
06-06 17:05:31.208   616   620 E android.system.suspend@1.0-service: Error opening kernel wakelock stats for: wakeup15: Permission denied
06-06 17:05:31.209   616   620 E android.system.suspend@1.0-service: Error opening kernel wakelock stats for: wakeup43: Permission denied
06-06 17:05:31.209   616   620 E android.system.suspend@1.0-service: Error opening kernel wakelock stats for: wakeup33: Permission denied
06-06 17:05:31.209   616   620 E android.system.suspend@1.0-service: Error opening kernel wakelock stats for: wakeup61: Permission denied
06-06 17:05:31.209   616   620 E android.system.suspend@1.0-service: Error opening kernel wakelock stats for: wakeup23: Permission denied
06-06 17:05:31.209   616   620 E android.system.suspend@1.0-service: Error opening kernel wakelock stats for: wakeup8: Permission denied
06-06 17:05:31.209   616   620 E android.system.suspend@1.0-service: Error opening kernel wakelock stats for: wakeup13: Permission denied
06-06 17:05:31.210   616   620 E android.system.suspend@1.0-service: Error opening kernel wakelock stats for: wakeup41: Permission denied
06-06 17:05:31.210   616   620 E android.system.suspend@1.0-service: Error opening kernel wakelock stats for: wakeup31: Permission denied
06-06 17:05:31.210   616   620 E android.system.suspend@1.0-service: Error opening kernel wakelock stats for: wakeup21: Permission denied
06-06 17:05:31.210   616   620 E android.system.suspend@1.0-service: Error opening kernel wakelock stats for: wakeup6: Permission denied
06-06 17:05:31.210   616   620 E android.system.suspend@1.0-service: Error opening kernel wakelock stats for: wakeup68: Permission denied
06-06 17:05:31.211 10065 29103 W BatteryHistoryLoadMgr: get firstHistoryInfo time: 431512632
06-06 17:05:31.211 10065 29103 D BatteryHistoryLoadMgr: getHistoryInfo end
06-06 17:05:31.211 10065 29103 I BatteryInfoReceiver: update charge detail 80
06-06 17:05:31.212 10065 29103 I PowerUtils: Device name:veux
06-06 17:05:31.212 10065 29103 W PowerUtils: should not use this capacity value 5000
06-06 17:05:31.213 10065 29103 W BatteryChargeTimeHelper: Use min, leftChargeTime 1h35m23s988ms minChargeTime 1h39m13s846ms
06-06 17:05:31.214 10065 29103 I PowerUtils: Device name:veux
06-06 17:05:31.214 10065 29103 W PowerUtils: should not use this capacity value 5000
06-06 17:05:31.215 10065 29103 I PowerUtils: Device name:veux
06-06 17:05:31.215 10065 29103 W PowerUtils: should not use this capacity value 5000
06-06 17:05:31.216 10065 29103 I BatteryChargeTimeHelper: Mixed(default) charge time 0.43 2h13m56s467ms
06-06 17:05:31.260 29558 29558 I cr_ChildProcessService: Destroying ChildProcessService pid=29558
06-06 17:05:31.261  1803  1928 I libprocessgroup: Successfully killed process cgroup uid 90004 pid 29558 in 0ms
06-06 17:05:31.263  1803  5008 I MiuiNetworkPolicy: updateUidState uid = 90004, uidState = 19
06-06 17:05:31.272 10065 12215 W BatteryHistoryLoadMgr: get firstHistoryInfo time: 431512632
06-06 17:05:31.272 10065 12215 D BatteryHistoryLoadMgr: getHistoryInfo end
06-06 17:05:31.273 10065 12215 I PowerUtils: Device name:veux
06-06 17:05:31.273 10065 12215 W PowerUtils: should not use this capacity value 5000
06-06 17:05:31.274 10065 12215 W BatteryChargeTimeHelper: Use min, leftChargeTime 1h35m23s988ms minChargeTime 1h39m13s846ms
06-06 17:05:31.275 10065 12215 I PowerUtils: Device name:veux
06-06 17:05:31.275 10065 12215 W PowerUtils: should not use this capacity value 5000
06-06 17:05:31.276 10065 12215 I PowerUtils: Device name:veux
06-06 17:05:31.276 10065 12215 W PowerUtils: should not use this capacity value 5000
06-06 17:05:31.277 10065 12215 I BatteryChargeTimeHelper: Mixed(default) charge time 0.43 2h13m56s467ms
06-06 17:05:31.278 10065 12215 I PowerUtils: Device name:veux
06-06 17:05:31.278 10065 12215 W PowerUtils: should not use this capacity value 5000
06-06 17:05:31.279  5342  5342 I KeyguardIndicationInjector: handleChargeTextAnimation: false;powerPluggedIn=true
06-06 17:05:31.316 29189 29189 I Zygote  : Process 29558 exited due to signal 9 (Killed)
06-06 17:05:31.320   616   620 E android.system.suspend@1.0-service: Error opening kernel wakelock stats for: wakeup58: Permission denied
06-06 17:05:31.321   616   620 E android.system.suspend@1.0-service: Error opening kernel wakelock stats for: wakeup4: Permission denied
06-06 17:05:31.321  1803  5008 I MiuiNetworkPolicy: removeUidState uid = 90004
06-06 17:05:31.321   616   620 E android.system.suspend@1.0-service: Error opening kernel wakelock stats for: wakeup38: Permission denied
06-06 17:05:31.321   616   620 E android.system.suspend@1.0-service: Error opening kernel wakelock stats for: wakeup66: Permission denied
06-06 17:05:31.321   616   620 E android.system.suspend@1.0-service: Error opening kernel wakelock stats for: wakeup28: Permission denied
06-06 17:05:31.321   616   620 E android.system.suspend@1.0-service: Error opening kernel wakelock stats for: wakeup56: Permission denied
06-06 17:05:31.321   616   620 E android.system.suspend@1.0-service: Error opening kernel wakelock stats for: wakeup18: Permission denied
06-06 17:05:31.322   616   620 E android.system.suspend@1.0-service: Error opening kernel wakelock stats for: wakeup2: Permission denied
06-06 17:05:31.322   616   620 E android.system.suspend@1.0-service: Error opening kernel wakelock stats for: wakeup36: Permission denied
06-06 17:05:31.322   616   620 E android.system.suspend@1.0-service: Error opening kernel wakelock stats for: wakeup64: Permission denied
06-06 17:05:31.322   616   620 E android.system.suspend@1.0-service: Error opening kernel wakelock stats for: wakeup26: Permission denied
06-06 17:05:31.322   616   620 E android.system.suspend@1.0-service: Error opening kernel wakelock stats for: wakeup82: Permission denied
06-06 17:05:31.323   616   620 E android.system.suspend@1.0-service: Error opening kernel wakelock stats for: wakeup0: Permission denied
06-06 17:05:31.323   616   620 E android.system.suspend@1.0-service: Error opening kernel wakelock stats for: wakeup34: Permission denied
06-06 17:05:31.323   616   620 E android.system.suspend@1.0-service: Error opening kernel wakelock stats for: wakeup62: Permission denied
06-06 17:05:31.323   616   620 E android.system.suspend@1.0-service: Error opening kernel wakelock stats for: wakeup24: Permission denied
06-06 17:05:31.324   616   620 E android.system.suspend@1.0-service: Error opening kernel wakelock stats for: wakeup9: Permission denied
06-06 17:05:31.324   616   620 E android.system.suspend@1.0-service: Error opening kernel wakelock stats for: wakeup14: Permission denied
06-06 17:05:31.324   616   620 E android.system.suspend@1.0-service: Error opening kernel wakelock stats for: wakeup42: Permission denied
06-06 17:05:31.324   616   620 E android.system.suspend@1.0-service: Error opening kernel wakelock stats for: wakeup99: Permission denied
06-06 17:05:31.324   616   620 E android.system.suspend@1.0-service: Error opening kernel wakelock stats for: wakeup32: Permission denied
06-06 17:05:31.324   616   620 E android.system.suspend@1.0-service: Error opening kernel wakelock stats for: wakeup60: Permission denied
06-06 17:05:31.324   616   620 E android.system.suspend@1.0-service: Error opening kernel wakelock stats for: wakeup22: Permission denied
06-06 17:05:31.325   616   620 E android.system.suspend@1.0-service: Error opening kernel wakelock stats for: wakeup7: Permission denied
06-06 17:05:31.325   616   620 E android.system.suspend@1.0-service: Error opening kernel wakelock stats for: wakeup12: Permission denied
06-06 17:05:31.325   616   620 E android.system.suspend@1.0-service: Error opening kernel wakelock stats for: wakeup40: Permission denied
06-06 17:05:31.325   616   620 E android.system.suspend@1.0-service: Error opening kernel wakelock stats for: wakeup69: Permission denied
06-06 17:05:31.325   616   620 E android.system.suspend@1.0-service: Error opening kernel wakelock stats for: wakeup30: Permission denied
06-06 17:05:31.325   616   620 E android.system.suspend@1.0-service: Error opening kernel wakelock stats for: wakeup59: Permission denied
06-06 17:05:31.325   616   620 E android.system.suspend@1.0-service: Error opening kernel wakelock stats for: wakeup20: Permission denied
06-06 17:05:31.326   616   620 E android.system.suspend@1.0-service: Error opening kernel wakelock stats for: wakeup5: Permission denied
06-06 17:05:31.327   616   620 E android.system.suspend@1.0-service: Error opening kernel wakelock stats for: wakeup39: Permission denied
06-06 17:05:31.327   616   620 E android.system.suspend@1.0-service: Error opening kernel wakelock stats for: wakeup67: Permission denied
06-06 17:05:31.327   616   620 E android.system.suspend@1.0-service: Error opening kernel wakelock stats for: wakeup29: Permission denied
06-06 17:05:31.327   616   620 E android.system.suspend@1.0-service: Error opening kernel wakelock stats for: wakeup57: Permission denied
06-06 17:05:31.328   616   620 E android.system.suspend@1.0-service: Error opening kernel wakelock stats for: wakeup19: Permission denied
06-06 17:05:31.328   616   620 E android.system.suspend@1.0-service: Error opening kernel wakelock stats for: wakeup3: Permission denied
06-06 17:05:31.329   616   620 E android.system.suspend@1.0-service: Error opening kernel wakelock stats for: wakeup37: Permission denied
06-06 17:05:31.329   616   620 E android.system.suspend@1.0-service: Error opening kernel wakelock stats for: wakeup65: Permission denied
06-06 17:05:31.329   616   620 E android.system.suspend@1.0-service: Error opening kernel wakelock stats for: wakeup27: Permission denied
06-06 17:05:31.330   616   620 E android.system.suspend@1.0-service: Error opening kernel wakelock stats for: wakeup17: Permission denied
06-06 17:05:31.330   616   620 E android.system.suspend@1.0-service: Error opening kernel wakelock stats for: wakeup45: Permission denied
06-06 17:05:31.330   616   620 E android.system.suspend@1.0-service: Error opening kernel wakelock stats for: wakeup1: Permission denied
06-06 17:05:31.331   616   620 E android.system.suspend@1.0-service: Error opening kernel wakelock stats for: wakeup35: Permission denied
06-06 17:05:31.331   616   620 E android.system.suspend@1.0-service: Error opening kernel wakelock stats for: wakeup63: Permission denied
06-06 17:05:31.331   616   620 E android.system.suspend@1.0-service: Error opening kernel wakelock stats for: wakeup25: Permission denied
06-06 17:05:31.332   616   620 E android.system.suspend@1.0-service: Error opening kernel wakelock stats for: wakeup15: Permission denied
06-06 17:05:31.332   616   620 E android.system.suspend@1.0-service: Error opening kernel wakelock stats for: wakeup43: Permission denied
06-06 17:05:31.333   616   620 E android.system.suspend@1.0-service: Error opening kernel wakelock stats for: wakeup33: Permission denied
06-06 17:05:31.333   616   620 E android.system.suspend@1.0-service: Error opening kernel wakelock stats for: wakeup61: Permission denied
06-06 17:05:31.333   616   620 E android.system.suspend@1.0-service: Error opening kernel wakelock stats for: wakeup23: Permission denied
06-06 17:05:31.333   616   620 E android.system.suspend@1.0-service: Error opening kernel wakelock stats for: wakeup8: Permission denied
06-06 17:05:31.334   616   620 E android.system.suspend@1.0-service: Error opening kernel wakelock stats for: wakeup13: Permission denied
06-06 17:05:31.334   616   620 E android.system.suspend@1.0-service: Error opening kernel wakelock stats for: wakeup41: Permission denied
06-06 17:05:31.334   616   620 E android.system.suspend@1.0-service: Error opening kernel wakelock stats for: wakeup31: Permission denied
06-06 17:05:31.334   616   620 E android.system.suspend@1.0-service: Error opening kernel wakelock stats for: wakeup21: Permission denied
06-06 17:05:31.334   616   620 E android.system.suspend@1.0-service: Error opening kernel wakelock stats for: wakeup6: Permission denied
06-06 17:05:31.335   616   620 E android.system.suspend@1.0-service: Error opening kernel wakelock stats for: wakeup68: Permission denied
06-06 17:05:31.405  1803  1903 D CompatibilityInfo: mCompatibilityFlags - 0
06-06 17:05:31.405  1803  1903 D CompatibilityInfo: applicationDensity - 440
06-06 17:05:31.405  1803  1903 D CompatibilityInfo: applicationScale - 1.0
06-06 17:05:31.541   911 32324 I WifiHAL : event received NL80211_CMD_VENDOR, vendor_id = 0x1374, subcmd = 0xd
06-06 17:05:31.542  1551  1551 I cnss-daemon: nl80211 response handler invoked
06-06 17:05:31.542  1551  1551 I cnss-daemon: nl80211_response_handler: cmd 103, vendorID 4980, subcmd 13  received
06-06 17:05:31.612  1803  1903 D CompatibilityInfo: mCompatibilityFlags - 0
06-06 17:05:31.612  1803  1903 D CompatibilityInfo: applicationDensity - 440
06-06 17:05:31.612  1803  1903 D CompatibilityInfo: applicationScale - 1.0
06-06 17:05:31.620  1803  5910 D CompatibilityInfo: mCompatibilityFlags - 0
06-06 17:05:31.620  1803  5910 D CompatibilityInfo: applicationDensity - 440
06-06 17:05:31.620  1803  5910 D CompatibilityInfo: applicationScale - 1.0
06-06 17:05:31.644  1803  5507 D CompatibilityInfo: mCompatibilityFlags - 0
06-06 17:05:31.644  1803  5507 D CompatibilityInfo: applicationDensity - 440
06-06 17:05:31.644  1803  5507 D CompatibilityInfo: applicationScale - 1.0
06-06 17:05:32.337 29119 30238 W ChimeraUtils: Module com.google.android.gms.gcm has empty metadata display_name_string_id
06-06 17:05:32.343  1803  5910 D CompatibilityInfo: mCompatibilityFlags - 0
06-06 17:05:32.343  1803  5910 D CompatibilityInfo: applicationDensity - 440
06-06 17:05:32.343  1803  5910 D CompatibilityInfo: applicationScale - 1.0
06-06 17:05:32.360  1803  1903 D CompatibilityInfo: mCompatibilityFlags - 0
06-06 17:05:32.361  1803  1903 D CompatibilityInfo: applicationDensity - 440
06-06 17:05:32.361  1803  1903 D CompatibilityInfo: applicationScale - 1.0
06-06 17:05:32.366  1803  9611 D CompatibilityInfo: mCompatibilityFlags - 0
06-06 17:05:32.366  1803  9611 D CompatibilityInfo: applicationDensity - 440
06-06 17:05:32.366  1803  9611 D CompatibilityInfo: applicationScale - 1.0
06-06 17:05:32.378 29119 30238 W ChimeraUtils: Module com.google.android.gms.gcm has empty metadata display_name_string_id
06-06 17:05:32.381  1803  1942 D Process : audio-opt: audio thread tid = 31271 could not get bg policy.
06-06 17:05:32.383  1803  5910 D CompatibilityInfo: mCompatibilityFlags - 0
06-06 17:05:32.383  1803  5910 D CompatibilityInfo: applicationDensity - 440
06-06 17:05:32.383  1803  5910 D CompatibilityInfo: applicationScale - 1.0
06-06 17:05:32.391  1803  1903 D CompatibilityInfo: mCompatibilityFlags - 0
06-06 17:05:32.391  1803  1903 D CompatibilityInfo: applicationDensity - 440
06-06 17:05:32.391  1803  1903 D CompatibilityInfo: applicationScale - 1.0
06-06 17:05:32.397  1803  8924 D CompatibilityInfo: mCompatibilityFlags - 0
06-06 17:05:32.397  1803  8924 D CompatibilityInfo: applicationDensity - 440
06-06 17:05:32.397  1803  8924 D CompatibilityInfo: applicationScale - 1.0
06-06 17:05:32.403  1803  9611 D CompatibilityInfo: mCompatibilityFlags - 0
06-06 17:05:32.403  1803  9611 D CompatibilityInfo: applicationDensity - 440
06-06 17:05:32.403  1803  9611 D CompatibilityInfo: applicationScale - 1.0
06-06 17:05:32.406  1803  1942 D Process : audio-opt: audio thread tid = 31271 could not get bg policy.
06-06 17:05:32.411  1803  1942 D Process : audio-opt: audio thread tid = 31271 could not get bg policy.
06-06 17:05:32.417  1803  1903 D CompatibilityInfo: mCompatibilityFlags - 0
06-06 17:05:32.417  1803  1903 D CompatibilityInfo: applicationDensity - 440
06-06 17:05:32.417  1803  1903 D CompatibilityInfo: applicationScale - 1.0
06-06 17:05:32.425  1803  8924 D CompatibilityInfo: mCompatibilityFlags - 0
06-06 17:05:32.425  1803  8924 D CompatibilityInfo: applicationDensity - 440
06-06 17:05:32.425  1803  8924 D CompatibilityInfo: applicationScale - 1.0
06-06 17:05:32.505  1803  5228 D CompatibilityInfo: mCompatibilityFlags - 0
06-06 17:05:32.505  1803  5228 D CompatibilityInfo: applicationDensity - 440
06-06 17:05:32.505  1803  5228 D CompatibilityInfo: applicationScale - 1.0
06-06 17:05:32.581  1803  9611 D CompatibilityInfo: mCompatibilityFlags - 0
06-06 17:05:32.581  1803  9611 D CompatibilityInfo: applicationDensity - 440
06-06 17:05:32.581  1803  9611 D CompatibilityInfo: applicationScale - 1.0
06-06 17:05:32.611  1803  9611 D CompatibilityInfo: mCompatibilityFlags - 0
06-06 17:05:32.611  1803  9611 D CompatibilityInfo: applicationDensity - 440
06-06 17:05:32.611  1803  9611 D CompatibilityInfo: applicationScale - 1.0
06-06 17:05:32.634  1803  8924 D CompatibilityInfo: mCompatibilityFlags - 0
06-06 17:05:32.634  1803  8924 D CompatibilityInfo: applicationDensity - 440
06-06 17:05:32.634  1803  8924 D CompatibilityInfo: applicationScale - 1.0
06-06 17:05:32.657  1803  9611 D CompatibilityInfo: mCompatibilityFlags - 0
06-06 17:05:32.658  1803  9611 D CompatibilityInfo: applicationDensity - 440
06-06 17:05:32.658  1803  9611 D CompatibilityInfo: applicationScale - 1.0
06-06 17:05:32.727 19820 31066 W msgr.DefaultCloseableReference: Finalized without closing: 841d561 d119886 (type = android.graphics.Bitmap)
06-06 17:05:32.728 19820 31066 W msgr.Fresco: Finalized without closing: c30940 d119886 (type = android.graphics.Bitmap).
06-06 17:05:32.728 19820 31066 W msgr.Fresco: Stack:
06-06 17:05:32.728 19820 31066 W msgr.DefaultCloseableReference: Finalized without closing: a9af547 6a04174 (type = X.2I8)
06-06 17:05:32.728 19820 31066 W msgr.22h: Finalized without closing: 5d5e97d 6a04174 (type = X.2I8)
06-06 17:05:32.728 19820 31066 W msgr.DefaultCloseableReference: Finalized without closing: 9e5669d 65eb712 (type = X.2I8)
06-06 17:05:32.728 19820 31066 W msgr.22h: Finalized without closing: 5d5e97d 65eb712 (type = X.2I8)
06-06 17:05:32.728 19820 31066 W msgr.DefaultCloseableReference: Finalized without closing: c079ee3 83a00e0 (type = X.2I8)
06-06 17:05:32.728 19820 31066 W msgr.22h: Finalized without closing: 5d5e97d 83a00e0 (type = X.2I8)
06-06 17:05:32.803  1803  1903 D CompatibilityInfo: mCompatibilityFlags - 0
06-06 17:05:32.803  1803  1903 D CompatibilityInfo: applicationDensity - 440
06-06 17:05:32.803  1803  1903 D CompatibilityInfo: applicationScale - 1.0
06-06 17:05:32.858  1803  1903 D CompatibilityInfo: mCompatibilityFlags - 0
06-06 17:05:32.858  1803  1903 D CompatibilityInfo: applicationDensity - 440
06-06 17:05:32.858  1803  1903 D CompatibilityInfo: applicationScale - 1.0
06-06 17:05:32.879  1803  5228 D CompatibilityInfo: mCompatibilityFlags - 0
06-06 17:05:32.879  1803  5228 D CompatibilityInfo: applicationDensity - 440
06-06 17:05:32.879  1803  5228 D CompatibilityInfo: applicationScale - 1.0
06-06 17:05:32.901  1803  8924 D CompatibilityInfo: mCompatibilityFlags - 0
06-06 17:05:32.901  1803  8924 D CompatibilityInfo: applicationDensity - 440
06-06 17:05:32.901  1803  8924 D CompatibilityInfo: applicationScale - 1.0
06-06 17:05:32.920  1803  5228 D CompatibilityInfo: mCompatibilityFlags - 0
06-06 17:05:32.920  1803  5228 D CompatibilityInfo: applicationDensity - 440
06-06 17:05:32.920  1803  5228 D CompatibilityInfo: applicationScale - 1.0
06-06 17:05:32.941  1803  9611 D CompatibilityInfo: mCompatibilityFlags - 0
06-06 17:05:32.941  1803  9611 D CompatibilityInfo: applicationDensity - 440
06-06 17:05:32.941  1803  9611 D CompatibilityInfo: applicationScale - 1.0
06-06 17:05:33.014  1803  5228 D CompatibilityInfo: mCompatibilityFlags - 0
06-06 17:05:33.014  1803  5228 D CompatibilityInfo: applicationDensity - 440
06-06 17:05:33.014  1803  5228 D CompatibilityInfo: applicationScale - 1.0
06-06 17:05:33.094 19820 31138 W Notification: Bubbles work best with icons of TYPE_URI or TYPE_URI_ADAPTIVE_BITMAP. In the future, using an icon of this type will be required.
06-06 17:05:33.116 13244  2799 D androidtc: Initializing SystemTextClassifier, type = System
06-06 17:05:33.143  1803  5228 D CompatibilityInfo: mCompatibilityFlags - 0
06-06 17:05:33.143  1803  5228 D CompatibilityInfo: applicationDensity - 440
06-06 17:05:33.143  1803  5228 D CompatibilityInfo: applicationScale - 1.0
06-06 17:05:33.160  1803  8924 D CompatibilityInfo: mCompatibilityFlags - 0
06-06 17:05:33.160  1803  8924 D CompatibilityInfo: applicationDensity - 440
06-06 17:05:33.160  1803  8924 D CompatibilityInfo: applicationScale - 1.0
06-06 17:05:33.184  1803  9611 D CompatibilityInfo: mCompatibilityFlags - 0
06-06 17:05:33.184  1803  9611 D CompatibilityInfo: applicationDensity - 440
06-06 17:05:33.185  1803  9611 D CompatibilityInfo: applicationScale - 1.0
06-06 17:05:33.211  1803  8924 D CompatibilityInfo: mCompatibilityFlags - 0
06-06 17:05:33.211  1803  8924 D CompatibilityInfo: applicationDensity - 440
06-06 17:05:33.211  1803  8924 D CompatibilityInfo: applicationScale - 1.0
06-06 17:05:33.227  1803  8924 D CompatibilityInfo: mCompatibilityFlags - 0
06-06 17:05:33.227  1803  8924 D CompatibilityInfo: applicationDensity - 440
06-06 17:05:33.227  1803  8924 D CompatibilityInfo: applicationScale - 1.0
06-06 17:05:33.252  1803  8924 D CompatibilityInfo: mCompatibilityFlags - 0
06-06 17:05:33.252  1803  8924 D CompatibilityInfo: applicationDensity - 440
06-06 17:05:33.252  1803  8924 D CompatibilityInfo: applicationScale - 1.0
06-06 17:05:33.274  1803  5507 D CompatibilityInfo: mCompatibilityFlags - 0
06-06 17:05:33.274  1803  5507 D CompatibilityInfo: applicationDensity - 440
06-06 17:05:33.274  1803  5507 D CompatibilityInfo: applicationScale - 1.0
06-06 17:05:33.325  1803  9611 D CompatibilityInfo: mCompatibilityFlags - 0
06-06 17:05:33.325  1803  9611 D CompatibilityInfo: applicationDensity - 440
06-06 17:05:33.325  1803  9611 D CompatibilityInfo: applicationScale - 1.0
06-06 17:05:33.327 10065 10065 V onNotificationPostedCallBack: flags=9
06-06 17:05:33.330  5342  5342 D InterruptionStateProvider: No bubble up: not allowed to bubble: 0|com.facebook.orca|10000|GROUP:5121838391242619|10337
06-06 17:05:33.332  6431  6431 I NotificationController: onNotificationPosted: mSmartTravelNotificationMap 0
06-06 17:05:33.332  5342  5342 D InterruptionStateProvider: No alerting: snoozed package: 0|com.facebook.orca|10000|GROUP:5121838391242619|10337
06-06 17:05:33.337 16781 16781 D SpaceNotificationService: onNotificationPosted pkgname:com.facebook.orca userId:0 currentUserId:0 isFloat: true
06-06 17:05:33.337 16781 16781 D SpaceNotificationService: We don't care notifications posted from current users.
06-06 17:05:33.360  1803  5507 D CompatibilityInfo: mCompatibilityFlags - 0
06-06 17:05:33.360  1803  5507 D CompatibilityInfo: applicationDensity - 440
06-06 17:05:33.360  1803  5507 D CompatibilityInfo: applicationScale - 1.0
06-06 17:05:33.374  1803  5507 D CompatibilityInfo: mCompatibilityFlags - 0
06-06 17:05:33.374  1803  5507 D CompatibilityInfo: applicationDensity - 440
06-06 17:05:33.374  1803  5507 D CompatibilityInfo: applicationScale - 1.0
06-06 17:05:33.380  5342  5342 E ContrastColorUtil: background can not be translucent: #e6ffffff
06-06 17:05:33.384  5342  5342 I chatty  : uid=1000(system) com.android.systemui identical 1 line
06-06 17:05:33.386  5342  5342 E ContrastColorUtil: background can not be translucent: #e6ffffff
06-06 17:05:33.387  1803  8924 D CompatibilityInfo: mCompatibilityFlags - 0
06-06 17:05:33.387  1803  8924 D CompatibilityInfo: applicationDensity - 440
06-06 17:05:33.387  1803  8924 D CompatibilityInfo: applicationScale - 1.0
06-06 17:05:33.389  5342  5342 E ContrastColorUtil: background can not be translucent: #e6ffffff
06-06 17:05:33.400  5342  5342 I chatty  : uid=1000(system) com.android.systemui identical 6 lines
06-06 17:05:33.402  5342  5342 E ContrastColorUtil: background can not be translucent: #e6ffffff
06-06 17:05:33.403  1803  8924 D CompatibilityInfo: mCompatibilityFlags - 0
06-06 17:05:33.403  1803  8924 D CompatibilityInfo: applicationDensity - 440
06-06 17:05:33.403  1803  8924 D CompatibilityInfo: applicationScale - 1.0
06-06 17:05:33.404  5342  5342 E ContrastColorUtil: background can not be translucent: #e6ffffff
06-06 17:05:33.414  5342  5342 I chatty  : uid=1000(system) com.android.systemui identical 8 lines
06-06 17:05:33.415  5342  5342 E ContrastColorUtil: background can not be translucent: #e6ffffff
06-06 17:05:33.416  1803  9611 D CompatibilityInfo: mCompatibilityFlags - 0
06-06 17:05:33.416  1803  9611 D CompatibilityInfo: applicationDensity - 440
06-06 17:05:33.416  1803  9611 D CompatibilityInfo: applicationScale - 1.0
06-06 17:05:33.418  5342  5342 E ContrastColorUtil: background can not be translucent: #e6ffffff
06-06 17:05:33.427  5342  5342 I chatty  : uid=1000(system) com.android.systemui identical 9 lines
06-06 17:05:33.428  5342  5342 E ContrastColorUtil: background can not be translucent: #e6ffffff
06-06 17:05:33.430  1803  5228 D CompatibilityInfo: mCompatibilityFlags - 0
06-06 17:05:33.430  1803  5228 D CompatibilityInfo: applicationDensity - 440
06-06 17:05:33.430  1803  5228 D CompatibilityInfo: applicationScale - 1.0
06-06 17:05:33.440  5342  5342 D NotifBadge: update app badge num: com.facebook.orca/,num=34,isAllowed=true,userId=0
06-06 17:05:33.440  1803  9611 W ActivityManager: Sending non-protected broadcast android.intent.action.APPLICATION_MESSAGE_UPDATE from system 5342:com.android.systemui/1000 pkg com.android.systemui. Callers=
06-06 17:05:33.442  5189  5821 I Launcher.ApplicationsMessage: onReceive true
06-06 17:05:33.442  1803  5228 D CompatibilityInfo: mCompatibilityFlags - 0
06-06 17:05:33.442  1803  5228 D CompatibilityInfo: applicationDensity - 440
06-06 17:05:33.442  1803  5228 D CompatibilityInfo: applicationScale - 1.0
06-06 17:05:33.442  5189  5821 I Launcher.ApplicationsMessage: update com.facebook.orca/ to 34
06-06 17:05:33.455  1803  9611 D CompatibilityInfo: mCompatibilityFlags - 0
06-06 17:05:33.455  1803  9611 D CompatibilityInfo: applicationDensity - 440
06-06 17:05:33.455  1803  9611 D CompatibilityInfo: applicationScale - 1.0
06-06 17:05:33.470  1803  9611 D CompatibilityInfo: mCompatibilityFlags - 0
06-06 17:05:33.470  1803  9611 D CompatibilityInfo: applicationDensity - 440
06-06 17:05:33.470  1803  9611 D CompatibilityInfo: applicationScale - 1.0
06-06 17:05:33.485  1803  9611 D CompatibilityInfo: mCompatibilityFlags - 0
06-06 17:05:33.485  1803  9611 D CompatibilityInfo: applicationDensity - 440
06-06 17:05:33.485  1803  9611 D CompatibilityInfo: applicationScale - 1.0
06-06 17:05:33.506  1803  9611 D CompatibilityInfo: mCompatibilityFlags - 0
06-06 17:05:33.506  1803  9611 D CompatibilityInfo: applicationDensity - 440
06-06 17:05:33.506  1803  9611 D CompatibilityInfo: applicationScale - 1.0
06-06 17:05:33.544   911 32324 I WifiHAL : event received NL80211_CMD_VENDOR, vendor_id = 0x1374, subcmd = 0xd
06-06 17:05:33.544  1551  1551 I cnss-daemon: nl80211 response handler invoked
06-06 17:05:33.544  1551  1551 I cnss-daemon: nl80211_response_handler: cmd 103, vendorID 4980, subcmd 13  received
06-06 17:05:33.553  1803  9611 D CompatibilityInfo: mCompatibilityFlags - 0
06-06 17:05:33.553  1803  9611 D CompatibilityInfo: applicationDensity - 440
06-06 17:05:33.553  1803  9611 D CompatibilityInfo: applicationScale - 1.0
06-06 17:05:33.602 19820 31138 W Notification: Bubbles work best with icons of TYPE_URI or TYPE_URI_ADAPTIVE_BITMAP. In the future, using an icon of this type will be required.
06-06 17:05:33.620 13244  2799 D androidtc: Initializing SystemTextClassifier, type = System
06-06 17:05:33.642 13244 22856 E txtClsf : actions-suggestions.cc:1450: Messages are not sorted most recent last.
06-06 17:05:33.657 13244 13258 W id.ext.service: Reducing the number of considered missed Gc histogram windows from 222 to 100
06-06 17:05:33.848  5342  5342 D InterruptionStateProvider: No bubble up: not allowed to bubble: 0|com.facebook.orca|10000|GROUP:5121838391242619|10337
06-06 17:05:33.849  5342  5342 D InterruptionStateProvider: No alerting: snoozed package: 0|com.facebook.orca|10000|GROUP:5121838391242619|10337
06-06 17:05:33.853 10065 10065 V onNotificationPostedCallBack: flags=9
06-06 17:05:33.857 16781 16781 D SpaceNotificationService: onNotificationPosted pkgname:com.facebook.orca userId:0 currentUserId:0 isFloat: true
06-06 17:05:33.858 16781 16781 D SpaceNotificationService: We don't care notifications posted from current users.
06-06 17:05:33.862  6431  6431 I NotificationController: onNotificationPosted: mSmartTravelNotificationMap 0
06-06 17:05:33.880  5342  5342 E ContrastColorUtil: background can not be translucent: #e6ffffff
06-06 17:05:33.911  5342  5342 I chatty  : uid=1000(system) com.android.systemui identical 30 lines
06-06 17:05:33.912  5342  5342 E ContrastColorUtil: background can not be translucent: #e6ffffff
06-06 17:05:34.377  1803  5910 D CompatibilityInfo: mCompatibilityFlags - 0
06-06 17:05:34.377  1803  5910 D CompatibilityInfo: applicationDensity - 440
06-06 17:05:34.377  1803  5910 D CompatibilityInfo: applicationScale - 1.0
06-06 17:05:34.410  8866 12214 I com.miui.daemo: oneway function results will be dropped but finished with status OK and parcel size 4
06-06 17:05:34.411  8866 12214 I com.miui.daemo: oneway function results will be dropped but finished with status OK and parcel size 4
06-06 17:05:34.475 19820 31066 W msgr.DefaultCloseableReference: Finalized without closing: 9e0b3e0 abb0699 (type = X.2I8)
06-06 17:05:34.475 19820 31066 W msgr.22h: Finalized without closing: 5d5e97d abb0699 (type = X.2I8)
06-06 17:05:34.475 19820 31066 W msgr.DefaultCloseableReference: Finalized without closing: fa9d5e b5bd53f (type = X.2I8)
06-06 17:05:34.475 19820 31066 W msgr.22h: Finalized without closing: 5d5e97d b5bd53f (type = X.2I8)
06-06 17:05:34.475 19820 31066 W msgr.DefaultCloseableReference: Finalized without closing: ecd2e0c aac7355 (type = X.2I8)
06-06 17:05:34.475 19820 31066 W msgr.22h: Finalized without closing: 5d5e97d aac7355 (type = X.2I8)
06-06 17:05:34.476 19820 31066 W msgr.DefaultCloseableReference: Finalized without closing: f4f316a 7c2865b (type = android.graphics.Bitmap)
06-06 17:05:34.476 19820 31066 W msgr.Fresco: Finalized without closing: c30940 7c2865b (type = android.graphics.Bitmap).
06-06 17:05:34.476 19820 31066 W msgr.Fresco: Stack:
06-06 17:05:34.476 19820 31066 W msgr.DefaultCloseableReference: Finalized without closing: 8251ef8 30defd1 (type = X.2I8)
06-06 17:05:34.476 19820 31066 W msgr.22h: Finalized without closing: 5d5e97d 30defd1 (type = X.2I8)
06-06 17:05:34.476 19820 31066 W msgr.DefaultCloseableReference: Finalized without closing: 8a6fa36 b192d37 (type = X.2I8)
06-06 17:05:34.476 19820 31066 W msgr.22h: Finalized without closing: 5d5e97d b192d37 (type = X.2I8)
06-06 17:05:34.477 19820 31066 W msgr.DefaultCloseableReference: Finalized without closing: 50932a4 130b80d (type = X.2I8)
06-06 17:05:34.477 19820 31066 W msgr.22h: Finalized without closing: 5d5e97d 130b80d (type = X.2I8)
06-06 17:05:34.479 19820 31066 W msgr.DefaultCloseableReference: Finalized without closing: e083c2 1c965d3 (type = X.2I8)
06-06 17:05:34.479 19820 31066 W msgr.22h: Finalized without closing: 5d5e97d 1c965d3 (type = X.2I8)
06-06 17:05:34.479 19820 31066 W msgr.DefaultCloseableReference: Finalized without closing: 3f8d510 c3dc809 (type = X.2I8)
06-06 17:05:34.479 19820 31066 W msgr.22h: Finalized without closing: 5d5e97d c3dc809 (type = X.2I8)
06-06 17:05:34.679  8866 12214 I com.miui.daemo: oneway function results will be dropped but finished with status OK and parcel size 4
06-06 17:05:34.680  8866 12214 I com.miui.daemo: oneway function results will be dropped but finished with status OK and parcel size 4
06-06 17:05:35.404  1803 11137 D CompatibilityInfo: mCompatibilityFlags - 0
06-06 17:05:35.404  1803 11137 D CompatibilityInfo: applicationDensity - 440
06-06 17:05:35.404  1803 11137 D CompatibilityInfo: applicationScale - 1.0
06-06 17:05:35.436  1803  9611 D CompatibilityInfo: mCompatibilityFlags - 0
06-06 17:05:35.436  1803  9611 D CompatibilityInfo: applicationDensity - 440
06-06 17:05:35.436  1803  9611 D CompatibilityInfo: applicationScale - 1.0
