06-06 17:04:16.811 30815 30846 I TestRunner: started: recycler_view_item_count(com.example.dogglers.VerticalListTests)
06-06 17:04:16.827  1803  2751 D MIUIInput: [MotionEvent] publisher action=0x1, 243490148, channel '8488e95 com.android.settings/com.android.settings.SubSettings (server)'
06-06 17:04:16.828   921   921 E ANDR-PERF-MPCTL: Active req limit reached, No optimizations performed
06-06 17:04:16.828   921   921 E ANDR-PERF-MPCTL: Active req limit reached, No optimizations performed
06-06 17:04:16.844 30815 30846 W Settings: Setting always_finish_activities has moved from android.provider.Settings.System to android.provider.Settings.Global, returning read-only value.
06-06 17:04:16.862  1803 11137 D MiuiMultiWindowAdapter: getFreeformBlackList: Origin Logic
06-06 17:04:16.862  1803 11137 D MiuiMultiWindowAdapter: MiuiMultiWindowAdapter::getFreeformBlackList::sSmallWindowBlackList = [com.miui.securitycenter, com.miui.miservice, com.xiaomi.calendar, com.android.contacts, com.miui.mishare.connectivity, com.android.settings, com.android.printspooler, com.miui.backup, com.miui.huanji, com.miui.calculator, com.android.thememanager, com.mfashiongallery.emag, com.miui.virtualsim, com.miui.smarttravel, com.mi.health, com.android.camera, com.lbe.security.miui, com.miui.cleanmaster, com.miui.newhome, com.miui.voiceassist, com.android.phone, com.miui.yellowpage, com.android.updater, com.miui.tsmclient, com.miui.securitycore, com.xiaomi.account, com.xiaomi.shop, com.mipay.wallet, com.xiaomi.youpin, com.xiaomi.hm.health, com.miui.bugreport, com.xiaomi.mibrain.speech, com.xiaomi.mimoji, com.xiaomi.scanner, com.duokan.phone.remotecontroller, com.miui.hybrid, com.miui.video, com.miui.videoplayer, com.miui.fm, com.miui.packageinstaller, com.mi.android.globallauncher, com.mi.android.globallauncher-poco, com.google.android.dialer, com.google.android.apps.magazines, com.miui.compass, com.miui.greenguard, com.kiteguard, com.google.android.apps.prodcasts, com.google.ar.lens, com.xiangkan.android, com.android.bankabc, com.sohu.inputmethod.sogou, com.tencent.mtt, com.shyz.toutiao, com.netease.mc.mi, com.outfit7.talkingtomgoldrun.mi, com.doudz.mi, com.wepie.snake.new.mi, cn.jj, com.standddz002.mi, com.miHoYo.bh3.mi, com.qqgame.hlddz, com.happyelements.AndroidAnimal, com.minitech.miniworld.TMobile.mi, com.mfp.jelly.xiaomi, com.lilithgames.afk.mi, com.tencent.peng, com.teenpatti.hd.gold, blockpuzzle.jewelgames.jewelslegend, com.playgendary.tanks, com.chillingo.robberybobfree.android.row, com.episodeinteractive.android.catalog, com.playrix.township, com.ansangha.drdriving, com.google.android.youtube, com.gbits.atm.mi, com.tencent.tetris, com.sukhavati.gotoplaying.bubble.BubbleShooter.mint, com.block.puzzle.game.hippo.mi, com.youzu.bs.mi, com.baidu.BaiduMap, com.google.android.googlequicksearchbox, com.appsomniacs.da2, com.android.stk, com.feiyu.carrot3.mi, com.popcap.pvz2cthdxm, com.mxtech.videoplayer.ad, cn.cisc, com.kiloo.subwaysurf, com.cncyj.mostbrain, pdf.tap.scanner, com.og.ttddz.mi, com.ximalaya.ting.lite, com.google.android.apps.podcasts, com.google.android.apps.googleassistant, com.netease.onmyoji.mi, com.netease.onmyoji.bili, com.netease.mrzh.mi, com.netease.mrzh.bili, com.tencent.tmgp.yys.zqb, com.google.android.gm, com.google.android.calendar, com.android.chrome, com.google.android.apps.youtube.music, com.netease.pes.huawei, com.netease.pes.mi, com.netease.pes.bili, com.flyfish.supermario, com.picsart.studio, com.netease.dwrg.mi, com.netease.dwrg.bili, com.netease.dwrg.nearme.gamecenter, com.netease.dwrg, com.netease.dwrg.huawei, com.tencent.tmgp.dwrg, com.netease.dwrg.m4399, com.netease.dwrg.mz, com.netease.dwrg.aligames, com.netease.dwrg.baidu, com.netease.dwrg.qihoo, com.moji.mjweather, com.tencent.tmgp.kof98, com.netease.onmyoji, com.taobao.idlefish, com.ledou.mhhy.mi, com.hzfy.ddzbs.mi, com.qsmy.walkmonkey, com.fy.bzzbc.mi, com.dw.xprqj.mi]
06-06 17:04:17.069  1803  2751 D MIUIInput: [MotionEvent] publisher action=0x4, 243490390, channel 'de5e376 NavigationBar0 (server)'
06-06 17:04:17.069  1803  2751 D MIUIInput: [MotionEvent] publisher action=0x0, 243490390, channel '8488e95 com.android.settings/com.android.settings.SubSettings (server)'
06-06 17:04:17.130   921   921 E ANDR-PERF-MPCTL: Active req limit reached, No optimizations performed
06-06 17:04:17.131   921   921 E ANDR-PERF-MPCTL: Active req limit reached, No optimizations performed
06-06 17:04:17.138   990   990 W BufferQueueLayer: [com.android.settings/com.android.settings.SubSettings#0] Timestamp 243490458589718 seems implausible relative to expectedPresent 0
06-06 17:04:17.138   990   990 W BufferQueueLayer: [com.android.settings/com.android.settings.SubSettings#0] Timestamp 243490458589718 seems implausible relative to expectedPresent 0
06-06 17:04:17.298  1803  5008 I MiuiNetworkPolicy: updateUidState uid = 10270, uidState = 19
06-06 17:04:17.313  1803  2751 D MIUIInput: [MotionEvent] publisher action=0x1, 243490632, channel '8488e95 com.android.settings/com.android.settings.SubSettings (server)'
06-06 17:04:17.315   921   921 E ANDR-PERF-MPCTL: Active req limit reached, No optimizations performed
06-06 17:04:17.317   921   921 E ANDR-PERF-MPCTL: Active req limit reached, No optimizations performed
06-06 17:04:17.423   911 32324 I WifiHAL : event received NL80211_CMD_VENDOR, vendor_id = 0x1374, subcmd = 0xd
06-06 17:04:17.424  1551  1551 I cnss-daemon: nl80211 response handler invoked
06-06 17:04:17.424  1551  1551 I cnss-daemon: nl80211_response_handler: cmd 103, vendorID 4980, subcmd 13  received
06-06 17:04:17.539 29946 29946 W TcmReceiver: type=1400 audit(0.0:10458249): avc: denied { write } for name="tcm" dev="tmpfs" ino=348 scontext=u:r:theme:s0 tcontext=u:object_r:vendor_dpmtcm_socket:s0 tclass=sock_file permissive=0
06-06 17:04:17.580  1803  2751 D MIUIInput: [MotionEvent] publisher action=0x4, 243490901, channel 'de5e376 NavigationBar0 (server)'
06-06 17:04:17.580  1803  2751 D MIUIInput: [MotionEvent] publisher action=0x0, 243490901, channel '8488e95 com.android.settings/com.android.settings.SubSettings (server)'
06-06 17:04:17.637   921   921 E ANDR-PERF-MPCTL: Active req limit reached, No optimizations performed
06-06 17:04:17.638   921   921 E ANDR-PERF-MPCTL: Active req limit reached, No optimizations performed
06-06 17:04:17.645   990   990 W BufferQueueLayer: [com.android.settings/com.android.settings.SubSettings#0] Timestamp 243490965864040 seems implausible relative to expectedPresent 0
06-06 17:04:17.645   990   990 W BufferQueueLayer: [com.android.settings/com.android.settings.SubSettings#0] Timestamp 243490965864040 seems implausible relative to expectedPresent 0
06-06 17:04:17.689  1803  2751 D MIUIInput: [MotionEvent] publisher action=0x1, 243491011, channel '8488e95 com.android.settings/com.android.settings.SubSettings (server)'
06-06 17:04:17.691   921   921 E ANDR-PERF-MPCTL: Active req limit reached, No optimizations performed
06-06 17:04:17.692   921   921 E ANDR-PERF-MPCTL: Active req limit reached, No optimizations performed
06-06 17:04:17.891  1803  2751 D MIUIInput: [MotionEvent] publisher action=0x4, 243491212, channel 'de5e376 NavigationBar0 (server)'
06-06 17:04:17.891  1803  2751 D MIUIInput: [MotionEvent] publisher action=0x0, 243491212, channel '8488e95 com.android.settings/com.android.settings.SubSettings (server)'
06-06 17:04:17.896 30815 30840 I xample.doggler: ProcessProfilingInfo new_methods=233 is saved saved_to_disk=1 resolve_classes_delay=8000
06-06 17:04:17.955   921   921 E ANDR-PERF-MPCTL: Active req limit reached, No optimizations performed
06-06 17:04:17.956   921   921 E ANDR-PERF-MPCTL: Active req limit reached, No optimizations performed
06-06 17:04:18.076  1803  2751 D MIUIInput: [MotionEvent] publisher action=0x1, 243491396, channel '8488e95 com.android.settings/com.android.settings.SubSettings (server)'
06-06 17:04:18.080   921   921 E ANDR-PERF-MPCTL: Active req limit reached, No optimizations performed
06-06 17:04:18.494  1803  2751 D MIUIInput: [MotionEvent] publisher action=0x0, 243491814, channel 'c01dee7 GestureStubBottom (server)'
06-06 17:04:18.496  5189  5896 D GestureStubView: onTouch ACTION_DOWN sendMessageDelayed MSG_CHECK_GESTURE_STUB_TOUCHABLE
06-06 17:04:18.496  5189  5896 D GesturesBackController: onPointerEvent swipeStatus:1
06-06 17:04:18.496  5189  5896 D GesturesBackController: mSwipeStatus != SWIPE_STATUS_ANIMATING, processPointerEvent
06-06 17:04:18.509  5189  5896 D GesturesBackController: onPointerEvent swipeStatus:8
06-06 17:04:18.509  5189  5896 D GesturesBackController: mSwipeStatus != SWIPE_STATUS_ANIMATING, processPointerEvent
06-06 17:04:18.511  5189  5896 D GesturesBackController: onPointerEvent swipeStatus:8
06-06 17:04:18.511  5189  5896 D GestureStubView: onSwipeStart: needAnimation: true
06-06 17:04:18.512  5189  5896 D GestureStubView: renderView
06-06 17:04:18.512  5189  5896 D GesturesBackController: onPointerEvent MotionEvent.ACTION_MOVE processMiuiGestures
06-06 17:04:18.512  5189  5896 D GesturesBackController: mSwipeStatus != SWIPE_STATUS_ANIMATING, processPointerEvent
06-06 17:04:18.514   921   921 E ANDR-PERF-MPCTL: Active req limit reached, No optimizations performed
06-06 17:04:18.515   921   921 E ANDR-PERF-MPCTL: Active req limit reached, No optimizations performed
06-06 17:04:18.529  5189  5896 D GesturesBackController: onPointerEvent swipeStatus:2
06-06 17:04:18.529  5189  5896 D GesturesBackController: onPointerEvent MotionEvent.ACTION_MOVE processMiuiGestures
06-06 17:04:18.530  5189  5896 D GesturesBackController: mSwipeStatus != SWIPE_STATUS_ANIMATING, processPointerEvent
06-06 17:04:18.535   990   990 W BufferQueueLayer: [com.android.settings/com.android.settings.SubSettings#0] Timestamp 243491851132894 seems implausible relative to expectedPresent 0
06-06 17:04:18.535   990   990 W BufferQueueLayer: [GestureStubLeft#0] Timestamp 243491855655290 seems implausible relative to expectedPresent 0
06-06 17:04:18.535   990   990 W BufferQueueLayer: [com.android.settings/com.android.settings.SubSettings#0] Timestamp 243491851132894 seems implausible relative to expectedPresent 0
06-06 17:04:18.535   990   990 W BufferQueueLayer: [GestureStubLeft#0] Timestamp 243491855655290 seems implausible relative to expectedPresent 0
06-06 17:04:18.542  5189  5896 D GesturesBackController: onPointerEvent swipeStatus:2
06-06 17:04:18.542  5189  5896 D GesturesBackController: onPointerEvent MotionEvent.ACTION_MOVE processMiuiGestures
06-06 17:04:18.542  5189  5896 D GesturesBackController: mSwipeStatus != SWIPE_STATUS_ANIMATING, processPointerEvent
06-06 17:04:18.552  1803  5008 I MiuiNetworkPolicy: updateUidState uid = 10262, uidState = 10
06-06 17:04:18.547 29946 29946 W TcmReceiver: type=1400 audit(0.0:10458250): avc: denied { write } for name="tcm" dev="tmpfs" ino=348 scontext=u:r:theme:s0 tcontext=u:object_r:vendor_dpmtcm_socket:s0 tclass=sock_file permissive=0
06-06 17:04:18.554  1803  5008 I MiuiNetworkPolicy: updateUidState uid = 10262, uidState = 19
06-06 17:04:18.559  5189  5896 D GesturesBackController: onPointerEvent swipeStatus:2
06-06 17:04:18.559  5189  5896 D GesturesBackController: onPointerEvent MotionEvent.ACTION_MOVE processMiuiGestures
06-06 17:04:18.559  5189  5896 D GesturesBackController: mSwipeStatus != SWIPE_STATUS_ANIMATING, processPointerEvent
06-06 17:04:18.576  5189  5896 D GesturesBackController: onPointerEvent swipeStatus:2
06-06 17:04:18.576  5189  5896 D GesturesBackController: onPointerEvent MotionEvent.ACTION_MOVE processMiuiGestures
06-06 17:04:18.576  5189  5896 D GesturesBackController: mSwipeStatus != SWIPE_STATUS_ANIMATING, processPointerEvent
06-06 17:04:18.592  5189  5896 D GesturesBackController: onPointerEvent swipeStatus:2
06-06 17:04:18.592  5189  5896 D GesturesBackController: onPointerEvent MotionEvent.ACTION_MOVE processMiuiGestures
06-06 17:04:18.592  5189  5896 D GesturesBackController: mSwipeStatus != SWIPE_STATUS_ANIMATING, processPointerEvent
06-06 17:04:18.601  1803  2751 D MIUIInput: [MotionEvent] publisher action=0x1, 243491922, channel 'c01dee7 GestureStubBottom (server)'
06-06 17:04:18.601  5189  5896 D GesturesBackController: onPointerEvent swipeStatus:2
06-06 17:04:18.601  5189  5896 D GesturesBackController: onPointerEvent MotionEvent.ACTION_MOVE processMiuiGestures
06-06 17:04:18.601  5189  5896 D GesturesBackController: mSwipeStatus != SWIPE_STATUS_ANIMATING, processPointerEvent
06-06 17:04:18.601  5189  5896 D GestureStubView: ACTION_UP: mIsGestureStarted: true mIsGestureAnimationEnabled: true
06-06 17:04:18.601  5189  5896 D GesturesBackController: onPointerEvent swipeStatus:2
06-06 17:04:18.601  5189  5896 D GestureStubView: onSwipeStop
06-06 17:04:18.601  5189  5896 D GestureStubView: injectKeyEvent keyCode:4
06-06 17:04:18.603   921   921 E ANDR-PERF-MPCTL: Active req limit reached, No optimizations performed
06-06 17:04:18.604  1803  1866 W ActivityManager: Sending non-protected broadcast miui.intent.KEYCODE_BACK from system 1803:system/1000 pkg android. Callers=com.android.server.am.ActivityManagerService.broadcastIntentLocked:17079 com.android.server.am.ActivityManagerService.broadcastIntentLocked:16496 com.android.server.am.ActivityManagerService.broadcastIntentWithFeature:17334 android.app.ContextImpl.sendBroadcastAsUser:1300 com.android.server.policy.BaseMiuiPhoneWindowManager$16.run:2799
06-06 17:04:18.604  1803  1866 W ActivityManager: Sending non-protected broadcast miui.intent.KEYCODE_BACK from system 1803:system/1000 pkg android. Callers=com.android.server.am.ActivityManagerService.broadcastIntentLocked:17177 com.android.server.am.ActivityManagerService.broadcastIntentLocked:16496 com.android.server.am.ActivityManagerService.broadcastIntentWithFeature:17334 android.app.ContextImpl.sendBroadcastAsUser:1300 com.android.server.policy.BaseMiuiPhoneWindowManager$16.run:2799
06-06 17:04:18.604  5189  5896 D GesturesBackController: onPointerEvent MotionEvent.ACTION_UP stopGestures isFinish:true speed:3
06-06 17:04:18.604  5189  5896 D GesturesBackController: mSwipeStatus != SWIPE_STATUS_ANIMATING, processPointerEvent
06-06 17:04:18.605  1803  1866 W ActivityManager: Sending non-protected broadcast miui.intent.KEYCODE_BACK from system 1803:system/1000 pkg android. Callers=com.android.server.am.ActivityManagerService.broadcastIntentLocked:17079 com.android.server.am.ActivityManagerService.broadcastIntentLocked:16496 com.android.server.am.ActivityManagerService.broadcastIntentWithFeature:17334 android.app.ContextImpl.sendBroadcastAsUser:1300 com.android.server.policy.BaseMiuiPhoneWindowManager$16.run:2799
06-06 17:04:18.605 19819 19819 D MIUIInput: [KeyEvent] ViewRootImpl KeyEvent { action=ACTION_DOWN, keyCode=KEYCODE_BACK, scanCode=0, metaState=0, flags=0x8, repeatCount=0, eventTime=243491923, downTime=243491923, deviceId=-1, source=0x101, displayId=0 }
06-06 17:04:18.605  1803  1866 W ActivityManager: Sending non-protected broadcast miui.intent.KEYCODE_BACK from system 1803:system/1000 pkg android. Callers=com.android.server.am.ActivityManagerService.broadcastIntentLocked:17177 com.android.server.am.ActivityManagerService.broadcastIntentLocked:16496 com.android.server.am.ActivityManagerService.broadcastIntentWithFeature:17334 android.app.ContextImpl.sendBroadcastAsUser:1300 com.android.server.policy.BaseMiuiPhoneWindowManager$16.run:2799
06-06 17:04:18.605  1803  2751 D MIUIInput: [KeyEvent] publisher action:0x0,  keyCode:4 , 243491923,channel '8488e95 com.android.settings/com.android.settings.SubSettings (server)'
06-06 17:04:18.606 19819 19819 D MIUIInput: [KeyEvent] ViewRootImpl KeyEvent { action=ACTION_UP, keyCode=KEYCODE_BACK, scanCode=0, metaState=0, flags=0x8, repeatCount=0, eventTime=243491923, downTime=243491923, deviceId=-1, source=0x101, displayId=0 }
06-06 17:04:18.607  1803  2751 D MIUIInput: [KeyEvent] publisher action:0x1,  keyCode:4 , 243491923,channel '8488e95 com.android.settings/com.android.settings.SubSettings (server)'
06-06 17:04:18.608  5189  5757 D LauncherFsGestureCompat: componentName is com.android.settings/.SubSettings
06-06 17:04:18.633  1535  1746 V C2Store : in ~ComponentModule
06-06 17:04:18.633  1535  1746 V C2Store : unloading dll
06-06 17:04:18.633   950  1213 I Codec2-Component: Client died ! release the component !!
06-06 17:04:18.634   950 28382 I QC2Comp : [avcD_2636] Stats: Pending(0) i/p-done(0) Works: Q: 0/Done 0|Work-Rate: Q(0.0/s Avg=0.0/s) Done(0.000/s Avg=0.000/s)| Stream: 30.00fps 0.0Kbps
06-06 17:04:18.634   950 28382 I QC2Comp : Mem-usage:
06-06 17:04:18.634   950 28382 I QC2Comp : Total Mem-usage: 0.000 MB
06-06 17:04:18.634   950 28382 I QC2Comp : NOTE: handleReleaseCodec returning: 0 (OK=0)
06-06 17:04:18.634  1364 12858 E mediaserver: unlinkToDeath: removed reference to death recipient but unlink failed.
06-06 17:04:18.634  1364 12858 E IPCThreadState: attemptIncStrongHandle(2): Not supported
06-06 17:04:18.635   950  1213 I QC2Comp : NOTE: Release returning: 0 (OK=0)
06-06 17:04:18.635  1803 11137 D ActivityTrigger: ActivityTrigger activityPauseTrigger
06-06 17:04:18.635   950  1213 I QC2CompStore: Deleting component(c2.qti.avc.decoder) id(2636)
06-06 17:04:18.637   756   756 I Zygote  : Process 28230 exited due to signal 9 (Killed)
06-06 17:04:18.638   950  1213 I QC2Comp : [avcD_2636] Deallocated component c2.qti.avc.decoder [id=2636]
06-06 17:04:18.638   950  1213 E ANDR-PERF-TP: ~PerfThreadPool() 389: ~PerfThreadPool
06-06 17:04:18.641  1803  1928 I libprocessgroup: Successfully killed process cgroup uid 10337 pid 28230 in 65ms
06-06 17:04:18.642  5189  5189 D EventBus: No subscribers registered for event class com.miui.home.recents.messages.TaskSnapshotChangedEvent
06-06 17:04:18.642  5189  5189 D EventBus: No subscribers registered for event class org.greenrobot.eventbus.NoSubscriberEvent
06-06 17:04:18.657 19819 19819 D FiveGViceSAPreferenceController: onPause
06-06 17:04:18.659  1803  5008 I MiuiNetworkPolicy: removeUidState uid = 10337
06-06 17:04:18.663  1803  9796 D MIUIInput: [FoucsChange]: Display  0 FocusedWindow From Window{8488e95 mode=0 rootTaskId=6377 u0 com.android.settings/com.android.settings.SubSettings}(1,1)  to null(0,0)
06-06 17:04:18.664  1803  5075 D ProcessManager: skip notify foregroundAppInfo:ApplicationInfo{7975040 com.android.settings}
06-06 17:04:18.680  1803  9796 D CompatibilityInfo: mCompatibilityFlags - 0
06-06 17:04:18.680  1803  9796 D CompatibilityInfo: applicationDensity - 440
06-06 17:04:18.681  1803  9796 D CompatibilityInfo: applicationScale - 1.0
06-06 17:04:18.682  1803  5008 I MiuiNetworkPolicy: updateUidState uid = 10208, uidState = 3
06-06 17:04:18.687 19819 19819 I MiuiSettings: onResume: needUpdateHeader: false, and vpnConfiguredStatus = : 0
06-06 17:04:18.691  5189  5189 D RecentsImpl: mActivityStateObserver com.android.settings.MiuiSettings
06-06 17:04:18.692  5189  5189 W RecentsImpl: onResumed className=com.android.settings.MiuiSettings   mIsInAnotherPro=false   isKeyguardLocked=false
06-06 17:04:18.692  5189  5896 W RecentsImpl: disableTouchBySwipeStatusBar    disable=false
06-06 17:04:18.692  5189  5898 D RecentsImpl: showNavStubView
06-06 17:04:18.692  5189  5896 D GestureStubView_Touch: disableTouchBySwipeStatusBar    old=false   new=false
06-06 17:04:18.692  5189  5898 D NavStubView_Touch: setKeepHidden    old=false   new=false
06-06 17:04:18.692  5189  5896 D GestureStubView_Touch: disableTouchBySwipeStatusBar    old=false   new=false
06-06 17:04:18.692  5189  5896 W RecentsImpl: disableBackStubWindow    disableTouch=false
06-06 17:04:18.692  5189  5896 D GestureStubView_Touch: disableTouch    old=false   new=false
06-06 17:04:18.692  5189  5896 D GestureStubView_Touch: disableTouch    old=false   new=false
06-06 17:04:18.693  5189  5896 D RecentsImpl: showBackStubWindow  hasNavigationBar=true
06-06 17:04:18.693  5189  5896 D GestureStubView_Touch: setKeepHidden    old=false   new=false
06-06 17:04:18.693  5189  5896 W GestureStubView: adaptRotation   currentRotation=0   mRotation=0
06-06 17:04:18.694  5189  5896 D GestureStubView: resetRenderProperty: showGestureStub
06-06 17:04:18.694  5189  5896 D GestureStubView_Touch: disableTouch    old=false   new=false
06-06 17:04:18.694  5189  5896 D GestureStubView: showGestureStub
06-06 17:04:18.698   990  2773 D FrameIndicator: support status: 1 0x7a29ba1018 0x7a29ba14c4
06-06 17:04:18.698  5189  5896 D GestureStubView: gatherTransparentRegion: need render w:54  h:1440
06-06 17:04:18.704 19819 19819 D FrameIndicator: support status: 1 0x79591e7018 0x79591e74c4
06-06 17:04:18.704 19819 19819 D FrameIndicator: support status: 1 0x79591e7018 0x79591e74c4
06-06 17:04:18.711  5189  5896 W GestureStubView: adaptRotation   currentRotation=0   mRotation=0
06-06 17:04:18.711  5189  5896 D GestureStubView: resetRenderProperty: MSG_RESET_ANIMATING_STATUS
06-06 17:04:18.711  5189  5896 D GestureStubView: reset animating status
06-06 17:04:18.728 29887 29906 D SuggestionParser: Day 91 for com.android.settings.suggested.category.DEFERRED_SETUP
06-06 17:04:18.729 29887 29906 D CandidateSuggestionFilter: filterCandidates duration: 0
06-06 17:04:18.729 29887 29906 D SuggestionParser: Day 83 for com.android.settings.suggested.category.HIGH_PRIORITY
06-06 17:04:18.734 29887 29906 D CandidateSuggestionFilter: filterCandidates duration: 0
06-06 17:04:18.734 29887 29906 D SuggestionParser: Day 83 for com.android.settings.suggested.category.FIRST_IMPRESSION
06-06 17:04:18.747  1803  9774 D MIUIInput: [FoucsChange]: Display  0 FocusedWindow From null(0,0)  to Window{5ea37ad mode=0 rootTaskId=6377 u0 com.android.settings/com.android.settings.MainSettings}(1,1)
06-06 17:04:18.748  5189  5896 D GestureStubView: gatherTransparentRegion: need render w:54  h:1440
06-06 17:04:18.760  5189  5896 D GestureStubView: gatherTransparentRegion: need render w:54  h:1440
06-06 17:04:18.761  5342  5365 I ndroid.systemu: NativeAlloc concurrent copying GC freed 653982(22MB) AllocSpace objects, 0(0B) LOS objects, 50% free, 23MB/46MB, paused 43us total 118.087ms
06-06 17:04:18.767  5189  5757 D RecentsModel: onTaskStackChangedBackground
06-06 17:04:18.768  5189  5955 D RecentsModel: onTaskStackChangedBackground    MSG_TASK_STACK_CHANGE
06-06 17:04:18.768  5189  5955 D RecentsModel: preloadRecents
06-06 17:04:18.768  5189  5955 W RecentsModel: getRunningTask
06-06 17:04:18.770  9490  9490 I GoogleInputMethodService: GoogleInputMethodService.onFinishInput():3204
06-06 17:04:18.772  5189  5955 W RecentsModel: getRunningTask   taskInfo=TaskInfo{userId=0 pcFlags:0 stackId=6377 taskId=6377 displayId=0 isRunning=true baseIntent=Intent { act=android.intent.action.MAIN cat=[android.intent.category.LAUNCHER] flg=0x10200000 cmp=com.android.settings/.MainSettings } baseActivity=ComponentInfo{com.android.settings/com.android.settings.MainSettings} topActivity=ComponentInfo{com.android.settings/com.android.settings.MiuiSettings} origActivity=ComponentInfo{com.android.settings/com.android.settings.MainSettings} realActivity=ComponentInfo{com.android.settings/com.android.settings.MiuiSettings} numActivities=1 lastActiveTime=518531227 supportsSplitScreenMultiWindow=true resizeMode=1 isResizeable=true token=android.window.WindowContainerToken@e4f5628 topActivityType=1 pictureInPictureParams=null topActivityInfo=ActivityInfo{46bb604 com.android.settings.MainSettings} windowMode=1 requestedOrientation=1
06-06 17:04:18.772  5189  5955 W RecentsModel: getTaskInfoIgnoreHomeAndFreeform   taskInfo=ComponentInfo{com.android.settings/com.android.settings.MainSettings}
06-06 17:04:18.772  9490  9490 I GoogleInputMethodService: GoogleInputMethodService.updateDeviceLockedStatus():2100 checkRepeatedly = false, unlocked = true
06-06 17:04:18.772  9490  9490 I GoogleInputMethodService: GoogleInputMethodService.onStartInput():1903 onStartInput(EditorInfo{inputType=0x1(Normal) imeOptions=0x8000005 privateImeOptions=null actionName=NEXT actionLabel=null actionId=0 initialSelStart=9 initialSelEnd=9 initialCapsMode=0x0 hintText=null label=null packageName=com.android.settings fieldId=16908297 fieldName=null extras=null}, false)
06-06 17:04:18.774  9490  9490 I GoogleInputMethodService: GoogleInputMethodService.updateDeviceLockedStatus():2100 checkRepeatedly = true, unlocked = true
06-06 17:04:18.774  5189  5955 E ActivityManagerWrapper: get all recent tasks force including 6377
06-06 17:04:18.775  5189  5955 E ActivityManagerWrapper: getRecentTasks: size=7
06-06 17:04:18.775  5189  5955 E ActivityManagerWrapper: getRecentTasks: taskId=6377   userId=0   baseIntent=Intent { act=android.intent.action.MAIN cat=[android.intent.category.LAUNCHER] flg=0x10200000 cmp=com.android.settings/.MainSettings }
06-06 17:04:18.775  5189  5955 E ActivityManagerWrapper: getRecentTasks: taskId=6376   userId=0   baseIntent=Intent { act=android.intent.action.MAIN cat=[android.intent.category.LAUNCHER] flg=0x10200000 cmp=com.android.chrome/com.google.android.apps.chrome.Main }
06-06 17:04:18.775  5189  5955 E ActivityManagerWrapper: getRecentTasks: taskId=6346   userId=0   baseIntent=Intent { flg=0x10800000 cmp=com.android.settings/.Settings$UsbDetailsActivity }
06-06 17:04:18.775  5189  5955 E ActivityManagerWrapper: getRecentTasks: taskId=6331   userId=0   baseIntent=Intent { act=android.intent.action.VIEW cat=[android.intent.category.BROWSABLE] dat=https://drive.google.com/... flg=0x10890400 cmp=android/com.android.internal.app.ResolverActivity }
06-06 17:04:18.775  5189  5955 E ActivityManagerWrapper: getRecentTasks: taskId=6316   userId=0   baseIntent=Intent { flg=0x10800000 cmp=com.google.android.gms/.location.settings.LocationOffWarningActivity }
06-06 17:04:18.775  5189  5955 E ActivityManagerWrapper: getRecentTasks: taskId=6294   userId=0   baseIntent=Intent { act=com.facebook.orca.notify.SECURE_VIEW dat=fb-messenger://groupthreadfbid/4475769485875016 flg=0x10800000 cmp=com.facebook.orca/com.facebook.messenger.intents.SecureIntentHandlerActivity }
06-06 17:04:18.775  5189  5955 E ActivityManagerWrapper: getRecentTasks: taskId=6291   userId=0   baseIntent=Intent { flg=0x18800000 cmp=com.facebook.orca/com.facebook.messaging.sharing.broadcastflow.BroadcastFlowActivity }
06-06 17:04:18.780 19819 19819 D WifiStatusController: do refresh state background.
06-06 17:04:18.781 19819 29918 D WifiStatusController: getWifiState complete .
06-06 17:04:18.796 29887 29906 W System.err: java.lang.NumberFormatException: For input string: "class_color_usb_dialog_text"
06-06 17:04:18.796 29887 29906 W System.err: 	at java.lang.Long.parseLong(Long.java:594)
06-06 17:04:18.796 29887 29906 W System.err: 	at com.android.internal.util.XmlUtils.parseUnsignedIntAttribute(XmlUtils.java:179)
06-06 17:04:18.796 29887 29906 W System.err: 	at com.android.internal.util.XmlUtils.convertValueToUnsignedInt(XmlUtils.java:149)
06-06 17:04:18.796 29887 29906 W System.err: 	at miui.content.res.ThemeValues.parseResourceNonArrayValue(ThemeValues.java:203)
06-06 17:04:18.796 29887 29906 W System.err: 	at miui.content.res.ThemeValues.parseThemeValues(ThemeValues.java:160)
06-06 17:04:18.796 29887 29906 W System.err: 	at miui.content.res.ThemeResources$LoadThemeConfigHelper.load(ThemeResources.java:459)
06-06 17:04:18.796 29887 29906 W System.err: 	at miui.content.res.ThemeZipFile.loadThemeConfigInner(ThemeZipFile.java:274)
06-06 17:04:18.796 29887 29906 W System.err: 	at miui.content.res.ThemeZipFile.loadThemeConfig(ThemeZipFile.java:256)
06-06 17:04:18.796 29887 29906 W System.err: 	at miui.content.res.ThemeResources$LoadThemeConfigHelper.newTarget(ThemeResources.java:452)
06-06 17:04:18.796 29887 29906 W System.err: 	at miui.content.res.ThemeResources.loadThemeValues(ThemeResources.java:471)
06-06 17:04:18.796 29887 29906 W System.err: 	at miui.content.res.ThemeResources.checkUpdate(ThemeResources.java:241)
06-06 17:04:18.796 29887 29906 W System.err: 	at miui.content.res.ThemeResources.<init>(ThemeResources.java:232)
06-06 17:04:18.796 29887 29906 W System.err: 	at miui.content.res.ThemeResourcesPackage.<init>(ThemeResourcesPackage.java:79)
06-06 17:04:18.796 29887 29906 W System.err: 	at miui.content.res.ThemeResourcesPackage.getTopLevelThemeResources(ThemeResourcesPackage.java:69)
06-06 17:04:18.796 29887 29906 W System.err: 	at miui.content.res.ThemeResourcesPackage.getThemeResources(ThemeResourcesPackage.java:40)
06-06 17:04:18.796 29887 29906 W System.err: 	at android.content.res.MiuiResourcesImpl.init(MiuiResourcesImpl.java:342)
06-06 17:04:18.796 29887 29906 W System.err: 	at android.content.res.MiuiResources.init(MiuiResources.java:198)
06-06 17:04:18.796 29887 29906 W System.err: 	at android.miui.ResourcesManager.initMiuiResource(ResourcesManager.java:86)
06-06 17:04:18.796 29887 29906 W System.err: 	at android.app.ApplicationPackageManager.getResourcesForApplication(ApplicationPackageManager.java:1699)
06-06 17:04:18.796 29887 29906 W System.err: 	at com.android.settings.intelligence.suggestions.eligibility.ProviderEligibilityChecker.isEnabledInMetadata(ProviderEligibilityChecker.java:54)
06-06 17:04:18.796 29887 29906 W System.err: 	at com.android.settings.intelligence.suggestions.eligibility.ProviderEligibilityChecker.isEligible(ProviderEligibilityChecker.java:35)
06-06 17:04:18.796 29887 29906 W System.err: 	at com.android.settings.intelligence.suggestions.model.CandidateSuggestion.initIsEligible(CandidateSuggestion.java:145)
06-06 17:04:18.796 29887 29906 W System.err: 	at com.android.settings.intelligence.suggestions.model.CandidateSuggestion.<init>(CandidateSuggestion.java:109)
06-06 17:04:18.796 29887 29906 W System.err: 	at com.android.settings.intelligence.suggestions.SuggestionParser.readSuggestions(SuggestionParser.java:106)
06-06 17:04:18.796 29887 29906 W System.err: 	at com.android.settings.intelligence.suggestions.SuggestionParser.getSuggestions(SuggestionParser.java:88)
06-06 17:04:18.796 29887 29906 W System.err: 	at com.android.settings.intelligence.suggestions.SuggestionFeatureProvider.getSuggestions(SuggestionFeatureProvider.java:49)
06-06 17:04:18.796 29887 29906 W System.err: 	at com.android.settings.intelligence.suggestions.SuggestionService.onGetSuggestions(SuggestionService.java:36)
06-06 17:04:18.796 29887 29906 W System.err: 	at android.service.settings.suggestions.SuggestionService$1.getSuggestions(SuggestionService.java:47)
06-06 17:04:18.796 29887 29906 W System.err: 	at android.service.settings.suggestions.ISuggestionService$Stub.onTransact(ISuggestionService.java:106)
06-06 17:04:18.796 29887 29906 W System.err: 	at android.os.Binder.execTransactInternal(Binder.java:1160)
06-06 17:04:18.796 29887 29906 W System.err: 	at android.os.Binder.execTransact(Binder.java:1129)
06-06 17:04:18.803 29887 29926 I ActivityThread: com.android.settings.suggestions.status acquiringCount 2
06-06 17:04:18.803 29887 29931 I ActivityThread: com.android.settings.suggestions.status acquiringCount 3
06-06 17:04:18.803 29887 29925 I ActivityThread: com.android.settings.suggestions.status acquiringCount 4
06-06 17:04:18.804 29887 29929 I ActivityThread: com.android.settings.suggestions.status acquiringCount 5
06-06 17:04:18.804 29887 29930 I ActivityThread: com.android.settings.suggestions.status acquiringCount 6
06-06 17:04:18.804 29887 29927 I ActivityThread: com.android.settings.suggestions.status acquiringCount 7
06-06 17:04:18.807 19819 29935 D SugstStatusProvider: Suggestion com.android.settings/com.android.settings.notification.zen.ZenSuggestionActivity complete: true
06-06 17:04:18.807 19819 30299 D SugstStatusProvider: Suggestion com.android.settings/com.android.settings.biometrics.fingerprint.FingerprintEnrollSuggestionActivity complete: true
06-06 17:04:18.807 19819 29827 D SugstStatusProvider: Suggestion com.android.settings/com.android.settings.wallpaper.StyleSuggestionActivity complete: false
06-06 17:04:18.807 29887 29926 D CandidateSuggestionFilter: Suggestion state result Bundle[{candidate_is_complete=true}]
06-06 17:04:18.807 29887 30159 D CandidateSuggestionFilter: Suggestion state result Bundle[{candidate_is_complete=true}]
06-06 17:04:18.808 29887 29931 D CandidateSuggestionFilter: Suggestion state result Bundle[{candidate_is_complete=false}]
06-06 17:04:18.808 19819 29827 D SugstStatusProvider: Suggestion com.android.settings/com.android.settings.wifi.calling.WifiCallingSuggestionActivity complete: true
06-06 17:04:18.810 29887 29925 D CandidateSuggestionFilter: Suggestion state result Bundle[{candidate_is_complete=true}]
06-06 17:04:18.813 19819 29827 D SugstStatusProvider: Suggestion com.android.settings/com.android.settings.wallpaper.WallpaperSuggestionActivity complete: true
06-06 17:04:18.813 19819 30299 D SugstStatusProvider: Suggestion com.android.settings/com.android.settings.password.ScreenLockSuggestionActivity complete: true
06-06 17:04:18.814 19819 29935 D SugstStatusProvider: Suggestion com.android.settings/com.android.settings.Settings$NightDisplaySuggestionActivity complete: false
06-06 17:04:18.814 29887 29929 D CandidateSuggestionFilter: Suggestion state result Bundle[{candidate_is_complete=true}]
06-06 17:04:18.814 29887 29930 D CandidateSuggestionFilter: Suggestion state result Bundle[{candidate_is_complete=true}]
06-06 17:04:18.814 29887 29927 D CandidateSuggestionFilter: Suggestion state result Bundle[{candidate_is_complete=false}]
06-06 17:04:18.815 29887 29906 D CandidateSuggestionFilter: filterCandidates duration: 14
06-06 17:04:18.816 29887 29906 D CandidateSuggestion: Metadata null or has no info about summary_uri
06-06 17:04:18.817 29887 29906 I chatty  : uid=10208(com.android.settings.intelligence) Binder:29887_2 identical 1 line
06-06 17:04:18.818 29887 29906 D CandidateSuggestion: Metadata null or has no info about summary_uri
06-06 17:04:18.819 29887 29906 D CandidateSuggestionFilter: filterCandidates duration: 0
06-06 17:04:18.819 29887 29906 D CandidateSuggestionFilter: filterCandidates duration: 0
06-06 17:04:18.823 29887 29906 D CandidateSuggestionFilter: filterCandidates duration: 1
06-06 17:04:18.823 29887 29906 D CandidateSuggestion: Metadata null or has no info about summary_uri
06-06 17:04:18.824 29887 29906 D CandidateSuggestionFilter: filterCandidates duration: 0
06-06 17:04:18.825 29887 29906 I chatty  : uid=10208(com.android.settings.intelligence) Binder:29887_2 identical 1 line
06-06 17:04:18.825 29887 29906 D CandidateSuggestionFilter: filterCandidates duration: 0
06-06 17:04:18.832 29887 29906 I AccountEligibility: com.google.android.gms/com.google.android.gms.wallet.setupwizard.PaymentsSetupWizardActivity requires unavailable account type com.google
06-06 17:04:18.833 29887 29906 D CandidateSuggestionFilter: filterCandidates duration: 1
06-06 17:04:18.833 29887 29906 D CandidateSuggestion: Metadata null or has no info about summary_uri
06-06 17:04:18.834 29887 29906 D CandidateSuggestionFilter: filterCandidates duration: 0
06-06 17:04:18.835 19819 30156 I DeferredSetupHelper: showSuggestionIfNeed: startTime: 1654506258728 endTime: 1654506258835
06-06 17:04:18.835 19819 30156 I DeferredSetupHelper: getSuggestions, size:3
06-06 17:04:18.836 19819 30156 D DeferredSetupHelper: getPendingIntent:Intent { cmp=com.google.android.gms/.trustlet.onbody.discovery.OnbodyPromotionActivity }
06-06 17:04:18.837 19819 30156 D DeferredSetupHelper: getPendingIntent:Intent { cmp=com.google.android.gm/.setup.AccountSetupFinalGmailSuggestions }
06-06 17:04:18.837 19819 30156 D DeferredSetupHelper: getPendingIntent:Intent { cmp=com.android.settings/.Settings$NightDisplaySuggestionActivity }
06-06 17:04:18.863   921   921 W /vendor/bin/hw/vendor.qti.hardware.perf@2.2-service: type=1400 audit(0.0:10458251): avc: denied { search } for comm=41646170744C61756E636820566D name="1803" dev="proc" ino=16164 scontext=u:r:vendor_hal_perf_default:s0 tcontext=u:r:system_server:s0 tclass=dir permissive=0
06-06 17:04:18.863   921   921 W /vendor/bin/hw/vendor.qti.hardware.perf@2.2-service: type=1400 audit(0.0:10458252): avc: denied { search } for comm=41646170744C61756E636820566D name="1814" dev="proc" ino=30632247 scontext=u:r:vendor_hal_perf_default:s0 tcontext=u:r:system_server:s0 tclass=dir permissive=0
06-06 17:04:18.863   921   921 W /vendor/bin/hw/vendor.qti.hardware.perf@2.2-service: type=1400 audit(0.0:10458253): avc: denied { search } for comm=41646170744C61756E636820566D name="1815" dev="proc" ino=30632248 scontext=u:r:vendor_hal_perf_default:s0 tcontext=u:r:system_server:s0 tclass=dir permissive=0
06-06 17:04:18.985   975  1196 I WorkerManager: dispose()
06-06 17:04:18.985   975  1196 W A       : Queue length for executor EventBus is now 11. Perhaps some tasks are too long, or the pool is too small.
06-06 17:04:19.273 29857 29857 I MemoryOptimizationService: start handleMemoryIntent ->
06-06 17:04:19.274 29857 29857 I MemoryOptimizationService: optimized Pkg Name -> com.android.settings
06-06 17:04:19.274 29857 29857 I MemoryOptimizationService: Optimized pacakge map contains key.
06-06 17:04:19.274 29857 29857 I MemoryOptimizationService: Old data is removed [Handler (com.android.settings.services.MemoryOptimizationService$MemoryHandler) {de8f87e}] -> com.android.settings
06-06 17:04:19.274 29857 29857 I MemoryOptimizationService: Send message delayed -> com.android.settings , 30000
06-06 17:04:19.366  5342  5342 D KeyguardUpdateMonitor: received broadcast android.intent.action.BATTERY_CHANGED
06-06 17:04:19.368 10065 10065 I BatteryInfoReceiver: ACTION_BATTERY_CHANGED
06-06 17:04:19.371 11580 11923 D PowerCheckerService: onBatteryChanged, mBatteryLevel = 56, status = 2, level = 56, plug = 2, scale = 100
06-06 17:04:19.408  5683  5683 D DeviceStatisticsService: chargerType=2 batteryLevel=56 totalBatteryCapacity=4802000
06-06 17:04:19.427   911 32324 I WifiHAL : event received NL80211_CMD_VENDOR, vendor_id = 0x1374, subcmd = 0xd
06-06 17:04:19.427  1551  1551 I cnss-daemon: nl80211 response handler invoked
06-06 17:04:19.427  1551  1551 I cnss-daemon: nl80211_response_handler: cmd 103, vendorID 4980, subcmd 13  received
06-06 17:04:19.879   921   921 W /vendor/bin/hw/vendor.qti.hardware.perf@2.2-service: type=1400 audit(0.0:10459844): avc: denied { search } for comm=41646170744C61756E636820566D name="1803" dev="proc" ino=16164 scontext=u:r:vendor_hal_perf_default:s0 tcontext=u:r:system_server:s0 tclass=dir permissive=0
06-06 17:04:19.879   921   921 W /vendor/bin/hw/vendor.qti.hardware.perf@2.2-service: type=1400 audit(0.0:10459845): avc: denied { search } for comm=41646170744C61756E636820566D name="1814" dev="proc" ino=30632247 scontext=u:r:vendor_hal_perf_default:s0 tcontext=u:r:system_server:s0 tclass=dir permissive=0
06-06 17:04:19.879   921   921 W /vendor/bin/hw/vendor.qti.hardware.perf@2.2-service: type=1400 audit(0.0:10459846): avc: denied { search } for comm=41646170744C61756E636820566D name="1815" dev="proc" ino=30632248 scontext=u:r:vendor_hal_perf_default:s0 tcontext=u:r:system_server:s0 tclass=dir permissive=0
06-06 17:04:19.879   921   921 W /vendor/bin/hw/vendor.qti.hardware.perf@2.2-service: type=1400 audit(0.0:10459847): avc: denied { search } for comm=41646170744C61756E636820566D name="1816" dev="proc" ino=30632249 scontext=u:r:vendor_hal_perf_default:s0 tcontext=u:r:system_server:s0 tclass=dir permissive=0
06-06 17:04:19.879   921   921 W /vendor/bin/hw/vendor.qti.hardware.perf@2.2-service: type=1400 audit(0.0:10459849): avc: denied { search } for comm=41646170744C61756E636820566D name="1817" dev="proc" ino=30632250 scontext=u:r:vendor_hal_perf_default:s0 tcontext=u:r:system_server:s0 tclass=dir permissive=0
06-06 17:04:19.934   921  7070 E ANDR-PERF-LM: VmRssMeter:: start() 447: Could not find pid, can not collect vmrss data
06-06 17:04:19.934   921  7071 E ANDR-PERF-LM: VmRssMeter:: start() 447: Could not find pid, can not collect vmrss data
06-06 17:04:19.934   921  7071 E ANDR-PERF-LM: AdaptiveLaunch: writeToDataBase() 64: Meter aborted or could not get meter data for this run
06-06 17:04:20.626  1803  5008 D MiuiNetworkPolicy: updateLimit mLimitEnabled=true,enabled=false,mNetworkPriorityMode=255
06-06 17:04:20.893  1803  2751 D MIUIInput: [MotionEvent] publisher action=0x4, 243494214, channel 'de5e376 NavigationBar0 (server)'
06-06 17:04:20.893  1803  2751 D MIUIInput: [MotionEvent] publisher action=0x0, 243494214, channel '5ea37ad com.android.settings/com.android.settings.MainSettings (server)'
06-06 17:04:20.983  1803  2751 D MIUIInput: [MotionEvent] publisher action=0x1, 243494304, channel '5ea37ad com.android.settings/com.android.settings.MainSettings (server)'
06-06 17:04:20.988  1803  9796 D MiuiMultiWindowAdapter: getFreeformBlackList: Origin Logic
06-06 17:04:20.989  1803  9796 D MiuiMultiWindowAdapter: MiuiMultiWindowAdapter::getFreeformBlackList::sSmallWindowBlackList = [com.miui.securitycenter, com.miui.miservice, com.xiaomi.calendar, com.android.contacts, com.miui.mishare.connectivity, com.android.settings, com.android.printspooler, com.miui.backup, com.miui.huanji, com.miui.calculator, com.android.thememanager, com.mfashiongallery.emag, com.miui.virtualsim, com.miui.smarttravel, com.mi.health, com.android.camera, com.lbe.security.miui, com.miui.cleanmaster, com.miui.newhome, com.miui.voiceassist, com.android.phone, com.miui.yellowpage, com.android.updater, com.miui.tsmclient, com.miui.securitycore, com.xiaomi.account, com.xiaomi.shop, com.mipay.wallet, com.xiaomi.youpin, com.xiaomi.hm.health, com.miui.bugreport, com.xiaomi.mibrain.speech, com.xiaomi.mimoji, com.xiaomi.scanner, com.duokan.phone.remotecontroller, com.miui.hybrid, com.miui.video, com.miui.videoplayer, com.miui.fm, com.miui.packageinstaller, com.mi.android.globallauncher, com.mi.android.globallauncher-poco, com.google.android.dialer, com.google.android.apps.magazines, com.miui.compass, com.miui.greenguard, com.kiteguard, com.google.android.apps.prodcasts, com.google.ar.lens, com.xiangkan.android, com.android.bankabc, com.sohu.inputmethod.sogou, com.tencent.mtt, com.shyz.toutiao, com.netease.mc.mi, com.outfit7.talkingtomgoldrun.mi, com.doudz.mi, com.wepie.snake.new.mi, cn.jj, com.standddz002.mi, com.miHoYo.bh3.mi, com.qqgame.hlddz, com.happyelements.AndroidAnimal, com.minitech.miniworld.TMobile.mi, com.mfp.jelly.xiaomi, com.lilithgames.afk.mi, com.tencent.peng, com.teenpatti.hd.gold, blockpuzzle.jewelgames.jewelslegend, com.playgendary.tanks, com.chillingo.robberybobfree.android.row, com.episodeinteractive.android.catalog, com.playrix.township, com.ansangha.drdriving, com.google.android.youtube, com.gbits.atm.mi, com.tencent.tetris, com.sukhavati.gotoplaying.bubble.BubbleShooter.mint, com.block.puzzle.game.hippo.mi, com.youzu.bs.mi, com.baidu.BaiduMap, com.google.android.googlequicksearchbox, com.appsomniacs.da2, com.android.stk, com.feiyu.carrot3.mi, com.popcap.pvz2cthdxm, com.mxtech.videoplayer.ad, cn.cisc, com.kiloo.subwaysurf, com.cncyj.mostbrain, pdf.tap.scanner, com.og.ttddz.mi, com.ximalaya.ting.lite, com.google.android.apps.podcasts, com.google.android.apps.googleassistant, com.netease.onmyoji.mi, com.netease.onmyoji.bili, com.netease.mrzh.mi, com.netease.mrzh.bili, com.tencent.tmgp.yys.zqb, com.google.android.gm, com.google.android.calendar, com.android.chrome, com.google.android.apps.youtube.music, com.netease.pes.huawei, com.netease.pes.mi, com.netease.pes.bili, com.flyfish.supermario, com.picsart.studio, com.netease.dwrg.mi, com.netease.dwrg.bili, com.netease.dwrg.nearme.gamecenter, com.netease.dwrg, com.netease.dwrg.huawei, com.tencent.tmgp.dwrg, com.netease.dwrg.m4399, com.netease.dwrg.mz, com.netease.dwrg.aligames, com.netease.dwrg.baidu, com.netease.dwrg.qihoo, com.moji.mjweather, com.tencent.tmgp.kof98, com.netease.onmyoji, com.taobao.idlefish, com.ledou.mhhy.mi, com.hzfy.ddzbs.mi, com.qsmy.walkmonkey, com.fy.bzzbc.mi, com.dw.xprqj.mi]
06-06 17:04:20.990   921   921 E ANDR-PERF-MPCTL: Active req limit reached, No optimizations performed
06-06 17:04:20.996  1803  9796 D CompatibilityInfo: mCompatibilityFlags - 0
06-06 17:04:20.996  1803  9796 D CompatibilityInfo: applicationDensity - 440
06-06 17:04:20.996  1803  9796 D CompatibilityInfo: applicationScale - 1.0
06-06 17:04:20.999  1803  9796 D ActivityTrigger: ActivityTrigger activityPauseTrigger
06-06 17:04:21.010   921  1111 W ANDR-PERF-LM: MetaMeter: handlePrimaryAsync() 118: AdaptLaunch MetaMeter. No MeterMgr Available to handle this Primary Async. !!!!
06-06 17:04:21.011   921  1111 W ANDR-PERF-LM: MetaMeter: handlePrimaryAsync() 118: AdaptLaunch MetaMeter. No MeterMgr Available to handle this Primary Async. !!!!
06-06 17:04:21.011   921  1111 E ANDR-PERF-LM: MetaMeter: handleAsync() 166: AdaptLaunch Invalid Async
06-06 17:04:21.012  1803  9796 D CompatibilityInfo: mCompatibilityFlags - 0
06-06 17:04:21.012  1803  9796 D CompatibilityInfo: applicationDensity - 440
06-06 17:04:21.012  1803  9796 D CompatibilityInfo: applicationScale - 1.0
06-06 17:04:21.012  1803  5075 D ProcessManager: skip notify foregroundAppInfo:ApplicationInfo{956962a com.android.settings}
06-06 17:04:21.028 19819 19819 D DecorView[]: getWindowModeFromSystem  windowmode is 1
06-06 17:04:21.028  8866 12214 I com.miui.daemo: oneway function results will be dropped but finished with status OK and parcel size 4
06-06 17:04:21.029  8866 12214 I com.miui.daemo: oneway function results will be dropped but finished with status OK and parcel size 4
06-06 17:04:21.032 19819 19819 E         : setFeedbackRadius failed , e:java.lang.NoSuchMethodException: android.view.View.setFeedbackRadius [float]
06-06 17:04:21.033  1803  9796 D MIUIInput: [FoucsChange]: Display  0 FocusedWindow From Window{5ea37ad mode=0 rootTaskId=6377 u0 com.android.settings/com.android.settings.MainSettings}(1,1)  to null(0,0)
06-06 17:04:21.039 19819 19819 D SettingsActivity: Starting onCreate
06-06 17:04:21.039 19819 19819 D SettingsActivity: Starting to set activity title
06-06 17:04:21.039 19819 19819 D SettingsActivity: Done setting title
06-06 17:04:21.039 19819 19819 D SettingsActivity: Switching to fragment com.android.settings.development.DevelopmentSettingsDashboardFragment
06-06 17:04:21.039 19819 19819 D SubSettings: Launching fragment com.android.settings.development.DevelopmentSettingsDashboardFragment
06-06 17:04:21.053 19819 19819 D PrefCtrlListHelper: Could not find Context-only controller for pref: com.android.settings.development.PowerMonitorToolsPreferenceController
06-06 17:04:21.053 19819 19819 D PrefCtrlListHelper: Could not find Context-only controller for pref: com.android.settings.notification.AssistantCapabilityPreferenceController
06-06 17:04:21.053 19819 19819 D PrefCtrlListHelper: Could not find Context-only controller for pref: com.android.settings.notification.AssistantCapabilityPreferenceController
06-06 17:04:21.053 19819 19819 D PrefCtrlListHelper: Could not find Context-only controller for pref: com.android.settings.security.SecurityEncryptionPreferenceController
06-06 17:04:21.069 19819 19819 V AutofillPreferenceCategory: isAutofillEnabled(): true
06-06 17:04:21.069 19819 19819 V AutofillPreferenceCategory: shouldDisableDependents(): false
06-06 17:04:21.069 19819 19819 V AutofillPreferenceCategory: isAutofillEnabled(): true
06-06 17:04:21.069 19819 19819 V AutofillPreferenceCategory: shouldDisableDependents(): false
06-06 17:04:21.076 19819 19819 V AutofillPreferenceCategory: isAutofillEnabled(): true
06-06 17:04:21.076 19819 19819 V AutofillPreferenceCategory: shouldDisableDependents(): false
06-06 17:04:21.079 19819 19819 V AutofillPreferenceCategory: isAutofillEnabled(): true
06-06 17:04:21.080 19819 19819 V AutofillPreferenceCategory: shouldDisableDependents(): false
06-06 17:04:21.088 19819 19819 D SettingsActivity: Executed frag manager pendingTransactions
06-06 17:04:21.100 19819 19819 E RecommendFilter: getListByPageIndex not found:-1
06-06 17:04:21.106 19819 19819 D FiveGViceSAPreferenceController: displayPreference isViceSaDevelopmentAvailable = false
06-06 17:04:21.108 19819 19819 I BluetoothAbsoluteVolumePreferenceController: persist.vendor.bt.a2dp.absvolfeature is default
06-06 17:04:21.116  5189  5757 D RecentsModel: onTaskStackChangedBackground
06-06 17:04:21.116  5189  5955 D RecentsModel: onTaskStackChangedBackground    MSG_TASK_STACK_CHANGE
06-06 17:04:21.116  5189  5955 D RecentsModel: preloadRecents
06-06 17:04:21.116  5189  5955 W RecentsModel: getRunningTask
06-06 17:04:21.118 19819 30722 W SharedPreferencesLogger: Tried to log unloggable object=Use system preference (Default)
06-06 17:04:21.120  5189  5955 W RecentsModel: getRunningTask   taskInfo=TaskInfo{userId=0 pcFlags:0 stackId=6377 taskId=6377 displayId=0 isRunning=true baseIntent=Intent { act=android.intent.action.MAIN cat=[android.intent.category.LAUNCHER] flg=0x10200000 cmp=com.android.settings/.MainSettings } baseActivity=ComponentInfo{com.android.settings/com.android.settings.MainSettings} topActivity=ComponentInfo{com.android.settings/com.android.settings.SubSettings} origActivity=ComponentInfo{com.android.settings/com.android.settings.MainSettings} realActivity=ComponentInfo{com.android.settings/com.android.settings.MiuiSettings} numActivities=2 lastActiveTime=518533575 supportsSplitScreenMultiWindow=true resizeMode=1 isResizeable=true token=android.window.WindowContainerToken@e4f5628 topActivityType=1 pictureInPictureParams=null topActivityInfo=ActivityInfo{e69e7ed com.android.settings.SubSettings} windowMode=1 requestedOrientation=1
06-06 17:04:21.120 19819 30722 W SharedPreferencesLogger: Tried to log unloggable object=Use system preference (Default)
06-06 17:04:21.120  5189  5955 W RecentsModel: getTaskInfoIgnoreHomeAndFreeform   taskInfo=ComponentInfo{com.android.settings/com.android.settings.MainSettings}
06-06 17:04:21.121  5189  5955 E ActivityManagerWrapper: get all recent tasks force including 6377
06-06 17:04:21.124  5189  5955 E ActivityManagerWrapper: getRecentTasks: size=7
